grocery-store-data.csv
"BASE_PRICE","PRICE","WEEK_END_DATE","STORE_NUM","UPC","MANUFACTURER","DISPLAY","FEATURE","TPR_ONLY","UNITS"
3.23,3.23,40352,"29159","1111087396","PRIVATE LABEL",0,0,0,6
3.09,3.09,40254,"29159","1111087396","PRIVATE LABEL",0,0,0,2
3.33,3.33,40506,"29159","1111087396","PRIVATE LABEL",0,0,0,4
3.3,3.3,39848,"29159","1111087396","PRIVATE LABEL",0,0,0,11
2.99,3.31,40597,"29159","1111087396","PRIVATE LABEL",1,1,0,13
3.23,3.23,40205,"29159","1111087396","PRIVATE LABEL",0,0,0,3
3.34,3.34,40660,"29159","1111087396","PRIVATE LABEL",0,0,0,9
3.13,3.13,40639,"29159","1111087396","PRIVATE LABEL",0,0,0,5
3.34,3.34,39834,"29159","1111087396","PRIVATE LABEL",0,0,0,10
3.34,3.34,40338,"29159","1111087396","PRIVATE LABEL",0,0,0,6
3.3,3.34,39939,"29159","1111087396","PRIVATE LABEL",0,1,0,13
3.31,3.31,40135,"29159","1111087396","PRIVATE LABEL",0,0,0,5
3.34,2.93,40569,"29159","1111087396","PRIVATE LABEL",0,0,1,9
3.34,2.98,40534,"29159","1111087396","PRIVATE LABEL",0,0,1,17
3.67,3.67,40905,"13859","1111087398","PRIVATE LABEL",0,0,0,5
3.67,3.67,40765,"13859","1111087398","PRIVATE LABEL",0,0,0,13
3.66,3.27,40730,"13859","1111087398","PRIVATE LABEL",0,0,1,11
3.27,3.27,40212,"13859","1111087398","PRIVATE LABEL",0,0,0,5
3.5,3.5,40870,"13859","1111087398","PRIVATE LABEL",0,0,0,18
3.3,3.3,40121,"13859","1111087398","PRIVATE LABEL",0,0,0,9
3.34,3.34,40135,"13859","1111087398","PRIVATE LABEL",0,0,0,11
3.23,3.23,39981,"13859","1111087398","PRIVATE LABEL",0,0,0,12
3.29,3.29,39925,"13859","1111087398","PRIVATE LABEL",0,0,0,7
3.26,3.26,40359,"13859","1111087398","PRIVATE LABEL",0,0,0,9
3.34,3.34,39890,"13859","1111087398","PRIVATE LABEL",0,0,0,7
3.3,3.3,40100,"13859","1111087398","PRIVATE LABEL",0,0,0,10
3.26,3.26,40653,"13859","1111087398","PRIVATE LABEL",0,0,0,20
3.23,3.23,40142,"13859","1111087398","PRIVATE LABEL",0,0,0,15
3.34,3.34,40030,"13859","1111087398","PRIVATE LABEL",0,0,0,9
6.49,6.49,40142,"21485","7218063052","TONYS",0,0,0,3
7.29,7.29,40471,"21485","7218063052","TONYS",0,0,0,4
6.06,6.06,40296,"21485","7218063052","TONYS",0,0,0,7
7.29,7.29,40576,"21485","7218063052","TONYS",0,0,0,4
7.29,6.49,40128,"21485","7218063052","TONYS",0,0,1,5
6.79,6.79,39953,"21485","7218063052","TONYS",0,0,0,3
7.29,7.29,40625,"21485","7218063052","TONYS",0,0,0,1
7.29,7.29,40443,"21485","7218063052","TONYS",0,0,0,1
6.79,6.79,39925,"21485","7218063052","TONYS",0,0,0,5
6.49,6.49,40072,"21485","7218063052","TONYS",0,0,0,4
6.79,4.99,40051,"21485","7218063052","TONYS",0,1,0,1
3.3,3.3,40219,"15765","1111087398","PRIVATE LABEL",0,0,0,9
3.3,3.3,40324,"15765","1111087398","PRIVATE LABEL",0,0,0,10
3.53,3.53,40870,"15765","1111087398","PRIVATE LABEL",0,0,0,11
3.26,3.26,40303,"15765","1111087398","PRIVATE LABEL",0,0,0,19
3.3,3.3,39953,"15765","1111087398","PRIVATE LABEL",0,0,0,9
3.27,3.27,40653,"15765","1111087398","PRIVATE LABEL",0,0,0,24
3.3,3.3,40471,"15765","1111087398","PRIVATE LABEL",0,0,0,9
3.73,3.73,40779,"15765","1111087398","PRIVATE LABEL",0,0,0,12
3.9,3.9,40891,"21227","1111087396","PRIVATE LABEL",0,0,0,10
4,4,39960,"21227","1111087396","PRIVATE LABEL",0,0,0,9
3.92,3.92,40044,"21227","1111087396","PRIVATE LABEL",0,0,0,10
4,3.32,39848,"21227","1111087396","PRIVATE LABEL",1,0,0,17
4.73,2.96,40163,"21227","1111087396","PRIVATE LABEL",0,1,0,34
4,4,39981,"21227","1111087396","PRIVATE LABEL",0,0,0,4
3.29,3.29,40506,"21227","1111087396","PRIVATE LABEL",0,0,0,14
4.99,3.93,40709,"21227","1111087396","PRIVATE LABEL",0,0,1,6
4.83,4.83,40205,"21227","1111087396","PRIVATE LABEL",0,0,0,8
4.99,3.46,40723,"21227","1111087396","PRIVATE LABEL",0,1,0,22
4,4,40758,"21227","1111087396","PRIVATE LABEL",0,0,0,11
4,3.12,40457,"21237","1111087395","PRIVATE LABEL",0,0,1,7
3.93,3.93,40765,"21237","1111087395","PRIVATE LABEL",0,0,0,5
3.32,3.32,40499,"21237","1111087395","PRIVATE LABEL",0,0,0,22
3.27,3.29,40527,"21237","1111087395","PRIVATE LABEL",0,1,0,23
3.96,3.96,40751,"21237","1111087395","PRIVATE LABEL",0,0,0,8
5.29,3.46,40744,"21237","1111087395","PRIVATE LABEL",0,0,1,21
4.85,4.85,40212,"21237","1111087395","PRIVATE LABEL",0,0,0,13
4,4,40856,"21237","1111087395","PRIVATE LABEL",0,0,0,8
3.93,3.24,40912,"21237","1111087395","PRIVATE LABEL",0,1,0,14
3.26,3.26,40429,"11967","1111087398","PRIVATE LABEL",0,0,0,9
3.31,3.31,39939,"11967","1111087398","PRIVATE LABEL",0,0,0,13
3.18,3.18,40408,"11967","1111087398","PRIVATE LABEL",0,0,0,8
3.24,3.24,40100,"11967","1111087398","PRIVATE LABEL",0,0,0,10
3.23,3.02,40527,"11967","1111087398","PRIVATE LABEL",0,1,0,12
3.27,3.27,39834,"11967","1111087398","PRIVATE LABEL",0,0,0,25
3.79,3.79,40814,"11967","1111087398","PRIVATE LABEL",0,0,0,6
3.3,3.3,40394,"11967","1111087398","PRIVATE LABEL",0,0,0,10
3.33,3.33,40058,"11967","1111087398","PRIVATE LABEL",0,0,0,4
3.33,3.33,40079,"11967","1111087398","PRIVATE LABEL",0,0,0,9
6.99,4.47,40100,"389","7192100336","TOMBSTONE",1,0,0,32
6.59,6.59,40751,"389","7192100336","TOMBSTONE",0,0,0,3
7.19,7.19,40660,"389","7192100336","TOMBSTONE",0,0,0,4
6.59,6.59,40716,"389","7192100336","TOMBSTONE",0,0,0,8
5.99,5.99,39897,"389","7192100336","TOMBSTONE",0,0,0,9
6.99,5.5,40513,"389","7192100336","TOMBSTONE",0,1,0,10
7.19,4.77,40618,"389","7192100336","TOMBSTONE",1,1,0,54
6.99,4.88,40149,"389","7192100336","TOMBSTONE",0,0,1,29
6.99,5.05,40345,"389","7192100336","TOMBSTONE",1,1,0,65
7.19,4.77,40625,"389","7192100336","TOMBSTONE",1,1,0,35
6.27,6.27,40296,"2277","7218063983","TONYS",0,0,0,15
6.29,6.29,40352,"2277","7218063983","TONYS",0,0,0,13
7.49,5.11,40856,"2277","7218063983","TONYS",1,1,0,37
6.89,6.89,40072,"2277","7218063983","TONYS",0,0,0,3
7.09,4.74,40674,"2277","7218063983","TONYS",0,1,0,60
6.89,6.89,40387,"2277","7218063983","TONYS",0,0,0,13
6.38,4.99,40058,"2277","7218063983","TONYS",1,0,0,31
6.27,6.27,40233,"2277","7218063983","TONYS",0,0,0,30
6.89,4.49,39897,"2277","7218063983","TONYS",1,0,0,37
6.46,6.46,39834,"2277","7218063983","TONYS",0,0,0,13
6.39,4.99,39855,"2277","7218063983","TONYS",1,1,0,28
6.29,6.29,40317,"2277","7218063983","TONYS",0,0,0,18
7.49,4.99,40758,"2277","7218063983","TONYS",1,1,0,35
6.38,5.49,39995,"2277","7218063983","TONYS",0,0,1,12
6.27,5.07,40275,"2277","7218063983","TONYS",1,1,0,23
6.38,6.38,39946,"2277","7218063983","TONYS",0,0,0,11
6.99,6.99,40492,"25027","7192100336","TOMBSTONE",0,0,0,8
5.99,5.49,39904,"25027","7192100336","TOMBSTONE",1,1,0,22
6.99,4.93,40450,"25027","7192100336","TOMBSTONE",0,0,1,26
6.99,4.99,40408,"25027","7192100336","TOMBSTONE",1,1,0,32
6.99,6.99,40198,"25027","7192100336","TOMBSTONE",0,0,0,5
7.19,7.19,40646,"25027","7192100336","TOMBSTONE",0,0,0,10
7.19,4.77,40625,"25027","7192100336","TOMBSTONE",0,1,0,37
7.19,7.19,40653,"25027","7192100336","TOMBSTONE",0,0,0,9
6.99,6.99,40072,"25027","7192100336","TOMBSTONE",0,0,0,6
6.99,6.99,40394,"25027","7192100336","TOMBSTONE",0,0,0,10
5.8,5.8,40905,"25027","7192100336","TOMBSTONE",0,0,0,19
6.99,4.49,40464,"25027","7192100336","TOMBSTONE",1,1,0,72
6.99,5.5,40513,"25027","7192100336","TOMBSTONE",1,1,0,23
6.59,6.59,40394,"4489","7192100339","TOMBSTONE",0,0,0,2
5.49,4.3,40814,"4489","7192100339","TOMBSTONE",1,1,0,29
6.59,6.59,40366,"4489","7192100339","TOMBSTONE",0,0,0,10
6.59,4.99,40205,"4489","7192100339","TOMBSTONE",0,1,0,18
6.59,4.77,40625,"4489","7192100339","TOMBSTONE",1,1,0,25
6.59,6.59,40044,"4489","7192100339","TOMBSTONE",0,0,0,10
6.59,6.59,40275,"4489","7192100339","TOMBSTONE",0,0,0,6
6.39,6.39,39862,"4489","7192100339","TOMBSTONE",0,0,0,13
5.27,5.27,40842,"4489","7192100339","TOMBSTONE",0,0,0,11
6.59,5.19,40002,"4489","7192100339","TOMBSTONE",0,1,0,8
6.59,6.59,40310,"4489","7192100339","TOMBSTONE",0,0,0,9
6.59,6.59,40177,"4489","7192100339","TOMBSTONE",0,0,0,9
7.49,7.49,40044,"26983","7192100337","TOMBSTONE",1,0,0,18
6.99,6.99,40219,"26983","7192100337","TOMBSTONE",0,0,0,54
6.41,5.03,40009,"26983","7192100337","TOMBSTONE",1,1,0,68
6.99,6.99,40233,"26983","7192100337","TOMBSTONE",0,0,0,38
6.99,6.99,40275,"26983","7192100337","TOMBSTONE",0,0,0,16
5.99,5.99,39883,"26983","7192100337","TOMBSTONE",0,0,0,49
6.99,4.49,40471,"26983","7192100337","TOMBSTONE",1,1,0,81
6.59,5.03,40737,"26983","7192100337","TOMBSTONE",0,1,0,42
6.29,6.29,39953,"26983","7192100337","TOMBSTONE",0,0,0,14
6.59,5.78,40709,"26983","7192100337","TOMBSTONE",1,1,0,58
6.99,4.51,40079,"26983","7192100337","TOMBSTONE",0,1,0,118
6.99,6.99,40366,"26983","7192100337","TOMBSTONE",0,0,0,15
6.99,6.99,40401,"26983","7192100337","TOMBSTONE",0,0,0,38
6.99,6.99,40317,"26983","7192100337","TOMBSTONE",0,0,0,14
5.29,3.88,40695,"8041","1111087395","PRIVATE LABEL",0,0,1,8
5.29,3.25,40604,"8041","1111087395","PRIVATE LABEL",0,0,1,4
4.42,4.42,40205,"8041","1111087395","PRIVATE LABEL",0,0,0,4
4.89,4.89,40086,"8041","1111087395","PRIVATE LABEL",0,0,0,3
4.79,3.79,40282,"8041","1111087395","PRIVATE LABEL",0,0,1,1
4.63,4.63,40324,"8041","1111087395","PRIVATE LABEL",0,0,0,3
4.79,4.13,40310,"8041","1111087395","PRIVATE LABEL",0,0,1,6
4,3.26,40471,"8041","1111087395","PRIVATE LABEL",0,0,1,4
4,4,40905,"8041","1111087395","PRIVATE LABEL",0,0,0,1
4,3.22,40457,"25001","1111087398","PRIVATE LABEL",0,0,1,11
3.94,3.94,40429,"25001","1111087398","PRIVATE LABEL",0,0,0,27
5.23,3.59,40625,"25001","1111087398","PRIVATE LABEL",0,0,1,15
4.79,3.98,40408,"25001","1111087398","PRIVATE LABEL",0,0,1,24
3.96,3.96,40786,"25001","1111087398","PRIVATE LABEL",0,0,0,4
4.83,4.83,40065,"25001","1111087398","PRIVATE LABEL",0,0,0,18
3.44,3.44,40499,"25001","1111087398","PRIVATE LABEL",0,0,0,19
4.76,4.76,40359,"25001","1111087398","PRIVATE LABEL",0,0,0,15
4.77,4.77,40156,"25001","1111087398","PRIVATE LABEL",0,0,0,23
4.89,4.89,40128,"25001","1111087398","PRIVATE LABEL",0,0,0,17
3.93,3.93,39890,"25001","1111087398","PRIVATE LABEL",0,0,0,18
4.79,4.79,40331,"25001","1111087398","PRIVATE LABEL",0,0,0,11
6.99,6.99,40072,"23061","7192100337","TOMBSTONE",0,0,0,7
7.19,7.19,40604,"23061","7192100337","TOMBSTONE",0,0,0,8
6.99,6.99,40282,"23061","7192100337","TOMBSTONE",0,0,0,11
6.99,4.47,40254,"23061","7192100337","TOMBSTONE",1,1,0,24
6.99,4.99,40583,"23061","7192100337","TOMBSTONE",1,1,0,83
7.49,7.49,40037,"23061","7192100337","TOMBSTONE",0,0,0,4
5.64,5.64,40828,"23061","7192100337","TOMBSTONE",0,0,0,12
6.99,6.99,40541,"23061","7192100337","TOMBSTONE",0,0,0,15
6.99,6.99,40289,"23061","7192100337","TOMBSTONE",0,0,0,7
7.49,7.49,40023,"23061","7192100337","TOMBSTONE",0,0,0,3
6.99,4.47,40261,"23061","7192100337","TOMBSTONE",1,1,0,95
6.29,6.29,39855,"23061","7192100337","TOMBSTONE",0,0,0,8
7.49,7.49,40849,"8263","7218063052","TONYS",0,0,0,5
7.49,7.49,40660,"8263","7218063052","TONYS",0,0,0,4
6.79,6.79,39946,"8263","7218063052","TONYS",0,0,0,7
6.79,6.79,39904,"8263","7218063052","TONYS",0,0,0,3
7.29,7.29,40492,"8263","7218063052","TONYS",0,0,0,4
6.89,5.49,39995,"8263","7218063052","TONYS",0,0,1,11
6.79,4.58,39897,"8263","7218063052","TONYS",0,1,0,32
7.89,7.89,40772,"8263","7218063052","TONYS",0,0,0,5
6.99,6.99,40905,"8263","7218063052","TONYS",0,0,0,2
7.49,7.49,40702,"19521","7218063979","TONYS",0,0,0,3
7.29,7.29,40548,"19521","7218063979","TONYS",0,0,0,3
7.89,7.89,40772,"19521","7218063979","TONYS",0,0,0,1
6.89,5.29,40366,"19521","7218063979","TONYS",0,0,1,2
6.79,5.76,40058,"19521","7218063979","TONYS",1,0,0,3
6.79,6.79,39946,"19521","7218063979","TONYS",0,0,0,2
7.49,7.49,40786,"19521","7218063979","TONYS",0,0,0,3
7.49,7.49,40793,"19521","7218063979","TONYS",0,0,0,1
6.76,5.15,40100,"19521","7218063979","TONYS",1,1,0,14
6.49,6.49,40170,"19521","7218063979","TONYS",0,0,0,5
6.29,5.29,39967,"28909","7192100336","TOMBSTONE",0,1,0,5
6.29,6.29,39981,"28909","7192100336","TOMBSTONE",0,0,0,7
6.99,4.53,40086,"28909","7192100336","TOMBSTONE",1,1,0,40
6.29,6.29,39932,"28909","7192100336","TOMBSTONE",0,0,0,6
7.19,4.81,40618,"28909","7192100336","TOMBSTONE",1,1,0,59
7.49,7.49,40030,"28909","7192100336","TOMBSTONE",0,0,0,1
6.29,6.29,39995,"28909","7192100336","TOMBSTONE",0,0,0,10
6.99,6.99,40184,"28909","7192100336","TOMBSTONE",0,0,0,5
5.8,5.09,40912,"28909","7192100336","TOMBSTONE",0,1,0,37
7.19,7.19,40660,"28909","7192100336","TOMBSTONE",0,0,0,2
6.29,6.29,39974,"28909","7192100336","TOMBSTONE",0,0,0,5
6.99,6.99,40191,"28909","7192100336","TOMBSTONE",0,0,0,8
6.89,6.89,40674,"21213","7192100336","TOMBSTONE",0,0,0,5
6.99,6.99,40401,"21213","7192100336","TOMBSTONE",0,0,0,5
6.99,6.99,40296,"21213","7192100336","TOMBSTONE",0,0,0,2
6.99,4.99,40408,"21213","7192100336","TOMBSTONE",0,1,0,12
6.99,6.99,40394,"21213","7192100336","TOMBSTONE",0,0,0,1
5.99,5.49,39911,"21213","7192100336","TOMBSTONE",0,1,0,2
6.99,4.49,40464,"21213","7192100336","TOMBSTONE",0,1,0,19
6.99,5.19,40429,"21213","7192100336","TOMBSTONE",1,0,0,10
6.59,6.59,40527,"4489","7192100337","TOMBSTONE",0,0,0,6
6.59,6.59,40324,"4489","7192100337","TOMBSTONE",0,0,0,7
6.59,6.59,40317,"4489","7192100337","TOMBSTONE",0,0,0,9
6.59,4.99,40576,"4489","7192100337","TOMBSTONE",1,0,0,15
6.59,6.59,39939,"4489","7192100337","TOMBSTONE",0,0,0,11
6.59,4.47,40247,"4489","7192100337","TOMBSTONE",0,1,0,29
6.59,6.59,40282,"4489","7192100337","TOMBSTONE",0,0,0,9
6.59,6.59,40065,"4489","7192100337","TOMBSTONE",0,0,0,8
6.59,6.59,40107,"4489","7192100337","TOMBSTONE",0,0,0,7
6.39,6.39,39869,"4489","7192100337","TOMBSTONE",0,0,0,5
6.59,6.59,40303,"4489","7192100337","TOMBSTONE",0,0,0,9
6.59,6.59,40296,"4489","7192100337","TOMBSTONE",0,0,0,5
6.59,4.99,40415,"4489","7192100337","TOMBSTONE",1,1,0,29
6.59,4.99,40345,"4489","7192100337","TOMBSTONE",1,1,0,15
5.49,5.49,40793,"4489","7192100337","TOMBSTONE",0,0,0,11
6.89,6.89,40548,"23061","7218063052","TONYS",0,0,0,4
6.89,6.89,40065,"23061","7218063052","TONYS",0,0,0,1
6.27,6.27,40247,"23061","7218063052","TONYS",0,0,0,6
6.38,6.38,39988,"23061","7218063052","TONYS",0,0,0,4
6.89,6.89,40471,"23061","7218063052","TONYS",0,0,0,5
6.38,5.49,40016,"23061","7218063052","TONYS",0,0,1,12
7.49,4.99,40758,"23061","7218063052","TONYS",0,1,0,30
7.49,7.49,40744,"23061","7218063052","TONYS",0,0,0,3
6.27,6.27,40289,"23061","7218063052","TONYS",0,0,0,5
6.39,6.39,39869,"8263","7192100339","TOMBSTONE",0,0,0,11
6.48,4.99,40408,"8263","7192100339","TOMBSTONE",1,1,0,32
6.59,6.59,40212,"8263","7192100339","TOMBSTONE",0,0,0,19
6.56,5.27,40688,"8263","7192100339","TOMBSTONE",0,0,1,18
6.59,6.59,40226,"8263","7192100339","TOMBSTONE",0,0,0,28
6.59,6.59,40065,"8263","7192100339","TOMBSTONE",0,0,0,7
6.59,6.59,39974,"8263","7192100339","TOMBSTONE",0,0,0,18
6.59,6.59,40562,"8263","7192100339","TOMBSTONE",0,0,0,10
4,4,39967,"21213","1111087398","PRIVATE LABEL",0,0,0,12
4.71,4.71,40296,"21213","1111087398","PRIVATE LABEL",0,0,0,6
4.72,4.72,40247,"21213","1111087398","PRIVATE LABEL",0,0,0,13
4.79,3.83,40394,"21213","1111087398","PRIVATE LABEL",0,0,1,7
4.14,4.14,39981,"21213","1111087398","PRIVATE LABEL",0,0,0,9
4.79,4.79,40576,"21213","1111087398","PRIVATE LABEL",0,0,0,1
3.89,3.89,40779,"21213","1111087398","PRIVATE LABEL",0,0,0,9
3.96,5.03,40681,"21213","1111087398","PRIVATE LABEL",1,0,0,2
4.79,4,40408,"21213","1111087398","PRIVATE LABEL",0,0,1,7
4.79,4.79,40352,"21213","1111087398","PRIVATE LABEL",0,0,0,2
3.58,3.58,40485,"21213","1111087398","PRIVATE LABEL",0,0,0,8
3.24,3.24,40534,"21213","1111087398","PRIVATE LABEL",0,0,0,16
4.82,3.03,40177,"21213","1111087398","PRIVATE LABEL",0,1,0,29
3.78,3.78,40443,"21213","1111087398","PRIVATE LABEL",0,0,0,9
4.79,3.43,40590,"21213","1111087398","PRIVATE LABEL",1,0,0,16
3.91,3.91,40800,"21213","1111087398","PRIVATE LABEL",0,0,0,16
3.9,3.31,39932,"21213","1111087398","PRIVATE LABEL",1,0,0,15
4.7,4.7,40142,"15531","1111087398","PRIVATE LABEL",0,0,0,13
3.87,3.87,40842,"15531","1111087398","PRIVATE LABEL",0,0,0,15
3.92,3.37,40058,"15531","1111087398","PRIVATE LABEL",0,0,1,17
3.98,3.98,40779,"15531","1111087398","PRIVATE LABEL",0,0,0,23
4.69,4,40394,"15531","1111087398","PRIVATE LABEL",0,0,1,5
4,4,40023,"15531","1111087398","PRIVATE LABEL",0,0,0,11
4.79,4.79,40226,"15531","1111087398","PRIVATE LABEL",0,0,0,11
4.78,4.78,40065,"15531","1111087398","PRIVATE LABEL",0,0,0,18
4.81,2.96,40163,"15531","1111087398","PRIVATE LABEL",1,1,0,74
3.93,3.93,39862,"15531","1111087398","PRIVATE LABEL",0,0,0,24
3.95,3.95,40009,"15531","1111087398","PRIVATE LABEL",0,0,0,25
5.49,5.49,40779,"25261","7192100337","TOMBSTONE",0,0,0,8
5.27,5.27,40898,"25261","7192100337","TOMBSTONE",0,0,0,19
5.49,5.49,40793,"25261","7192100337","TOMBSTONE",0,0,0,13
6.59,6.59,40233,"25261","7192100337","TOMBSTONE",0,0,0,14
6.79,5,40730,"25261","7192100337","TOMBSTONE",1,1,0,20
6.29,6.29,39848,"25261","7192100337","TOMBSTONE",0,0,0,3
6.59,6.59,40394,"25261","7192100337","TOMBSTONE",0,0,0,4
6.59,6.59,40198,"25261","7192100337","TOMBSTONE",0,0,0,9
6.59,6.59,39953,"25261","7192100337","TOMBSTONE",0,0,0,7
5.49,5.32,40814,"25261","7192100337","TOMBSTONE",1,1,0,23
6.29,6.09,39827,"2523","7192100336","TOMBSTONE",0,1,0,8
6.59,6.59,40646,"2523","7192100336","TOMBSTONE",1,0,0,8
6.59,6.59,40233,"2523","7192100336","TOMBSTONE",0,0,0,5
6.39,6.39,40212,"2523","7192100336","TOMBSTONE",0,0,0,8
6.79,5.02,40730,"2523","7192100336","TOMBSTONE",1,1,0,19
6.59,6.59,40380,"2523","7192100336","TOMBSTONE",0,0,0,4
5.64,5.42,40814,"2523","7192100336","TOMBSTONE",1,1,0,20
5.8,5.5,40877,"2523","7192100336","TOMBSTONE",0,1,0,12
6.59,4.99,40352,"2523","7192100336","TOMBSTONE",1,1,0,19
6.59,4.54,40261,"2523","7192100336","TOMBSTONE",1,1,0,31
6.59,5.09,40408,"2523","7192100336","TOMBSTONE",1,1,0,30
6.59,6.59,40240,"2523","7192100336","TOMBSTONE",0,0,0,2
6.59,6.59,40044,"2523","7192100336","TOMBSTONE",0,0,0,9
6.59,6.59,40324,"2523","7192100336","TOMBSTONE",0,0,0,5
3.98,3.98,40660,"6187","1111087398","PRIVATE LABEL",0,0,0,24
3.96,3.96,40023,"6187","1111087398","PRIVATE LABEL",0,0,0,34
3.94,3.31,39932,"6187","1111087398","PRIVATE LABEL",1,0,0,45
3.98,3.98,40842,"6187","1111087398","PRIVATE LABEL",0,0,0,20
3.92,3.28,39848,"6187","1111087398","PRIVATE LABEL",0,0,1,68
4.84,4.84,40212,"6187","1111087398","PRIVATE LABEL",0,0,0,10
3.89,3.47,40051,"6187","1111087398","PRIVATE LABEL",1,1,0,50
3.25,3.25,40506,"6187","1111087398","PRIVATE LABEL",0,0,0,34
