grocery-store-data.csv
"BASE_PRICE","PRICE","WEEK_END_DATE","STORE_NUM","UPC","MANUFACTURER","DISPLAY","FEATURE","TPR_ONLY","UNITS"
3.31,3.31,39932,"25261","1111087398","PRIVATE LABEL",0,0,0,14
3.28,3.23,40667,"25261","1111087398","PRIVATE LABEL",1,1,0,26
3.77,3.77,40807,"25261","1111087398","PRIVATE LABEL",0,0,0,20
3.61,3.61,40856,"25261","1111087398","PRIVATE LABEL",0,0,0,19
3.32,3.32,40422,"25261","1111087398","PRIVATE LABEL",0,0,0,21
3.67,3.67,40800,"25261","1111087398","PRIVATE LABEL",0,0,0,23
3.26,3.26,39995,"25261","1111087398","PRIVATE LABEL",0,0,0,13
3.33,3.33,40366,"25261","1111087398","PRIVATE LABEL",0,0,0,23
2.93,3.24,40597,"25261","1111087398","PRIVATE LABEL",1,1,0,35
3.28,3.29,39988,"25261","1111087398","PRIVATE LABEL",1,0,0,47
3.74,3.74,40786,"25261","1111087398","PRIVATE LABEL",0,0,0,12
7.49,5.41,40863,"23327","7218063983","TONYS",0,1,0,6
7.29,6.49,40086,"23327","7218063983","TONYS",0,0,1,2
7.29,6.49,40079,"23327","7218063983","TONYS",0,0,1,2
6.49,6.49,40226,"23327","7218063983","TONYS",0,0,0,2
6.49,6.49,40233,"23327","7218063983","TONYS",0,0,0,1
6.79,6.79,39981,"23327","7218063983","TONYS",0,0,0,1
6.49,6.49,40205,"23327","7218063983","TONYS",0,0,0,1
7.29,7.29,40513,"23327","7218063983","TONYS",0,0,0,3
6.99,4.99,40457,"11757","7192100339","TOMBSTONE",0,0,1,36
6.99,4.49,40464,"11757","7192100339","TOMBSTONE",1,1,0,74
6.99,6.99,40114,"11757","7192100339","TOMBSTONE",0,0,0,12
6.29,4.99,40002,"11757","7192100339","TOMBSTONE",0,1,0,53
6.29,6.29,39939,"11757","7192100339","TOMBSTONE",0,0,0,17
6.99,6.99,40121,"11757","7192100339","TOMBSTONE",0,0,0,16
5.99,5.99,39897,"11757","7192100339","TOMBSTONE",0,0,0,21
6.77,6.77,40359,"11757","7192100339","TOMBSTONE",0,0,0,9
5.8,5.8,40891,"11757","7192100339","TOMBSTONE",0,0,0,22
6.99,6.99,40072,"11757","7192100339","TOMBSTONE",0,0,0,23
6.99,6.99,40387,"11757","7192100339","TOMBSTONE",0,0,0,9
6.59,5.64,40758,"11757","7192100339","TOMBSTONE",0,0,1,17
5.8,5.8,40863,"11757","7192100339","TOMBSTONE",0,0,0,25
6.99,4.99,40345,"11757","7192100339","TOMBSTONE",1,1,0,59
6.59,6.59,40695,"11757","7192100339","TOMBSTONE",0,0,0,10
6.99,6.99,40905,"2505","2066200530","KING",0,0,0,1
5.99,5.99,40387,"2505","2066200530","KING",0,0,0,5
5.99,5.99,40499,"2505","2066200530","KING",0,0,0,1
5.99,5.99,40632,"2505","2066200530","KING",0,0,0,3
6.49,6.49,40233,"2505","2066200530","KING",0,0,0,1
6.49,6.49,40296,"2505","2066200530","KING",0,0,0,1
5.99,5.99,40485,"2505","2066200530","KING",0,0,0,2
6.49,6.49,40240,"2505","2066200530","KING",0,0,0,1
5.99,5.99,40674,"2505","2066200530","KING",0,0,0,4
7.29,7.29,40597,"17627","7218063979","TONYS",0,0,0,5
7.29,4.49,40485,"17627","7218063979","TONYS",1,1,0,18
7.29,7.29,40471,"17627","7218063979","TONYS",0,0,0,3
7.89,7.89,40744,"17627","7218063979","TONYS",0,0,0,2
6.49,6.49,40212,"17627","7218063979","TONYS",0,0,0,2
5.49,5.49,40002,"17627","7218063979","TONYS",0,0,0,3
6.79,4.49,39890,"17627","7218063979","TONYS",1,1,0,53
7.49,7.49,40786,"17627","7218063979","TONYS",0,0,0,1
7.29,4.99,40562,"17627","7218063979","TONYS",0,1,0,11
6.49,6.49,40331,"17627","7218063979","TONYS",0,0,0,1
7.29,4.99,40569,"17627","7218063979","TONYS",0,1,0,5
6.59,6.59,40359,"11967","7192100339","TOMBSTONE",0,0,0,6
5.49,5.49,40765,"11967","7192100339","TOMBSTONE",0,1,0,20
5.27,5.27,40884,"11967","7192100339","TOMBSTONE",0,0,0,13
5.27,5.27,40905,"11967","7192100339","TOMBSTONE",0,0,0,10
6.59,6.59,40653,"11967","7192100339","TOMBSTONE",0,0,0,9
5.27,5.27,40842,"11967","7192100339","TOMBSTONE",0,0,0,6
6.59,6.59,40107,"11967","7192100339","TOMBSTONE",0,0,0,11
5.49,5.49,40751,"11967","7192100339","TOMBSTONE",0,0,0,10
6.39,6.39,39869,"11967","7192100339","TOMBSTONE",0,0,0,6
6.59,6.59,39988,"11967","7192100339","TOMBSTONE",0,0,0,11
6.59,6.59,40499,"11967","7192100339","TOMBSTONE",0,0,0,10
5.27,5.27,40849,"11967","7192100339","TOMBSTONE",0,0,0,11
6.59,4.67,40254,"11967","7192100339","TOMBSTONE",1,0,0,8
5.99,5.99,39883,"11967","7192100339","TOMBSTONE",0,0,0,19
3.34,3.34,40065,"29159","1111087395","PRIVATE LABEL",0,0,0,7
3.34,3.34,39995,"29159","1111087395","PRIVATE LABEL",0,0,0,9
3.33,3.33,40002,"29159","1111087395","PRIVATE LABEL",0,0,0,5
3.79,3.79,40821,"29159","1111087395","PRIVATE LABEL",0,0,0,5
2.95,3.31,40191,"29159","1111087395","PRIVATE LABEL",1,0,0,14
2.96,2.96,40513,"29159","1111087395","PRIVATE LABEL",0,0,0,8
3.34,3.34,40338,"29159","1111087395","PRIVATE LABEL",0,0,0,4
3.38,3.38,40891,"29159","1111087395","PRIVATE LABEL",0,0,0,5
3.34,3.34,40471,"29159","1111087395","PRIVATE LABEL",0,0,0,5
3.79,3.79,40758,"29159","1111087395","PRIVATE LABEL",0,0,0,6
3.34,2.76,40303,"29159","1111087395","PRIVATE LABEL",0,0,1,11
3.4,3.4,40492,"9825","1111087395","PRIVATE LABEL",0,0,0,16
4,4,39890,"9825","1111087395","PRIVATE LABEL",0,0,0,8
5.29,5.29,40583,"9825","1111087395","PRIVATE LABEL",0,0,0,1
4.89,4.89,40135,"9825","1111087395","PRIVATE LABEL",0,0,0,4
4.73,4.73,40072,"9825","1111087395","PRIVATE LABEL",0,0,0,6
4.79,3.71,40282,"9825","1111087395","PRIVATE LABEL",0,0,1,3
3.72,3.42,40051,"9825","1111087395","PRIVATE LABEL",1,1,0,10
3.31,3.29,40548,"9825","1111087395","PRIVATE LABEL",1,0,0,7
5.29,5.29,40674,"9825","1111087395","PRIVATE LABEL",0,0,0,4
4,4,40639,"9825","1111087395","PRIVATE LABEL",0,0,0,10
6.99,4.47,40093,"26973","7192100336","TOMBSTONE",1,0,0,26
6.99,6.99,40387,"26973","7192100336","TOMBSTONE",0,0,0,2
6.99,6.99,40233,"26973","7192100336","TOMBSTONE",0,0,0,4
6.59,5.8,40898,"26973","7192100336","TOMBSTONE",1,0,0,13
6.99,5.5,40513,"26973","7192100336","TOMBSTONE",1,1,0,6
6.29,6.29,39862,"26973","7192100336","TOMBSTONE",0,0,0,5
6.59,6.59,40751,"26973","7192100336","TOMBSTONE",0,0,0,1
5.99,5.49,39904,"26973","7192100336","TOMBSTONE",0,1,0,1
6.99,4.99,40450,"26973","7192100336","TOMBSTONE",0,0,1,12
7.19,7.19,40604,"26973","7192100336","TOMBSTONE",0,0,0,4
6.46,4.99,39862,"21227","7218063983","TONYS",1,0,0,39
7.09,7.09,40695,"21227","7218063983","TONYS",0,0,0,5
6.89,4.49,39890,"21227","7218063983","TONYS",1,1,0,48
6.38,5.49,40002,"21227","7218063983","TONYS",0,0,1,4
7.49,7.49,40814,"21227","7218063983","TONYS",0,0,0,4
6.27,4.99,40303,"21227","7218063983","TONYS",1,1,0,46
6.89,4.49,39883,"21227","7218063983","TONYS",1,1,0,60
5.9,5.9,40359,"21227","7218063983","TONYS",0,0,0,10
6.27,6.27,40233,"21227","7218063983","TONYS",0,0,0,13
6.38,6.38,40156,"21227","7218063983","TONYS",0,0,0,5
6.89,6.89,40492,"21227","7218063983","TONYS",0,0,0,3
3.18,3.18,39883,"12011","1111087398","PRIVATE LABEL",0,0,0,13
3.17,3.17,40695,"12011","1111087398","PRIVATE LABEL",0,0,0,20
3.21,3.21,40128,"12011","1111087398","PRIVATE LABEL",0,0,0,11
2.91,2.91,40555,"12011","1111087398","PRIVATE LABEL",0,0,0,36
2.94,2.94,40548,"12011","1111087398","PRIVATE LABEL",0,0,0,10
3.2,3.2,40660,"12011","1111087398","PRIVATE LABEL",0,0,0,18
3.34,3.26,39939,"12011","1111087398","PRIVATE LABEL",1,1,0,55
3.3,3.3,40296,"12011","1111087398","PRIVATE LABEL",0,0,0,18
3.69,3.69,40716,"12011","1111087398","PRIVATE LABEL",0,0,0,19
3.24,3.24,40422,"12011","1111087398","PRIVATE LABEL",0,0,0,11
3.27,3.27,40079,"12011","1111087398","PRIVATE LABEL",0,0,0,15
6.49,6.49,40156,"6379","7218063052","TONYS",0,0,0,6
6.49,6.49,40093,"6379","7218063052","TONYS",0,0,0,3
6.15,5.51,40366,"6379","7218063052","TONYS",0,0,1,9
7.49,7.49,40884,"6379","7218063052","TONYS",0,0,0,4
7.29,6.49,40233,"6379","7218063052","TONYS",0,0,1,11
6.79,6.79,39953,"6379","7218063052","TONYS",0,0,0,5
7.29,7.29,40408,"6379","7218063052","TONYS",0,0,0,5
7.22,7.22,40044,"6379","7218063052","TONYS",0,0,0,7
6.49,6.49,40170,"6379","7218063052","TONYS",0,0,0,8
6.49,6.49,40163,"4489","7218063052","TONYS",0,0,0,5
6.79,6.79,39848,"4489","7218063052","TONYS",0,0,0,3
6.79,6.79,39911,"4489","7218063052","TONYS",0,0,0,3
6.49,6.49,40387,"4489","7218063052","TONYS",0,0,0,4
6.92,6.92,39918,"4489","7218063052","TONYS",0,0,0,4
6.49,3.99,40191,"4489","7218063052","TONYS",1,1,0,27
7.49,5.29,40863,"4489","7218063052","TONYS",1,1,0,5
7.29,4.99,40562,"4489","7218063052","TONYS",1,1,0,10
6.79,6.79,39974,"4489","7218063052","TONYS",0,0,0,5
6.49,6.49,40205,"4489","7218063052","TONYS",0,0,0,2
7.29,4.49,40520,"4489","7218063052","TONYS",1,1,0,22
5.27,5.27,40828,"6379","7192100336","TOMBSTONE",0,0,0,13
6.59,5.49,40135,"6379","7192100336","TOMBSTONE",0,1,0,13
6.59,6.59,40359,"6379","7192100336","TOMBSTONE",0,0,0,4
6.59,6.59,39981,"6379","7192100336","TOMBSTONE",0,0,0,3
6.59,6.59,40184,"6379","7192100336","TOMBSTONE",0,0,0,13
6.59,4.99,40576,"6379","7192100336","TOMBSTONE",1,0,0,20
6.59,5.09,40205,"6379","7192100336","TOMBSTONE",0,1,0,16
6.59,6.59,40030,"6379","7192100336","TOMBSTONE",0,0,0,15
6.59,6.59,40058,"6379","7192100336","TOMBSTONE",0,0,0,3
6.89,4.49,40457,"21227","7218063052","TONYS",1,1,0,48
6.89,6.89,39876,"21227","7218063052","TONYS",0,0,0,5
7.09,7.09,40632,"21227","7218063052","TONYS",0,0,0,6
6.38,6.38,40128,"21227","7218063052","TONYS",0,0,0,6
6.89,6.89,40506,"21227","7218063052","TONYS",0,0,0,8
7.49,7.49,40772,"21227","7218063052","TONYS",0,0,0,5
6.89,6.89,40387,"21227","7218063052","TONYS",0,0,0,5
7.49,7.49,40779,"21227","7218063052","TONYS",0,0,0,7
6.46,4.99,39855,"21227","7218063052","TONYS",1,1,0,37
6.38,6.38,40023,"21227","7218063052","TONYS",0,0,0,10
6.99,5.11,40912,"21227","7218063052","TONYS",0,1,0,18
6.89,6.89,40604,"15541","7218063983","TONYS",0,0,0,2
6.27,6.27,40226,"15541","7218063983","TONYS",0,0,0,9
7.49,7.49,40898,"15541","7218063983","TONYS",0,0,0,4
6.27,4.99,40303,"15541","7218063983","TONYS",1,1,0,13
7.09,7.09,40646,"15541","7218063983","TONYS",0,0,0,3
6.27,6.27,40219,"15541","7218063983","TONYS",0,0,0,10
6.29,6.29,40324,"15541","7218063983","TONYS",0,0,0,3
6.89,6.89,40597,"15541","7218063983","TONYS",0,0,0,3
6.38,6.38,40135,"15541","7218063983","TONYS",0,0,0,8
6.49,4.99,40303,"623","7218063983","TONYS",1,1,0,15
7.29,6.49,40114,"623","7218063983","TONYS",0,0,1,3
7.49,4.99,40681,"623","7218063983","TONYS",1,1,0,3
6.49,6.49,40177,"623","7218063983","TONYS",0,0,0,4
6.79,6.79,39974,"623","7218063983","TONYS",0,0,0,1
7.49,7.49,40646,"623","7218063983","TONYS",0,0,0,2
7.29,7.29,40464,"623","7218063983","TONYS",1,0,0,2
7.29,7.29,40429,"623","7218063983","TONYS",0,0,0,4
6.89,6.89,40394,"623","7218063983","TONYS",0,0,0,2
7.29,7.29,40548,"623","7218063983","TONYS",0,0,0,2
7.29,7.29,40583,"623","7218063983","TONYS",0,0,0,3
7.29,4.49,40520,"623","7218063983","TONYS",0,1,0,10
7.29,7.29,40513,"623","7218063983","TONYS",0,0,0,5
6.79,6.79,40030,"623","7218063983","TONYS",0,0,0,4
6.36,5.49,40002,"623","7218063983","TONYS",0,0,1,1
3.27,3.27,40506,"24991","1111087395","PRIVATE LABEL",0,0,0,19
4.89,4.89,40100,"24991","1111087395","PRIVATE LABEL",0,0,0,2
5.29,5.29,40576,"24991","1111087395","PRIVATE LABEL",0,0,0,8
4.92,4.92,40065,"24991","1111087395","PRIVATE LABEL",0,0,0,9
4.89,4.89,40156,"24991","1111087395","PRIVATE LABEL",0,0,0,12
4.79,4.79,40268,"24991","1111087395","PRIVATE LABEL",0,0,0,2
3.94,3.28,39848,"24991","1111087395","PRIVATE LABEL",0,0,1,34
3.96,3.96,39911,"24991","1111087395","PRIVATE LABEL",0,0,0,9
4,3.13,40464,"24991","1111087395","PRIVATE LABEL",0,0,1,15
3.77,3.77,39890,"24991","1111087395","PRIVATE LABEL",0,0,0,13
4.05,4.05,40807,"24991","1111087395","PRIVATE LABEL",0,0,0,13
4,3.11,40478,"24991","1111087395","PRIVATE LABEL",0,0,1,16
3.94,3.33,39834,"24991","1111087395","PRIVATE LABEL",0,0,1,34
5.08,3.3,40604,"24991","1111087395","PRIVATE LABEL",0,0,1,34
6.49,6.49,40205,"13837","7218063979","TONYS",0,0,0,1
6.62,6.62,40156,"13837","7218063979","TONYS",0,0,0,12
7.29,7.29,40415,"13837","7218063979","TONYS",0,0,0,3
7.49,7.49,40793,"13837","7218063979","TONYS",0,0,0,1
7.82,7.82,40716,"13837","7218063979","TONYS",0,0,0,6
7.29,4.49,40457,"13837","7218063979","TONYS",0,1,0,10
6.49,3.99,40184,"13837","7218063979","TONYS",0,1,0,29
7.49,7.49,40786,"13837","7218063979","TONYS",0,0,0,3
6.57,6.57,40142,"13837","7218063979","TONYS",0,0,0,10
3.74,3.24,40730,"2495","1111087396","PRIVATE LABEL",1,0,0,41
3.26,3.26,40429,"2495","1111087396","PRIVATE LABEL",0,0,0,9
3.21,3.21,39995,"2495","1111087396","PRIVATE LABEL",0,0,0,8
3.21,3.21,40254,"2495","1111087396","PRIVATE LABEL",0,0,0,9
3.23,3.23,40499,"2495","1111087396","PRIVATE LABEL",0,0,0,12
3.1,3.1,40632,"2495","1111087396","PRIVATE LABEL",0,0,0,8
3.28,2.87,40163,"2495","1111087396","PRIVATE LABEL",1,1,0,24
3.01,3.01,40331,"2495","1111087396","PRIVATE LABEL",0,0,0,4
2.9,2.9,40548,"2495","1111087396","PRIVATE LABEL",0,0,0,4
3.79,3.79,40849,"2495","1111087396","PRIVATE LABEL",0,0,0,10
3.19,3.19,39953,"623","1111087396","PRIVATE LABEL",0,0,0,11
3.32,3.32,40030,"623","1111087396","PRIVATE LABEL",0,0,0,21
3.26,3.26,40464,"623","1111087396","PRIVATE LABEL",0,0,0,14
3.1,3.1,40107,"623","1111087396","PRIVATE LABEL",0,0,0,7
3.3,3.3,40660,"623","1111087396","PRIVATE LABEL",0,0,0,18
3.31,3.31,40254,"623","1111087396","PRIVATE LABEL",0,0,0,15
3.22,3.22,40429,"623","1111087396","PRIVATE LABEL",0,0,0,14
3.34,3.34,40387,"623","1111087396","PRIVATE LABEL",0,0,0,6
2.99,2.99,40541,"623","1111087396","PRIVATE LABEL",0,0,0,11
2.95,2.95,40114,"623","1111087396","PRIVATE LABEL",0,0,0,12
3.26,3.26,39981,"623","1111087396","PRIVATE LABEL",0,0,0,9
3.07,3.07,40086,"623","1111087396","PRIVATE LABEL",0,0,0,14
3.23,2.94,40527,"623","1111087396","PRIVATE LABEL",0,1,0,19
3.29,3.29,40625,"623","1111087396","PRIVATE LABEL",0,0,0,15
3.34,3.34,39925,"623","1111087396","PRIVATE LABEL",0,0,0,8
3.03,3.03,40100,"623","1111087396","PRIVATE LABEL",0,0,0,11
3.24,3.24,39869,"623","1111087396","PRIVATE LABEL",0,0,0,7
3.33,3.33,40485,"623","1111087396","PRIVATE LABEL",0,0,0,7
6.79,5.27,40688,"10019","7192100336","TOMBSTONE",0,0,1,12
6.59,4.77,40611,"10019","7192100336","TOMBSTONE",0,1,0,19
5.27,5.27,40884,"10019","7192100336","TOMBSTONE",0,0,0,14
6.59,4.47,40268,"10019","7192100336","TOMBSTONE",0,1,0,21
6.59,6.59,40401,"10019","7192100336","TOMBSTONE",0,0,0,6
6.59,6.59,40380,"10019","7192100336","TOMBSTONE",0,0,0,7
6.75,6.75,40660,"10019","7192100336","TOMBSTONE",0,0,0,4
6.59,6.59,40303,"10019","7192100336","TOMBSTONE",0,0,0,4
6.59,6.59,40051,"10019","7192100336","TOMBSTONE",0,0,0,8
6.59,6.59,40387,"10019","7192100336","TOMBSTONE",0,0,0,2
6.03,5.54,39911,"2277","7192100339","TOMBSTONE",1,1,0,42
6.99,6.99,40170,"2277","7192100339","TOMBSTONE",1,0,0,36
6.03,6.29,39918,"2277","7192100339","TOMBSTONE",1,0,0,24
6.37,6.37,39946,"2277","7192100339","TOMBSTONE",0,0,0,29
6.99,6.99,40163,"2277","7192100339","TOMBSTONE",0,0,0,38
6.99,6.99,40338,"2277","7192100339","TOMBSTONE",0,0,0,35
6.99,4.99,40429,"2277","7192100339","TOMBSTONE",0,0,1,66
6.99,6.99,40331,"2277","7192100339","TOMBSTONE",0,0,0,16
6.84,6.84,40275,"2277","7192100339","TOMBSTONE",0,0,0,17
6.05,6.05,39883,"2277","7192100339","TOMBSTONE",0,0,0,27
7.49,7.49,40044,"2277","7192100339","TOMBSTONE",0,0,0,18
6.99,6.99,40520,"2277","7192100339","TOMBSTONE",1,0,0,42
6.99,6.99,40156,"2277","7192100339","TOMBSTONE",1,0,0,31
6.59,6.59,40499,"2523","7192100337","TOMBSTONE",0,0,0,14
6.59,4.47,40268,"2523","7192100337","TOMBSTONE",1,1,0,43
6.59,6.59,40198,"2523","7192100337","TOMBSTONE",0,0,0,8
5.64,5.64,40800,"2523","7192100337","TOMBSTONE",0,0,0,11
6.59,6.59,40604,"2523","7192100337","TOMBSTONE",0,0,0,6
6.59,6.59,40289,"2523","7192100337","TOMBSTONE",0,0,0,7
6.59,6.59,40338,"2523","7192100337","TOMBSTONE",0,0,0,10
5.64,5.52,40765,"2523","7192100337","TOMBSTONE",0,1,0,5
6.59,4.99,40002,"2523","7192100337","TOMBSTONE",0,1,0,5
6.79,5.27,40716,"2523","7192100337","TOMBSTONE",0,0,1,7
6.59,6.59,40548,"2523","7192100337","TOMBSTONE",0,0,0,9
5.64,5.64,40779,"2523","7192100337","TOMBSTONE",0,0,0,1
6.59,4.47,40086,"2523","7192100337","TOMBSTONE",0,1,0,21
3.2,3.27,40667,"19521","1111087398","PRIVATE LABEL",1,1,0,5
3.25,3.25,40121,"19521","1111087398","PRIVATE LABEL",0,0,0,4
3.02,3.02,40513,"19521","1111087398","PRIVATE LABEL",0,0,0,12
3.34,3.34,40352,"19521","1111087398","PRIVATE LABEL",0,0,0,3
3.79,3.79,40772,"19521","1111087398","PRIVATE LABEL",0,0,0,9
3.79,3.79,40842,"19521","1111087398","PRIVATE LABEL",0,0,0,6
3.33,3.33,40457,"19521","1111087398","PRIVATE LABEL",0,0,0,4
3.79,3.79,40800,"19521","1111087398","PRIVATE LABEL",0,0,0,9
3.09,3.09,39862,"19521","1111087398","PRIVATE LABEL",0,0,0,4
6.59,6.59,39932,"19521","7192100339","TOMBSTONE",1,0,0,4
6.79,5,40667,"19521","7192100339","TOMBSTONE",1,1,0,31
6.59,6.59,40338,"19521","7192100339","TOMBSTONE",0,0,0,5
6.39,6.39,39876,"19521","7192100339","TOMBSTONE",0,0,0,2
6.29,6.29,39841,"19521","7192100339","TOMBSTONE",0,0,0,8
5.64,5.5,40772,"19521","7192100339","TOMBSTONE",1,1,0,29
6.59,4.77,40625,"19521","7192100339","TOMBSTONE",0,1,0,13
5.8,5.8,40884,"19521","7192100339","TOMBSTONE",0,0,0,33
6.59,4.47,40100,"19521","7192100339","TOMBSTONE",1,0,0,26
6.59,4.85,40611,"19521","7192100339","TOMBSTONE",0,1,0,22
6.59,6.59,40219,"19521","7192100339","TOMBSTONE",0,0,0,6
6.59,6.59,40296,"19521","7192100339","TOMBSTONE",0,0,0,4
6.59,6.59,40541,"19521","7192100339","TOMBSTONE",0,0,0,8
6.59,4.63,40247,"19521","7192100339","TOMBSTONE",1,1,0,26
6.59,6.59,40275,"17627","7192100336","TOMBSTONE",0,0,0,4
6.59,6.59,40520,"17627","7192100336","TOMBSTONE",0,0,0,6
6.59,6.59,40303,"17627","7192100336","TOMBSTONE",0,0,0,4
6.59,6.59,40282,"17627","7192100336","TOMBSTONE",0,0,0,8
5.8,5.8,40856,"17627","7192100336","TOMBSTONE",0,0,0,8
6.39,6.39,39869,"17627","7192100336","TOMBSTONE",0,0,0,4
6.59,4.47,40093,"17627","7192100336","TOMBSTONE",0,0,1,5
6.59,6.59,40527,"17627","7192100336","TOMBSTONE",0,0,0,4
5.8,5,40912,"17627","7192100336","TOMBSTONE",0,1,0,9
6.59,6.59,40044,"17627","7192100336","TOMBSTONE",0,0,0,9
