grocery-store-data.csv
"BASE_PRICE","PRICE","WEEK_END_DATE","STORE_NUM","UPC","MANUFACTURER","DISPLAY","FEATURE","TPR_ONLY","UNITS"
6.59,5.64,40786,"26981","7192100339","TOMBSTONE",0,0,1,10
6.99,6.99,40394,"26981","7192100339","TOMBSTONE",0,0,0,4
6.99,6.99,40331,"26981","7192100339","TOMBSTONE",0,0,0,4
6.29,6.29,39869,"26981","7192100339","TOMBSTONE",0,0,0,7
6.99,6.99,40191,"26981","7192100339","TOMBSTONE",0,0,0,17
6.99,4.8,40149,"26981","7192100339","TOMBSTONE",0,0,1,51
6.99,6.99,40317,"26981","7192100339","TOMBSTONE",0,0,0,3
6.35,5.99,39834,"26981","7192100339","TOMBSTONE",0,1,0,25
6.29,6.29,39841,"26981","7192100339","TOMBSTONE",0,0,0,8
6.99,6.99,40240,"26981","7192100339","TOMBSTONE",0,0,0,19
6.29,6.29,39939,"26981","7192100339","TOMBSTONE",0,0,0,16
6.99,5.03,40142,"26981","7192100339","TOMBSTONE",0,0,1,47
6.99,6.99,40324,"26981","7192100339","TOMBSTONE",0,0,0,6
6.59,5.64,40793,"26981","7192100339","TOMBSTONE",0,0,1,14
7.19,4.77,40625,"26981","7192100339","TOMBSTONE",1,1,0,29
6.29,5.04,40009,"26981","7192100339","TOMBSTONE",1,1,0,48
6.29,6.29,39939,"25001","7192100339","TOMBSTONE",0,0,0,10
6.59,5.64,40800,"25001","7192100339","TOMBSTONE",0,0,1,21
6.59,6.59,40688,"25001","7192100339","TOMBSTONE",0,0,0,5
6.71,6.71,40107,"25001","7192100339","TOMBSTONE",0,0,0,9
6.99,6.99,40128,"25001","7192100339","TOMBSTONE",0,0,0,19
6.99,5.5,40506,"25001","7192100339","TOMBSTONE",1,1,0,21
6.99,5.05,40135,"25001","7192100339","TOMBSTONE",1,1,0,69
7.49,7.49,40016,"25001","7192100339","TOMBSTONE",0,0,0,12
7.05,7.05,40639,"24991","7192100339","TOMBSTONE",0,0,0,16
6.99,4.99,40436,"24991","7192100339","TOMBSTONE",0,0,1,63
6.07,5.49,39911,"24991","7192100339","TOMBSTONE",1,1,0,51
5.8,5.03,40912,"24991","7192100339","TOMBSTONE",1,1,0,80
5.64,5.64,40828,"24991","7192100339","TOMBSTONE",0,0,0,41
6.41,4.99,40009,"24991","7192100339","TOMBSTONE",0,1,0,54
6.29,6.29,39939,"24991","7192100339","TOMBSTONE",0,0,0,21
6.99,4.99,40352,"24991","7192100339","TOMBSTONE",1,1,0,67
6.99,6.99,40219,"24991","7192100339","TOMBSTONE",0,0,0,39
6.49,6.49,40317,"11967","7218063052","TONYS",0,0,0,1
7.49,5.49,40856,"11967","7218063052","TONYS",0,1,0,3
7.29,7.29,40436,"11967","7218063052","TONYS",0,0,0,1
7.89,7.89,40779,"11967","7218063052","TONYS",0,0,0,1
6.49,6.49,40142,"11967","7218063052","TONYS",0,0,0,3
7.29,6.49,40226,"11967","7218063052","TONYS",0,0,1,1
7.29,7.29,40492,"11967","7218063052","TONYS",0,0,0,1
7.29,7.29,40422,"11967","7218063052","TONYS",0,0,0,1
6.42,5.29,39967,"24991","7192100336","TOMBSTONE",0,1,0,9
6.59,5.64,40779,"24991","7192100336","TOMBSTONE",0,0,1,14
6.29,6.29,39946,"24991","7192100336","TOMBSTONE",0,0,0,20
6.99,4.99,40142,"24991","7192100336","TOMBSTONE",1,0,0,44
5.8,5.8,40849,"24991","7192100336","TOMBSTONE",0,0,0,13
6.29,4.99,40009,"24991","7192100336","TOMBSTONE",0,1,0,35
6.99,6.99,40555,"24991","7192100336","TOMBSTONE",0,0,0,12
6.29,6.29,39848,"24991","7192100336","TOMBSTONE",0,0,0,13
6.99,4.99,40135,"24991","7192100336","TOMBSTONE",1,1,0,57
7.49,7.49,40016,"24991","7192100336","TOMBSTONE",0,0,0,8
6.99,6.99,40170,"24991","7192100336","TOMBSTONE",0,0,0,17
6.42,6.42,39953,"24991","7192100336","TOMBSTONE",0,0,0,9
6.38,6.38,40030,"6187","7218063052","TONYS",0,0,0,4
7.09,4.7,40674,"6187","7218063052","TONYS",1,1,0,47
7.49,6.24,40765,"6187","7218063052","TONYS",0,0,1,2
6.89,6.89,40541,"6187","7218063052","TONYS",0,0,0,5
6.38,6.38,39946,"6187","7218063052","TONYS",0,0,0,6
7.39,7.39,40723,"6187","7218063052","TONYS",0,0,0,5
6.89,4.49,40457,"6187","7218063052","TONYS",1,1,0,42
6.38,6.38,39932,"6187","7218063052","TONYS",0,0,0,3
6.39,6.39,39855,"2495","7192100339","TOMBSTONE",0,0,0,10
6.59,6.59,40163,"2495","7192100339","TOMBSTONE",0,0,0,21
5.27,5.27,40884,"2495","7192100339","TOMBSTONE",0,0,0,14
6.59,6.59,40072,"2495","7192100339","TOMBSTONE",0,0,0,10
5.27,5.27,40891,"2495","7192100339","TOMBSTONE",0,0,0,16
6.28,5.27,40709,"2495","7192100339","TOMBSTONE",1,1,0,40
6.59,6.59,40604,"2495","7192100339","TOMBSTONE",0,0,0,13
6.28,4.99,40730,"2495","7192100339","TOMBSTONE",0,1,0,33
6.59,4.54,40471,"2495","7192100339","TOMBSTONE",1,1,0,42
6.59,6.59,40303,"2495","7192100339","TOMBSTONE",1,0,0,12
3.89,3.89,39953,"24991","1111087398","PRIVATE LABEL",0,0,0,13
3.89,3.89,40751,"24991","1111087398","PRIVATE LABEL",0,0,0,15
3.76,3.76,40891,"24991","1111087398","PRIVATE LABEL",0,0,0,18
4.58,2.92,40170,"24991","1111087398","PRIVATE LABEL",1,0,0,65
4.58,3.02,40163,"24991","1111087398","PRIVATE LABEL",1,1,0,62
4,4,40814,"24991","1111087398","PRIVATE LABEL",0,0,0,9
4.82,4.82,40205,"24991","1111087398","PRIVATE LABEL",0,0,0,7
3.92,3.51,39883,"24991","1111087398","PRIVATE LABEL",0,0,1,7
4.79,4.19,40296,"24991","1111087398","PRIVATE LABEL",0,0,1,5
3.95,3.95,40436,"24991","1111087398","PRIVATE LABEL",0,0,0,22
6.29,6.29,40317,"21213","7218063979","TONYS",0,0,0,3
6.38,5.49,40009,"21213","7218063979","TONYS",0,0,1,3
6.27,4.99,40275,"21213","7218063979","TONYS",1,1,0,17
6.33,6.33,39848,"21213","7218063979","TONYS",0,0,0,5
6.99,5,40912,"21213","7218063979","TONYS",1,1,0,10
7.09,7.09,40702,"21213","7218063979","TONYS",0,0,0,1
7.49,7.49,40814,"21213","7218063979","TONYS",0,0,0,2
6.89,6.89,40555,"21213","7218063979","TONYS",0,0,0,3
6.38,6.38,39988,"21213","7218063979","TONYS",0,0,0,4
6.38,6.38,40023,"21213","7218063979","TONYS",0,0,0,5
6.27,6.27,40261,"21213","7218063979","TONYS",0,0,0,3
6.89,6.89,40471,"21213","7218063979","TONYS",0,0,0,1
6.29,6.29,40324,"21213","7218063979","TONYS",0,0,0,3
6.89,6.89,40408,"21213","7218063979","TONYS",0,0,0,3
6.89,6.89,40436,"21213","7218063979","TONYS",0,0,0,2
7.29,7.29,40499,"17615","7218063052","TONYS",0,0,0,1
7.29,7.29,40408,"17615","7218063052","TONYS",0,0,0,4
7.29,4.99,40100,"17615","7218063052","TONYS",0,1,0,11
7.49,5.17,40856,"17615","7218063052","TONYS",0,1,0,11
7.29,6.49,40072,"17615","7218063052","TONYS",0,0,1,5
6.79,6.79,39932,"17615","7218063052","TONYS",0,0,0,1
7.29,7.29,40464,"17615","7218063052","TONYS",0,0,0,2
7.29,7.29,40471,"17615","7218063052","TONYS",0,0,0,3
6.49,6.49,40149,"17615","7218063052","TONYS",0,0,0,2
6.59,5.5,40506,"25229","7192100336","TOMBSTONE",0,1,0,14
5.49,5.49,40800,"25229","7192100336","TOMBSTONE",0,0,0,27
6.59,4.47,40261,"25229","7192100336","TOMBSTONE",0,1,0,32
6.59,4.47,40079,"25229","7192100336","TOMBSTONE",1,1,0,85
6.59,4.99,40576,"25229","7192100336","TOMBSTONE",0,0,1,18
6.59,5.49,40142,"25229","7192100336","TOMBSTONE",0,1,0,14
6.59,6.59,39995,"25229","7192100336","TOMBSTONE",0,0,0,9
6.59,6.59,40240,"25229","7192100336","TOMBSTONE",0,0,0,7
6.59,5.06,40457,"25229","7192100336","TOMBSTONE",0,0,1,23
6.59,6.59,40051,"25229","7192100336","TOMBSTONE",0,0,0,5
6.59,4.67,40814,"6187","7192100336","TOMBSTONE",1,1,0,77
6.99,4.99,40415,"6187","7192100336","TOMBSTONE",1,1,0,67
6.59,5.64,40786,"6187","7192100336","TOMBSTONE",0,0,1,9
5.99,5.49,39911,"6187","7192100336","TOMBSTONE",1,1,0,19
7.49,7.49,40037,"6187","7192100336","TOMBSTONE",0,0,0,2
6.29,6.29,39925,"6187","7192100336","TOMBSTONE",0,0,0,3
6.99,4.47,40261,"6187","7192100336","TOMBSTONE",0,1,0,96
6.99,4.99,40576,"6187","7192100336","TOMBSTONE",0,0,1,46
6.89,6.89,40681,"6187","7192100336","TOMBSTONE",0,0,0,5
6.59,4.65,40807,"6187","7192100336","TOMBSTONE",0,1,0,105
6.99,6.99,40541,"6187","7192100336","TOMBSTONE",0,0,0,7
6.38,6.38,40156,"9825","7218063979","TONYS",0,0,0,8
6.38,5.49,39995,"9825","7218063979","TONYS",0,0,1,14
6.27,6.27,40226,"9825","7218063979","TONYS",0,0,0,11
6.89,6.89,40415,"9825","7218063979","TONYS",0,0,0,4
7.49,7.49,40814,"9825","7218063979","TONYS",0,0,0,3
6.46,6.46,39827,"9825","7218063979","TONYS",0,0,0,4
6.46,6.46,39834,"9825","7218063979","TONYS",0,0,0,6
6.38,6.38,40030,"9825","7218063979","TONYS",0,0,0,2
7.49,4.99,40751,"9825","7218063979","TONYS",1,1,0,23
6.29,6.29,40324,"9825","7218063979","TONYS",0,0,0,4
7.09,7.09,40702,"9825","7218063979","TONYS",0,0,0,4
5.99,5.99,40667,"23061","2066200531","KING",0,0,0,1
6.59,6.59,40835,"23061","2066200531","KING",0,0,0,1
5.99,5.99,40387,"23061","2066200531","KING",0,0,0,2
5.99,5.99,40429,"23061","2066200531","KING",0,0,0,2
6.49,4.49,40744,"23061","2066200531","KING",0,0,1,6
6.59,6.59,40849,"23061","2066200531","KING",0,0,0,1
5.99,5.99,40380,"23061","2066200531","KING",0,0,0,4
6.49,6.49,40709,"23061","2066200531","KING",0,0,0,3
5.99,5.99,40632,"23061","2066200531","KING",0,0,0,3
3.29,3.29,40198,"13859","1111087395","PRIVATE LABEL",0,0,0,8
3.23,3.23,40296,"13859","1111087395","PRIVATE LABEL",0,0,0,3
3.52,3.52,40765,"13859","1111087395","PRIVATE LABEL",0,0,0,5
3.71,3.71,40842,"13859","1111087395","PRIVATE LABEL",0,0,0,5
3.23,3.23,39827,"13859","1111087395","PRIVATE LABEL",0,0,0,6
3.29,3.29,39981,"13859","1111087395","PRIVATE LABEL",0,0,0,7
3.23,3.23,40331,"13859","1111087395","PRIVATE LABEL",0,0,0,6
3.34,3.34,40023,"13859","1111087395","PRIVATE LABEL",0,0,0,7
3.19,3.19,40086,"13859","1111087395","PRIVATE LABEL",0,0,0,7
6.38,4.99,40107,"11757","7218063052","TONYS",1,1,0,48
7.09,7.09,40688,"11757","7218063052","TONYS",0,0,0,1
6.27,6.27,40289,"11757","7218063052","TONYS",0,0,0,2
6.38,6.38,40177,"11757","7218063052","TONYS",0,0,0,5
6.38,6.38,40163,"11757","7218063052","TONYS",0,0,0,5
6.55,6.55,40030,"11757","7218063052","TONYS",0,0,0,3
7.09,7.09,40632,"11757","7218063052","TONYS",0,0,0,4
7.49,4.99,40751,"11757","7218063052","TONYS",1,1,0,26
7.49,7.49,40772,"11757","7218063052","TONYS",0,0,0,3
6.38,6.38,39988,"11757","7218063052","TONYS",0,0,0,4
6.39,6.39,39876,"29159","7192100339","TOMBSTONE",0,0,0,7
6.59,5.56,40149,"29159","7192100339","TOMBSTONE",0,1,0,15
6.3,6.3,39848,"29159","7192100339","TOMBSTONE",0,0,0,8
6.59,6.59,40233,"29159","7192100339","TOMBSTONE",0,0,0,15
6.59,6.59,40555,"29159","7192100339","TOMBSTONE",0,0,0,7
5.64,5.64,40758,"29159","7192100339","TOMBSTONE",0,0,0,13
6.59,4.81,40611,"29159","7192100339","TOMBSTONE",1,1,0,41
6.79,5.27,40723,"29159","7192100339","TOMBSTONE",0,0,1,14
6.59,4.99,39960,"29159","7192100339","TOMBSTONE",1,1,0,15
6.59,6.59,40282,"29159","7192100339","TOMBSTONE",0,0,0,7
6.59,6.59,40478,"29159","7192100339","TOMBSTONE",0,0,0,11
6.79,6.79,40674,"29159","7192100339","TOMBSTONE",0,0,0,7
3.3,3.3,40394,"4503","1111087398","PRIVATE LABEL",0,0,0,26
3.28,3.28,40457,"4503","1111087398","PRIVATE LABEL",0,0,0,20
3.12,3.12,39862,"4503","1111087398","PRIVATE LABEL",0,0,0,16
3.47,3.47,40891,"4503","1111087398","PRIVATE LABEL",0,0,0,12
3.32,3.32,39981,"4503","1111087398","PRIVATE LABEL",0,0,0,21
3.26,3.26,40205,"4503","1111087398","PRIVATE LABEL",0,0,0,31
3.27,3.27,40653,"4503","1111087398","PRIVATE LABEL",0,0,0,20
3.28,3.28,40646,"4503","1111087398","PRIVATE LABEL",0,0,0,18
3.63,3.63,40779,"4503","1111087398","PRIVATE LABEL",0,0,0,7
2.88,2.88,40548,"4503","1111087398","PRIVATE LABEL",0,0,0,16
6.38,4.99,40100,"19265","7218063983","TONYS",1,1,0,9
7.49,7.49,40730,"19265","7218063983","TONYS",0,0,0,4
7.49,4.96,40856,"19265","7218063983","TONYS",0,1,0,9
6.27,6.27,40261,"19265","7218063983","TONYS",0,0,0,3
7.49,7.49,40870,"19265","7218063983","TONYS",0,0,0,5
7.09,7.09,40667,"19265","7218063983","TONYS",0,0,0,3
6.89,4.59,40450,"19265","7218063983","TONYS",1,1,0,23
6.47,6.47,39918,"19265","7218063983","TONYS",0,0,0,6
2.99,2.99,40513,"15763","1111087398","PRIVATE LABEL",0,0,0,8
3.3,2.87,40527,"15763","1111087398","PRIVATE LABEL",0,1,0,15
3.33,3.33,40366,"15763","1111087398","PRIVATE LABEL",0,0,0,4
3.09,3.09,40191,"15763","1111087398","PRIVATE LABEL",0,0,0,4
3.25,3.25,40016,"15763","1111087398","PRIVATE LABEL",0,0,0,12
3.33,3.33,39995,"15763","1111087398","PRIVATE LABEL",0,0,0,3
3.34,3.23,40597,"15763","1111087398","PRIVATE LABEL",0,1,0,3
3.54,3.2,40723,"15763","1111087398","PRIVATE LABEL",0,1,0,10
3.34,3.28,39946,"15763","1111087398","PRIVATE LABEL",0,1,0,6
3.97,3.97,40884,"23061","1111087398","PRIVATE LABEL",0,0,0,31
3.26,3.26,40520,"23061","1111087398","PRIVATE LABEL",0,0,0,21
4.64,4.64,40135,"23061","1111087398","PRIVATE LABEL",0,0,0,5
3.95,3.95,40800,"23061","1111087398","PRIVATE LABEL",0,0,0,21
4.79,3.86,40401,"23061","1111087398","PRIVATE LABEL",0,0,1,13
4.79,4.79,40373,"23061","1111087398","PRIVATE LABEL",0,0,0,6
4.79,4.16,40093,"23061","1111087398","PRIVATE LABEL",0,0,1,7
5.14,5.14,40569,"23061","1111087398","PRIVATE LABEL",0,0,0,4
4.65,4.65,40366,"23061","1111087398","PRIVATE LABEL",0,0,0,7
4.68,4.68,40359,"23061","1111087398","PRIVATE LABEL",0,0,0,13
5.29,3.68,40625,"23061","1111087398","PRIVATE LABEL",0,0,1,28
4.67,4.89,40114,"23061","1111087398","PRIVATE LABEL",1,0,0,11
3.92,3.3,40457,"23061","1111087398","PRIVATE LABEL",0,0,1,18
5.04,3.48,40625,"21237","1111087396","PRIVATE LABEL",0,0,1,8
3.88,3.28,40471,"21237","1111087396","PRIVATE LABEL",0,0,1,17
5.29,3.86,40716,"21237","1111087396","PRIVATE LABEL",0,0,1,7
3.84,3.84,40877,"21237","1111087396","PRIVATE LABEL",0,0,0,9
4,4,39890,"21237","1111087396","PRIVATE LABEL",0,0,0,8
4.89,2.87,40163,"21237","1111087396","PRIVATE LABEL",1,1,0,65
5.29,4.16,40688,"21237","1111087396","PRIVATE LABEL",0,0,1,8
3.96,3.96,40646,"21237","1111087396","PRIVATE LABEL",0,0,0,11
4,4,40786,"21237","1111087396","PRIVATE LABEL",0,0,0,2
4.89,2.98,40177,"21237","1111087396","PRIVATE LABEL",1,1,0,35
4.81,2.97,40163,"23055","1111087395","PRIVATE LABEL",0,1,0,16
4.77,4.77,40135,"23055","1111087395","PRIVATE LABEL",0,0,0,4
4.81,2.92,40177,"23055","1111087395","PRIVATE LABEL",0,1,0,8
5.29,4,40688,"23055","1111087395","PRIVATE LABEL",0,0,1,4
5.29,3.74,40723,"23055","1111087395","PRIVATE LABEL",0,1,0,8
4,4,39988,"23055","1111087395","PRIVATE LABEL",0,0,0,9
4.79,4.79,40338,"23055","1111087395","PRIVATE LABEL",0,0,0,1
4.26,4.26,40037,"23055","1111087395","PRIVATE LABEL",0,0,0,5
4,4,39967,"23055","1111087395","PRIVATE LABEL",0,0,0,5
4,4,40891,"23055","1111087395","PRIVATE LABEL",0,0,0,3
3.97,3.33,39918,"23055","1111087395","PRIVATE LABEL",0,1,0,15
3.79,3.79,40800,"19521","1111087395","PRIVATE LABEL",0,0,0,4
3.26,3.26,39876,"19521","1111087395","PRIVATE LABEL",0,0,0,4
3.26,3.26,40485,"19521","1111087395","PRIVATE LABEL",0,0,0,4
3.27,3.27,40492,"19521","1111087395","PRIVATE LABEL",0,0,0,5
3.03,3.03,40415,"19521","1111087395","PRIVATE LABEL",0,0,0,3
3.19,2.97,40527,"19521","1111087395","PRIVATE LABEL",0,1,0,14
3.23,3.23,40191,"19521","1111087395","PRIVATE LABEL",0,0,0,15
3.34,2.9,40184,"19521","1111087395","PRIVATE LABEL",1,1,0,24
3.18,3.18,40030,"19521","1111087395","PRIVATE LABEL",0,0,0,2
3.79,3.38,40870,"19521","1111087395","PRIVATE LABEL",0,0,1,9
3.24,3.24,40478,"19521","1111087395","PRIVATE LABEL",0,0,0,10
3.27,3.27,39918,"19521","1111087395","PRIVATE LABEL",0,0,0,5
6.29,6.29,40352,"4245","7218063983","TONYS",1,0,0,4
7.49,7.49,40877,"4245","7218063983","TONYS",1,0,0,1
6.89,6.89,40415,"4245","7218063983","TONYS",1,0,0,1
7.49,5,40912,"4245","7218063983","TONYS",1,1,0,6
6.38,6.38,40163,"4245","7218063983","TONYS",0,0,0,2
6.43,6.43,40219,"4245","7218063983","TONYS",0,0,0,4
6.55,6.38,40023,"4245","7218063983","TONYS",1,0,0,2
6.27,6.27,40226,"4245","7218063983","TONYS",0,0,0,7
6.55,4.99,40051,"4245","7218063983","TONYS",1,1,0,10
7.29,7.29,40044,"4503","7218063052","TONYS",0,0,0,3
6.99,6.99,40905,"4503","7218063052","TONYS",0,0,0,1
6.97,6.97,40408,"4503","7218063052","TONYS",0,0,0,4
7.49,7.49,40786,"4503","7218063052","TONYS",0,0,0,5
7.89,7.89,40772,"4503","7218063052","TONYS",0,0,0,6
7.49,7.49,40793,"4503","7218063052","TONYS",0,0,0,2
6.49,5.29,40359,"4503","7218063052","TONYS",0,0,1,8
6.49,6.49,40268,"4503","7218063052","TONYS",0,0,0,9
6.79,4.51,39890,"4503","7218063052","TONYS",1,1,0,119
6.49,4.99,40275,"4503","7218063052","TONYS",1,1,0,12
6.49,6.49,40219,"4503","7218063052","TONYS",0,0,0,7
6.89,6.89,40065,"4259","7218063052","TONYS",0,0,0,1
6.29,6.29,40345,"4259","7218063052","TONYS",0,0,0,2
7.49,5.04,40856,"4259","7218063052","TONYS",0,1,0,2
6.38,6.38,39974,"4259","7218063052","TONYS",0,0,0,1
6.27,6.27,40233,"4259","7218063052","TONYS",0,0,0,2
6.89,4.69,40562,"4259","7218063052","TONYS",1,0,0,17
6.89,6.89,40401,"4259","7218063052","TONYS",0,0,0,1
6.38,6.38,39967,"4259","7218063052","TONYS",0,0,0,2
7.49,6.24,40765,"4259","7218063052","TONYS",0,0,1,2
6.89,6.89,40429,"4259","7218063052","TONYS",0,0,0,2
6.99,4.47,40086,"21213","7192100337","TOMBSTONE",1,1,0,37
6.99,4.99,40429,"21213","7192100337","TOMBSTONE",1,0,0,8
6.59,5.64,40786,"21213","7192100337","TOMBSTONE",1,0,0,9
7.19,7.19,40660,"21213","7192100337","TOMBSTONE",0,0,0,4
5.8,5.8,40884,"21213","7192100337","TOMBSTONE",0,0,0,9
6.59,5.64,40772,"21213","7192100337","TOMBSTONE",1,1,0,7
6.99,4.99,40457,"21213","7192100337","TOMBSTONE",0,0,1,4
6.99,6.99,40212,"21213","7192100337","TOMBSTONE",0,0,0,1
6.29,5.99,39834,"21213","7192100337","TOMBSTONE",0,1,0,11
6.29,6.29,39918,"23075","7192100336","TOMBSTONE",0,0,0,5
5.8,5.06,40912,"23075","7192100336","TOMBSTONE",1,1,0,26
6.59,4.99,40737,"23075","7192100336","TOMBSTONE",1,1,0,24
6.99,6.99,40331,"23075","7192100336","TOMBSTONE",0,0,0,2
7.49,7.49,40051,"23075","7192100336","TOMBSTONE",0,0,0,2
6.99,6.99,40520,"23075","7192100336","TOMBSTONE",0,0,0,3
6.59,4.75,40807,"23075","7192100336","TOMBSTONE",1,1,0,46
6.74,6.74,40674,"23075","7192100336","TOMBSTONE",0,0,0,13
6.99,6.99,40485,"23075","7192100336","TOMBSTONE",1,0,0,3
6.99,6.99,40478,"23075","7192100336","TOMBSTONE",0,0,0,4
6.99,6.99,40527,"23075","7192100336","TOMBSTONE",0,0,0,6
6.29,5.99,39834,"23075","7192100336","TOMBSTONE",1,1,0,15
6.99,6.99,40275,"23075","7192100336","TOMBSTONE",1,0,0,5
6.29,6.29,39848,"23075","7192100336","TOMBSTONE",0,0,0,10
6.99,6.99,40296,"23075","7192100336","TOMBSTONE",0,0,0,6
7.49,6.29,39974,"23075","7192100336","TOMBSTONE",0,0,1,7
