grocery-store-data.csv
"BASE_PRICE","PRICE","WEEK_END_DATE","STORE_NUM","UPC","MANUFACTURER","DISPLAY","FEATURE","TPR_ONLY","UNITS"
6.38,6.38,40037,"8041","7218063979","TONYS",0,0,0,1
6.38,6.38,39925,"8041","7218063979","TONYS",0,0,0,4
7.49,7.49,40835,"8041","7218063979","TONYS",0,0,0,3
6.38,6.38,39981,"8041","7218063979","TONYS",0,0,0,4
6.89,6.89,40506,"8041","7218063979","TONYS",0,0,0,3
7.09,7.09,40716,"8041","7218063979","TONYS",0,0,0,1
5.74,5.74,39995,"8041","7218063979","TONYS",0,0,0,9
6.38,6.38,40198,"8041","7218063979","TONYS",0,0,0,11
6.38,6.38,40142,"8041","7218063979","TONYS",0,0,0,8
6.38,6.38,39918,"8041","7218063979","TONYS",0,0,0,2
6.89,4.49,40520,"8041","7218063979","TONYS",1,0,0,39
6.38,6.38,40135,"8041","7218063979","TONYS",0,0,0,5
6.29,6.29,40345,"8041","7218063979","TONYS",0,0,0,6
5.49,5.49,40016,"8041","7218063979","TONYS",0,0,0,6
6.27,6.27,40296,"8041","7218063979","TONYS",0,0,0,4
6.49,6.49,40884,"23345","2066200530","KING",0,0,0,10
5.99,5.99,40373,"23345","2066200530","KING",0,0,0,4
6.19,6.19,40758,"23345","2066200530","KING",0,0,0,10
5.99,5.99,40576,"23345","2066200530","KING",0,0,0,8
6.22,6.22,40772,"23345","2066200530","KING",0,0,0,9
6.49,4.49,40744,"23345","2066200530","KING",1,0,0,22
6.49,6.49,40366,"23345","2066200530","KING",0,0,0,3
5.99,5.99,40464,"23345","2066200530","KING",0,0,0,3
3.89,3.89,40856,"23075","1111087396","PRIVATE LABEL",0,0,0,7
4.79,4.79,40345,"23075","1111087396","PRIVATE LABEL",0,0,0,1
4.89,2.98,40198,"23075","1111087396","PRIVATE LABEL",1,0,0,9
3.29,3.29,40534,"23075","1111087396","PRIVATE LABEL",0,0,0,26
4.89,2.94,40163,"23075","1111087396","PRIVATE LABEL",1,1,0,33
4,3.49,40723,"23075","1111087396","PRIVATE LABEL",0,1,0,12
5.29,3.48,40632,"23075","1111087396","PRIVATE LABEL",0,0,1,6
4,4,39974,"23075","1111087396","PRIVATE LABEL",0,0,0,1
4,4,40695,"23075","1111087396","PRIVATE LABEL",0,0,0,5
4.5,3.79,40324,"23075","1111087396","PRIVATE LABEL",0,0,1,2
4,4,39953,"23075","1111087396","PRIVATE LABEL",0,0,0,4
4.79,3.94,40394,"23075","1111087396","PRIVATE LABEL",0,0,1,7
7.49,7.49,40037,"2279","7192100336","TOMBSTONE",0,0,0,5
6.99,6.99,40240,"2279","7192100336","TOMBSTONE",0,0,0,6
6.29,5.29,39960,"2279","7192100336","TOMBSTONE",0,1,0,9
6.99,4.47,40079,"2279","7192100336","TOMBSTONE",1,1,0,80
6.29,6.29,39946,"2279","7192100336","TOMBSTONE",0,0,0,7
6.99,6.99,40107,"2279","7192100336","TOMBSTONE",0,0,0,3
6.99,6.99,40492,"2279","7192100336","TOMBSTONE",0,0,0,4
6.99,5.05,40135,"2279","7192100336","TOMBSTONE",1,1,0,33
5.8,5.5,40870,"2279","7192100336","TOMBSTONE",1,1,0,34
6.99,4.47,40086,"2279","7192100336","TOMBSTONE",1,1,0,38
6.59,5.77,40702,"2279","7192100336","TOMBSTONE",0,1,0,3
6.99,6.99,40233,"25027","7192100337","TOMBSTONE",0,0,0,17
6.99,6.99,40282,"25027","7192100337","TOMBSTONE",0,0,0,18
6.99,6.99,40198,"25027","7192100337","TOMBSTONE",0,0,0,7
6.59,4.79,40807,"25027","7192100337","TOMBSTONE",1,1,0,78
6.99,6.99,40240,"25027","7192100337","TOMBSTONE",0,0,0,14
6.99,4.99,40576,"25027","7192100337","TOMBSTONE",1,0,0,42
6.99,6.99,40555,"25027","7192100337","TOMBSTONE",0,0,0,14
6.1,5.03,40009,"25027","7192100337","TOMBSTONE",0,1,0,63
5.8,5.5,40870,"25027","7192100337","TOMBSTONE",1,1,0,60
6.99,6.99,40534,"25027","7192100337","TOMBSTONE",0,0,0,16
6.99,4.99,40205,"25027","7192100337","TOMBSTONE",1,1,0,64
6.99,4.88,40373,"25027","7192100337","TOMBSTONE",1,1,0,60
4.23,4.23,40373,"19265","1111087396","PRIVATE LABEL",0,0,0,8
3.94,3.94,39876,"19265","1111087396","PRIVATE LABEL",0,0,0,3
4,4,40856,"19265","1111087396","PRIVATE LABEL",0,0,0,16
3.93,3.93,39953,"19265","1111087396","PRIVATE LABEL",0,0,0,14
3.96,3.96,40016,"19265","1111087396","PRIVATE LABEL",0,0,0,11
4.02,4.02,40653,"19265","1111087396","PRIVATE LABEL",0,0,0,8
4.5,3.85,40765,"19265","1111087396","PRIVATE LABEL",0,0,1,18
3.82,3.34,40485,"19265","1111087396","PRIVATE LABEL",0,0,1,6
3.82,3.1,40471,"19265","1111087396","PRIVATE LABEL",0,0,1,13
5.08,5.08,40583,"19265","1111087396","PRIVATE LABEL",0,0,0,5
3.49,3.49,40737,"11761","1111087398","PRIVATE LABEL",0,0,0,3
4.31,3.87,40380,"11761","1111087398","PRIVATE LABEL",0,0,1,14
3.93,3.26,40485,"11761","1111087398","PRIVATE LABEL",1,0,0,9
3.71,3.71,40422,"11761","1111087398","PRIVATE LABEL",0,0,0,11
3.93,3.28,40499,"11761","1111087398","PRIVATE LABEL",0,0,1,15
3.82,3.82,40429,"11761","1111087398","PRIVATE LABEL",0,0,0,11
3.95,3.95,40016,"11761","1111087398","PRIVATE LABEL",0,0,0,8
4.85,4.85,40156,"11761","1111087398","PRIVATE LABEL",0,0,0,13
3.76,3.32,39939,"11761","1111087398","PRIVATE LABEL",0,1,0,25
7.49,7.49,40793,"28909","7218063052","TONYS",0,0,0,3
6.89,6.89,40387,"28909","7218063052","TONYS",0,0,0,4
7.49,7.49,40807,"28909","7218063052","TONYS",0,0,0,2
6.29,6.29,40352,"28909","7218063052","TONYS",0,0,0,2
7.49,7.49,40835,"28909","7218063052","TONYS",0,0,0,1
6.38,6.38,39911,"28909","7218063052","TONYS",0,0,0,2
6.46,6.46,39834,"28909","7218063052","TONYS",0,0,0,6
6.89,6.89,40576,"28909","7218063052","TONYS",0,0,0,2
7.49,7.49,40772,"28909","7218063052","TONYS",1,0,0,6
6.59,6.59,40653,"12011","7192100336","TOMBSTONE",0,0,0,4
5.8,5.8,40863,"12011","7192100336","TOMBSTONE",0,0,0,3
6.59,6.59,39974,"12011","7192100336","TOMBSTONE",0,0,0,4
6.59,6.59,40282,"12011","7192100336","TOMBSTONE",0,0,0,7
6.59,4.58,40254,"12011","7192100336","TOMBSTONE",1,0,0,18
6.59,6.59,40058,"12011","7192100336","TOMBSTONE",0,0,0,10
6.39,6.39,39869,"12011","7192100336","TOMBSTONE",0,0,0,4
6.59,6.59,40163,"12011","7192100336","TOMBSTONE",0,0,0,13
6.59,6.59,39953,"12011","7192100336","TOMBSTONE",0,0,0,3
5.64,5.64,40835,"12011","7192100336","TOMBSTONE",0,0,0,3
6.07,6.07,40198,"8263","7218063983","TONYS",0,0,0,15
6.79,6.79,39932,"8263","7218063983","TONYS",0,0,0,4
6.04,5.29,40359,"8263","7218063983","TONYS",0,0,1,1
7.29,4.49,40527,"8263","7218063983","TONYS",1,0,0,16
6.53,5.49,40002,"8263","7218063983","TONYS",0,0,1,6
6.04,5.29,40366,"8263","7218063983","TONYS",0,0,1,9
6.79,6.79,39967,"8263","7218063983","TONYS",0,0,0,9
7.49,7.49,40842,"8263","7218063983","TONYS",0,0,0,1
6.49,6.49,40163,"8263","7218063983","TONYS",0,0,0,6
6.49,4.99,40240,"8263","7218063983","TONYS",0,1,0,14
6.49,4.99,40310,"8263","7218063983","TONYS",1,1,0,16
6.49,6.49,40086,"8263","7218063983","TONYS",0,0,0,4
7.29,7.29,40548,"8263","7218063983","TONYS",0,0,0,5
6.49,6.49,40324,"8263","7218063983","TONYS",0,0,0,6
6.29,6.29,39869,"25001","7192100336","TOMBSTONE",0,0,0,6
6.99,6.99,40520,"25001","7192100336","TOMBSTONE",0,0,0,11
6.99,6.99,40555,"25001","7192100336","TOMBSTONE",0,0,0,8
6.99,6.99,40296,"25001","7192100336","TOMBSTONE",0,0,0,7
6.38,6.38,39946,"25001","7192100336","TOMBSTONE",0,0,0,13
5.8,5.8,40842,"25001","7192100336","TOMBSTONE",0,0,0,10
7.49,7.49,40044,"25001","7192100336","TOMBSTONE",0,0,0,4
5.8,5.5,40877,"25001","7192100336","TOMBSTONE",0,1,0,7
4,4,40016,"2281","1111087395","PRIVATE LABEL",0,0,0,4
3.84,3.84,39953,"2281","1111087395","PRIVATE LABEL",0,0,0,15
3.28,3.28,40541,"2281","1111087395","PRIVATE LABEL",0,0,0,18
4.84,4.15,40135,"2281","1111087395","PRIVATE LABEL",0,0,1,2
4.89,2.97,40184,"2281","1111087395","PRIVATE LABEL",1,1,0,49
4,3.29,39939,"2281","1111087395","PRIVATE LABEL",1,1,0,14
4.89,2.88,40177,"2281","1111087395","PRIVATE LABEL",0,1,0,34
3.95,3.95,40646,"2281","1111087395","PRIVATE LABEL",0,0,0,15
5.09,5.09,40583,"2281","1111087395","PRIVATE LABEL",0,0,0,8
4,4,39883,"2281","1111087395","PRIVATE LABEL",0,0,0,3
3.24,3.24,40506,"2281","1111087395","PRIVATE LABEL",0,0,0,28
3.94,3.26,39848,"2281","1111087395","PRIVATE LABEL",0,0,1,14
3.31,3.31,40688,"17599","1111087395","PRIVATE LABEL",0,0,0,14
3.6,2.88,40814,"17599","1111087395","PRIVATE LABEL",0,0,1,5
3.15,3.15,40387,"17599","1111087395","PRIVATE LABEL",0,0,0,7
3.26,3.26,40198,"17599","1111087395","PRIVATE LABEL",0,0,0,9
3.07,3.07,40352,"17599","1111087395","PRIVATE LABEL",0,0,0,6
3.22,3.22,40205,"17599","1111087395","PRIVATE LABEL",0,0,0,12
3.3,3.3,40296,"17599","1111087395","PRIVATE LABEL",0,0,0,8
3.17,3.17,39967,"17599","1111087395","PRIVATE LABEL",0,0,0,6
2.9,2.9,40548,"17599","1111087395","PRIVATE LABEL",0,0,0,20
3.24,3.24,40142,"17599","1111087395","PRIVATE LABEL",0,0,0,20
3.21,3.21,39890,"17599","1111087395","PRIVATE LABEL",0,0,0,10
3.29,2.88,40170,"17599","1111087395","PRIVATE LABEL",0,0,1,23
3.14,3.14,40394,"17599","1111087395","PRIVATE LABEL",0,0,0,15
3.15,3.15,39862,"17599","1111087395","PRIVATE LABEL",0,0,0,14
3.53,3.53,40709,"17599","1111087395","PRIVATE LABEL",0,0,0,14
6.29,6.29,39876,"26983","7192100336","TOMBSTONE",0,0,0,5
6.99,4.53,40268,"26983","7192100336","TOMBSTONE",0,1,0,45
6.59,5.64,40765,"26983","7192100336","TOMBSTONE",1,1,0,53
6.99,4.84,40443,"26983","7192100336","TOMBSTONE",1,1,0,33
6.99,6.99,40331,"26983","7192100336","TOMBSTONE",0,0,0,1
6.99,6.99,40289,"26983","7192100336","TOMBSTONE",0,0,0,6
6.59,5.64,40779,"26983","7192100336","TOMBSTONE",0,0,1,16
7.49,7.49,40037,"26983","7192100336","TOMBSTONE",0,0,0,18
6.32,6.32,39918,"26983","7192100336","TOMBSTONE",0,0,0,15
6.59,6.59,40688,"26983","7192100336","TOMBSTONE",0,0,0,1
7.49,7.49,40016,"26983","7192100336","TOMBSTONE",0,0,0,5
5.8,5.8,40856,"26983","7192100336","TOMBSTONE",0,0,0,33
6.99,6.99,40548,"26983","7192100336","TOMBSTONE",0,0,0,8
6.99,4.55,40086,"26983","7192100336","TOMBSTONE",1,1,0,32
6.29,6.29,39939,"389","7192100337","TOMBSTONE",0,0,0,10
7.19,5,40667,"389","7192100337","TOMBSTONE",1,1,0,40
6.99,5.05,40576,"389","7192100337","TOMBSTONE",0,0,1,31
6.99,4.99,40345,"389","7192100337","TOMBSTONE",1,1,0,47
7.49,7.49,40016,"389","7192100337","TOMBSTONE",0,0,0,8
6.99,6.99,40485,"389","7192100337","TOMBSTONE",0,0,0,7
6.99,5.99,40359,"389","7192100337","TOMBSTONE",0,0,1,2
6.59,5.64,40821,"389","7192100337","TOMBSTONE",0,0,1,9
6.29,6.29,39869,"389","7192100337","TOMBSTONE",0,0,0,13
6.29,6.29,39995,"389","7192100337","TOMBSTONE",0,0,0,13
6.99,6.99,40212,"389","7192100337","TOMBSTONE",0,0,0,13
6.29,4.99,40002,"389","7192100337","TOMBSTONE",1,1,0,31
6.59,6.59,39946,"13859","7192100337","TOMBSTONE",0,0,0,5
6.59,4.71,40100,"13859","7192100337","TOMBSTONE",0,0,1,9
6.59,6.59,40331,"13859","7192100337","TOMBSTONE",0,0,0,4
6.59,6.59,39953,"13859","7192100337","TOMBSTONE",0,0,0,3
6.59,4.99,40002,"13859","7192100337","TOMBSTONE",0,1,0,12
6.59,5.49,40142,"13859","7192100337","TOMBSTONE",1,1,0,16
6.59,5.06,40352,"13859","7192100337","TOMBSTONE",1,1,0,22
6.59,6.59,40359,"13859","7192100337","TOMBSTONE",0,0,0,1
6.59,6.59,40114,"13859","7192100337","TOMBSTONE",0,0,0,8
6.59,6.59,40023,"13859","7192100337","TOMBSTONE",0,0,0,2
6.59,5.1,39967,"13859","7192100337","TOMBSTONE",1,1,0,15
6.99,4.47,40086,"9825","7192100337","TOMBSTONE",1,1,0,50
7.19,4.77,40625,"9825","7192100337","TOMBSTONE",1,1,0,25
6.99,6.99,40590,"9825","7192100337","TOMBSTONE",0,0,0,8
6.99,6.99,40240,"9825","7192100337","TOMBSTONE",0,0,0,14
6.99,4.47,40247,"9825","7192100337","TOMBSTONE",0,1,0,30
5.8,5.8,40905,"9825","7192100337","TOMBSTONE",0,0,0,14
6.99,6.99,40569,"9825","7192100337","TOMBSTONE",0,0,0,2
5.99,5.99,39897,"9825","7192100337","TOMBSTONE",0,0,0,8
6.29,5.99,39834,"9825","7192100337","TOMBSTONE",1,1,0,18
6.36,6.36,40275,"9825","7192100337","TOMBSTONE",0,0,0,4
6.99,6.99,40191,"9825","7192100337","TOMBSTONE",0,0,0,6
6.59,5.64,40793,"9825","7192100337","TOMBSTONE",0,0,1,15
6.99,4.59,40261,"9825","7192100337","TOMBSTONE",0,1,0,43
6.99,6.99,40394,"9825","7192100337","TOMBSTONE",0,0,0,4
6.99,4.47,40254,"9825","7192100337","TOMBSTONE",0,1,0,9
3.14,3.14,40037,"19523","1111087395","PRIVATE LABEL",0,0,0,12
3.18,3.18,39869,"19523","1111087395","PRIVATE LABEL",0,0,0,20
3.17,3.17,40359,"19523","1111087395","PRIVATE LABEL",0,0,0,6
3.21,3.21,40506,"19523","1111087395","PRIVATE LABEL",0,0,0,27
3.3,3.3,39939,"19523","1111087395","PRIVATE LABEL",0,0,0,18
3.31,3.31,40219,"19523","1111087395","PRIVATE LABEL",0,0,0,10
3.15,3.15,40408,"19523","1111087395","PRIVATE LABEL",0,0,0,9
3.21,3.21,40226,"19523","1111087395","PRIVATE LABEL",0,0,0,18
3.34,3.34,40338,"19523","1111087395","PRIVATE LABEL",0,0,0,4
3.2,3.2,40142,"10019","1111087398","PRIVATE LABEL",0,0,0,17
3.24,3.24,40135,"10019","1111087398","PRIVATE LABEL",0,0,0,11
3.26,3.26,40100,"10019","1111087398","PRIVATE LABEL",0,0,0,13
3.27,3.31,40604,"10019","1111087398","PRIVATE LABEL",1,0,0,12
3.33,3.33,40429,"10019","1111087398","PRIVATE LABEL",0,0,0,6
3.34,3.34,40226,"10019","1111087398","PRIVATE LABEL",0,0,0,9
3.48,3.48,40863,"10019","1111087398","PRIVATE LABEL",0,0,0,14
3.79,3.3,40737,"10019","1111087398","PRIVATE LABEL",0,0,1,28
3.74,3.74,40765,"10019","1111087398","PRIVATE LABEL",0,0,0,5
3.34,3.34,40261,"10019","1111087398","PRIVATE LABEL",0,0,0,2
2.94,2.95,40184,"10019","1111087398","PRIVATE LABEL",1,0,0,45
3.24,3.24,40373,"10019","1111087398","PRIVATE LABEL",0,0,0,7
2.92,2.92,40569,"10019","1111087398","PRIVATE LABEL",0,0,0,10
3.63,3.63,40800,"10019","1111087398","PRIVATE LABEL",0,0,0,7
6.59,6.59,40275,"25233","7192100337","TOMBSTONE",1,0,0,10
6.59,4.77,40443,"25233","7192100337","TOMBSTONE",1,1,0,32
6.59,6.59,40527,"25233","7192100337","TOMBSTONE",0,0,0,4
6.59,6.59,40303,"25233","7192100337","TOMBSTONE",0,0,0,9
6.77,5,40667,"25233","7192100337","TOMBSTONE",1,1,0,36
6.59,6.59,40534,"25233","7192100337","TOMBSTONE",0,0,0,8
6.79,5.27,40716,"25233","7192100337","TOMBSTONE",0,0,1,10
6.59,6.59,40541,"25233","7192100337","TOMBSTONE",0,0,0,4
6.32,6.03,39827,"25233","7192100337","TOMBSTONE",1,1,0,22
6.79,5.27,40695,"25233","7192100337","TOMBSTONE",0,0,1,6
6.59,6.59,40590,"25233","7192100337","TOMBSTONE",0,0,0,12
6.99,6.99,40387,"23067","7192100337","TOMBSTONE",0,0,0,4
5.8,5.8,40863,"23067","7192100337","TOMBSTONE",0,0,0,10
6.99,4.77,40632,"23067","7192100337","TOMBSTONE",1,1,0,22
6.59,5.64,40786,"23067","7192100337","TOMBSTONE",0,0,1,13
5.8,5.8,40842,"23067","7192100337","TOMBSTONE",0,0,0,10
6.99,5.05,40135,"23067","7192100337","TOMBSTONE",1,1,0,36
6.99,6.99,40240,"23067","7192100337","TOMBSTONE",0,0,0,6
7.19,5,40667,"23067","7192100337","TOMBSTONE",1,1,0,23
6.99,6.99,40212,"23067","7192100337","TOMBSTONE",0,0,0,9
7.49,7.49,40051,"23067","7192100337","TOMBSTONE",0,0,0,1
5.8,5.8,40884,"23067","7192100337","TOMBSTONE",0,0,0,11
3.96,3.96,40828,"2277","1111087398","PRIVATE LABEL",0,0,0,15
5.24,3.94,40688,"2277","1111087398","PRIVATE LABEL",0,0,1,14
3.98,3.98,39890,"2277","1111087398","PRIVATE LABEL",0,0,0,16
3.96,3.96,40807,"2277","1111087398","PRIVATE LABEL",0,0,0,20
5.24,3.97,40709,"2277","1111087398","PRIVATE LABEL",0,0,1,29
3.85,3.85,39862,"2277","1111087398","PRIVATE LABEL",0,0,0,15
3.95,3.4,39932,"2277","1111087398","PRIVATE LABEL",1,0,0,32
3.96,3.96,40870,"2277","1111087398","PRIVATE LABEL",0,0,0,23
4.42,2.92,40170,"2277","1111087398","PRIVATE LABEL",1,0,0,49
3.95,3.32,39946,"2277","1111087398","PRIVATE LABEL",1,1,0,20
4.59,3.79,40415,"2277","1111087398","PRIVATE LABEL",0,0,1,16
5.24,4,40716,"2277","1111087398","PRIVATE LABEL",0,0,1,17
4.52,4.52,40261,"2277","1111087398","PRIVATE LABEL",0,0,0,7
3.87,3.87,40842,"2277","1111087398","PRIVATE LABEL",0,0,0,25
6.72,6.72,40660,"12011","7192100337","TOMBSTONE",0,0,0,9
6.59,6.59,40324,"12011","7192100337","TOMBSTONE",0,0,0,3
6.59,4.47,40261,"12011","7192100337","TOMBSTONE",1,1,0,55
6.59,4.47,40093,"12011","7192100337","TOMBSTONE",1,0,0,19
6.59,4.47,40100,"12011","7192100337","TOMBSTONE",0,0,1,17
6.59,4.99,40436,"12011","7192100337","TOMBSTONE",0,0,1,10
6.59,6.59,40590,"12011","7192100337","TOMBSTONE",0,0,0,6
6.59,4.53,40268,"12011","7192100337","TOMBSTONE",0,1,0,33
6.59,6.59,40303,"12011","7192100337","TOMBSTONE",0,0,0,3
6.59,4.86,40625,"12011","7192100337","TOMBSTONE",1,1,0,20
6.59,6.59,40121,"12011","7192100337","TOMBSTONE",0,0,0,9
5.8,5,40912,"12011","7192100337","TOMBSTONE",0,1,0,19
6.59,4.88,40632,"12011","7192100337","TOMBSTONE",0,1,0,16
7.29,7.29,40429,"2495","7218063052","TONYS",0,0,0,4
6.49,6.49,40289,"2495","7218063052","TONYS",0,0,0,5
7.29,7.29,40576,"2495","7218063052","TONYS",0,0,0,2
6.49,6.49,40205,"2495","7218063052","TONYS",0,0,0,3
7.29,7.29,40422,"2495","7218063052","TONYS",0,0,0,6
6.79,4.99,39855,"2495","7218063052","TONYS",0,1,0,6
7.29,4.99,40100,"2495","7218063052","TONYS",1,1,0,16
6.79,6.79,39841,"2495","7218063052","TONYS",0,0,0,3
6.49,6.49,40163,"2495","7218063052","TONYS",0,0,0,6
7.49,7.49,40849,"2495","7218063052","TONYS",0,0,0,3
4.62,4.62,40296,"2279","1111087396","PRIVATE LABEL",0,0,0,6
4.89,2.98,40191,"2279","1111087396","PRIVATE LABEL",1,0,0,65
4,3.28,40492,"2279","1111087396","PRIVATE LABEL",0,0,1,13
4.75,4.75,40107,"2279","1111087396","PRIVATE LABEL",0,0,0,7
4.6,4,40394,"2279","1111087396","PRIVATE LABEL",0,0,1,7
3.86,3.86,40646,"2279","1111087396","PRIVATE LABEL",0,0,0,17
4.89,3.26,40142,"2279","1111087396","PRIVATE LABEL",0,0,1,3
3.93,3.93,40044,"2279","1111087396","PRIVATE LABEL",0,0,0,10
3.96,3.96,40877,"2279","1111087396","PRIVATE LABEL",0,0,0,11
4,3.31,39939,"2279","1111087396","PRIVATE LABEL",1,1,0,26
3.97,3.97,40751,"2279","1111087396","PRIVATE LABEL",0,0,0,12
5.06,5.06,40681,"2279","1111087396","PRIVATE LABEL",0,0,0,7
4.79,3.71,40275,"2279","1111087396","PRIVATE LABEL",1,0,0,17
3.93,3.93,39862,"25001","1111087396","PRIVATE LABEL",0,0,0,24
5.29,4,40716,"25001","1111087396","PRIVATE LABEL",0,0,1,8
3.8,3.8,39967,"25001","1111087396","PRIVATE LABEL",0,0,0,6
5.05,5.05,40562,"25001","1111087396","PRIVATE LABEL",0,0,0,8
3.97,3.97,40870,"25001","1111087396","PRIVATE LABEL",0,0,0,14
4.81,4.81,40135,"25001","1111087396","PRIVATE LABEL",0,0,0,1
5.29,3.91,40709,"25001","1111087396","PRIVATE LABEL",0,0,1,7
3.96,3.96,39981,"25001","1111087396","PRIVATE LABEL",0,0,0,11
4.79,4.79,40359,"25001","1111087396","PRIVATE LABEL",0,0,0,2
4.43,4.43,40226,"25001","1111087396","PRIVATE LABEL",0,0,0,11
4,4,40030,"25001","1111087396","PRIVATE LABEL",0,0,0,9
3.32,3.24,40541,"25001","1111087396","PRIVATE LABEL",1,0,0,35
4.97,4.97,40072,"25001","1111087396","PRIVATE LABEL",0,0,0,5
