grocery-store-data.csv
"BASE_PRICE","PRICE","WEEK_END_DATE","STORE_NUM","UPC","MANUFACTURER","DISPLAY","FEATURE","TPR_ONLY","UNITS"
6.21,6.21,39918,"6187","7192100339","TOMBSTONE",0,0,0,10
5.99,5.49,39911,"6187","7192100339","TOMBSTONE",0,1,0,25
6.99,6.99,40534,"6187","7192100339","TOMBSTONE",0,0,0,6
6.99,6.99,40065,"6187","7192100339","TOMBSTONE",0,0,0,10
6.99,5.5,40506,"6187","7192100339","TOMBSTONE",1,1,0,30
7.49,7.49,40023,"6187","7192100339","TOMBSTONE",0,0,0,10
6.99,6.99,40170,"6187","7192100339","TOMBSTONE",0,0,0,7
7.19,7.19,40604,"6187","7192100339","TOMBSTONE",0,0,0,6
6.49,6.49,40716,"6187","7192100339","TOMBSTONE",0,0,0,17
6.29,5.01,40002,"6187","7192100339","TOMBSTONE",1,1,0,54
7.49,7.49,40037,"6187","7192100339","TOMBSTONE",0,0,0,12
6.51,6.51,39918,"19533","7192100339","TOMBSTONE",0,0,0,13
5.8,5.8,40884,"19533","7192100339","TOMBSTONE",0,0,0,24
6.59,4.57,40247,"19533","7192100339","TOMBSTONE",1,1,0,42
6.59,6.59,40534,"19533","7192100339","TOMBSTONE",0,0,0,16
6.59,4.49,40261,"19533","7192100339","TOMBSTONE",1,1,0,86
6.59,6.59,40072,"19533","7192100339","TOMBSTONE",0,0,0,5
6.59,6.59,40527,"19533","7192100339","TOMBSTONE",0,0,0,10
5.99,5.49,39904,"19533","7192100339","TOMBSTONE",0,1,0,11
6.59,6.59,40499,"19533","7192100339","TOMBSTONE",0,0,0,7
6.59,4.99,40583,"19533","7192100339","TOMBSTONE",0,1,0,52
6.59,6.59,40653,"19533","7192100339","TOMBSTONE",0,0,0,14
6.59,6.59,40331,"19533","7192100339","TOMBSTONE",0,0,0,7
5.64,5.5,40765,"19533","7192100339","TOMBSTONE",1,1,0,27
6.89,4.48,40478,"28909","7218063979","TONYS",1,1,0,44
6.29,6.29,40338,"28909","7218063979","TONYS",0,0,0,8
6.27,6.27,40247,"28909","7218063979","TONYS",0,0,0,7
6.89,4.49,40457,"28909","7218063979","TONYS",1,1,0,26
7.49,7.49,40870,"28909","7218063979","TONYS",0,0,0,4
7.49,7.49,40737,"28909","7218063979","TONYS",0,0,0,3
7.49,7.49,40842,"28909","7218063979","TONYS",0,0,0,2
6.38,5.49,40016,"28909","7218063979","TONYS",0,0,1,5
7.09,7.09,40709,"28909","7218063979","TONYS",0,0,0,5
6.89,4.49,40527,"28909","7218063979","TONYS",0,1,0,50
7.09,7.09,40646,"28909","7218063979","TONYS",0,0,0,5
6.38,6.38,39981,"28909","7218063979","TONYS",0,0,0,2
6.46,4.99,39862,"28909","7218063979","TONYS",1,0,0,20
3.82,3.82,40436,"13609","1111087396","PRIVATE LABEL",0,0,0,9
4,4,39995,"13609","1111087396","PRIVATE LABEL",0,0,0,6
4.85,4.85,40156,"13609","1111087396","PRIVATE LABEL",0,0,0,12
4.79,4.79,40345,"13609","1111087396","PRIVATE LABEL",0,0,0,1
3.87,3.87,40863,"13609","1111087396","PRIVATE LABEL",0,0,0,11
4,4,39876,"13609","1111087396","PRIVATE LABEL",0,0,0,8
4,4,40786,"13609","1111087396","PRIVATE LABEL",0,0,0,3
4.95,4.95,40576,"13609","1111087396","PRIVATE LABEL",0,0,0,3
3.88,3.88,39869,"13609","1111087396","PRIVATE LABEL",0,0,0,8
4,3.45,40058,"13609","1111087396","PRIVATE LABEL",0,0,1,16
4,4,40443,"13609","1111087396","PRIVATE LABEL",0,0,0,4
4.55,4,40387,"13609","1111087396","PRIVATE LABEL",0,0,1,11
5.29,4,40716,"13609","1111087396","PRIVATE LABEL",0,0,1,8
4.55,4.55,40352,"6179","1111087396","PRIVATE LABEL",0,0,0,2
4.89,4.89,40072,"6179","1111087396","PRIVATE LABEL",0,0,0,5
5.29,4,40716,"6179","1111087396","PRIVATE LABEL",0,0,1,4
3.95,3.95,40660,"6179","1111087396","PRIVATE LABEL",0,0,0,8
4.79,3.79,40275,"6179","1111087396","PRIVATE LABEL",1,0,0,13
4,4,40828,"6179","1111087396","PRIVATE LABEL",0,0,0,2
4,4,40905,"6179","1111087396","PRIVATE LABEL",0,0,0,1
4,3.24,39946,"6179","1111087396","PRIVATE LABEL",1,1,0,14
3.83,3.83,40044,"6179","1111087396","PRIVATE LABEL",0,0,0,8
3.35,3.35,40898,"15763","1111087395","PRIVATE LABEL",0,0,0,7
3,3,40632,"15763","1111087395","PRIVATE LABEL",0,0,0,5
3.06,3.3,40667,"15763","1111087395","PRIVATE LABEL",1,1,0,11
3.33,3.33,40625,"15763","1111087395","PRIVATE LABEL",0,0,0,1
3.15,3.15,39827,"15763","1111087395","PRIVATE LABEL",0,0,0,9
3.34,3.34,40646,"15763","1111087395","PRIVATE LABEL",0,0,0,2
3.57,3.57,40905,"15763","1111087395","PRIVATE LABEL",0,0,0,4
3.79,3.79,40800,"15763","1111087395","PRIVATE LABEL",0,0,0,1
6.38,6.38,40149,"11761","7218063052","TONYS",0,0,0,9
6.38,6.38,39939,"11761","7218063052","TONYS",0,0,0,5
7.49,7.49,40786,"11761","7218063052","TONYS",0,0,0,8
6.89,4.48,40478,"11761","7218063052","TONYS",1,1,0,30
6.89,6.89,40394,"11761","7218063052","TONYS",0,0,0,6
6.38,6.38,39988,"11761","7218063052","TONYS",0,0,0,5
6.38,6.38,40023,"11761","7218063052","TONYS",0,0,0,6
6.89,6.89,40429,"11761","7218063052","TONYS",0,0,0,3
6.89,4.49,40457,"11761","7218063052","TONYS",1,1,0,24
6.89,6.89,40492,"11761","7218063052","TONYS",0,0,0,2
7.29,4.49,40485,"13837","7218063052","TONYS",1,1,0,10
7.29,7.29,40492,"13837","7218063052","TONYS",0,0,0,2
6.79,6.79,39960,"13837","7218063052","TONYS",0,0,0,9
7.29,4.72,40457,"13837","7218063052","TONYS",1,1,0,12
6.99,5.15,40912,"13837","7218063052","TONYS",1,1,0,13
7.29,7.29,40611,"13837","7218063052","TONYS",0,0,0,1
6.49,6.49,40289,"13837","7218063052","TONYS",0,0,0,9
6.49,6.49,40121,"13837","7218063052","TONYS",0,0,0,10
7.29,6.49,40233,"13837","7218063052","TONYS",0,0,1,7
6.59,6.59,40163,"23327","7192100337","TOMBSTONE",0,0,0,9
6.53,5.27,40702,"23327","7192100337","TOMBSTONE",1,1,0,14
6.59,6.59,40653,"23327","7192100337","TOMBSTONE",0,0,0,3
6.59,6.59,40310,"23327","7192100337","TOMBSTONE",0,0,0,7
6.59,6.59,40289,"23327","7192100337","TOMBSTONE",0,0,0,7
6.59,4.47,40254,"23327","7192100337","TOMBSTONE",1,0,0,15
6.59,4.56,40268,"23327","7192100337","TOMBSTONE",0,1,0,24
5.27,5.27,40849,"23327","7192100337","TOMBSTONE",0,0,0,11
6.59,6.59,40394,"23327","7192100337","TOMBSTONE",0,0,0,14
5.27,5.27,40905,"23327","7192100337","TOMBSTONE",0,0,0,8
3.26,3.26,40093,"25233","1111087398","PRIVATE LABEL",0,0,0,9
3.79,3.79,40751,"25233","1111087398","PRIVATE LABEL",0,0,0,3
3.31,3.31,39981,"25233","1111087398","PRIVATE LABEL",0,0,0,15
3.28,3.28,40345,"25233","1111087398","PRIVATE LABEL",0,0,0,6
3.1,3.1,40065,"25233","1111087398","PRIVATE LABEL",0,0,0,7
3.34,3.34,40506,"25233","1111087398","PRIVATE LABEL",0,0,0,4
3.25,3.25,40450,"25233","1111087398","PRIVATE LABEL",0,0,0,8
3.11,3.11,40100,"25233","1111087398","PRIVATE LABEL",0,0,0,3
3.3,3.3,40408,"25233","1111087398","PRIVATE LABEL",0,0,0,17
3.33,2.87,40275,"25233","1111087398","PRIVATE LABEL",0,0,1,13
3.2,3.29,40674,"25233","1111087398","PRIVATE LABEL",1,0,0,16
3.33,3.33,40023,"25233","1111087398","PRIVATE LABEL",0,0,0,13
3.27,3.27,40051,"25233","1111087398","PRIVATE LABEL",0,0,0,11
4,4,40877,"23055","1111087398","PRIVATE LABEL",0,0,0,6
3.9,3.2,39869,"23055","1111087398","PRIVATE LABEL",0,0,1,5
4.83,4.83,40128,"23055","1111087398","PRIVATE LABEL",0,0,0,8
4.89,4.89,40142,"23055","1111087398","PRIVATE LABEL",0,0,0,6
4.07,4.07,40800,"23055","1111087398","PRIVATE LABEL",0,0,0,20
5.29,3.89,40716,"23055","1111087398","PRIVATE LABEL",0,0,1,5
4.23,4.23,40765,"23055","1111087398","PRIVATE LABEL",0,0,0,11
4.79,4.79,40226,"23055","1111087398","PRIVATE LABEL",0,0,0,5
3.9,3.9,39862,"23055","1111087398","PRIVATE LABEL",0,0,0,20
4.75,4,40814,"23055","1111087398","PRIVATE LABEL",0,0,1,4
4.67,4.67,40296,"23055","1111087398","PRIVATE LABEL",0,0,0,4
6.59,6.59,40653,"15765","7192100339","TOMBSTONE",0,0,0,13
6.59,6.59,40527,"15765","7192100339","TOMBSTONE",0,0,0,9
6.59,6.59,39974,"15765","7192100339","TOMBSTONE",0,0,0,9
6.59,6.59,39932,"15765","7192100339","TOMBSTONE",0,0,0,10
6.28,6.28,39876,"15765","7192100339","TOMBSTONE",0,0,0,7
6.59,6.59,40065,"15765","7192100339","TOMBSTONE",0,0,0,6
6.59,6.59,40492,"15765","7192100339","TOMBSTONE",0,0,0,9
6.59,6.59,40289,"15765","7192100339","TOMBSTONE",0,0,0,9
6.59,6.59,40212,"15765","7192100339","TOMBSTONE",0,0,0,12
6.59,6.59,40051,"15765","7192100339","TOMBSTONE",0,0,0,9
5.49,5.49,40751,"15765","7192100339","TOMBSTONE",0,0,0,11
6.29,6.29,40478,"15765","7192100339","TOMBSTONE",0,0,0,7
6.59,4.47,40261,"15765","7192100339","TOMBSTONE",0,1,0,35
3.91,3.33,40464,"6179","1111087398","PRIVATE LABEL",0,0,1,2
4.81,4.81,40212,"6179","1111087398","PRIVATE LABEL",0,0,0,6
4.75,4.75,40338,"6179","1111087398","PRIVATE LABEL",0,0,0,11
4,3.3,39946,"6179","1111087398","PRIVATE LABEL",0,1,0,21
3.29,3.29,40499,"6179","1111087398","PRIVATE LABEL",0,0,0,13
4,4,40443,"6179","1111087398","PRIVATE LABEL",0,0,0,6
4.73,3.15,40086,"6179","1111087398","PRIVATE LABEL",0,0,1,2
5.17,3.48,40625,"6179","1111087398","PRIVATE LABEL",0,0,1,12
6.59,6.59,40226,"29159","7192100336","TOMBSTONE",0,0,0,9
6.59,6.59,40317,"29159","7192100336","TOMBSTONE",0,0,0,7
6.59,6.59,40072,"29159","7192100336","TOMBSTONE",0,0,0,8
6.59,6.59,40359,"29159","7192100336","TOMBSTONE",0,0,0,6
6.39,6.39,39862,"29159","7192100336","TOMBSTONE",0,0,0,4
5.64,5.64,40751,"29159","7192100336","TOMBSTONE",0,0,0,6
6.59,6.59,39953,"29159","7192100336","TOMBSTONE",0,0,0,3
6.59,6.59,40198,"29159","7192100336","TOMBSTONE",0,0,0,8
4,4,40828,"26973","1111087395","PRIVATE LABEL",0,0,0,8
4,4,40037,"26973","1111087395","PRIVATE LABEL",0,0,0,7
4,4,39988,"26973","1111087395","PRIVATE LABEL",0,0,0,10
3.91,3.91,40870,"26973","1111087395","PRIVATE LABEL",0,0,0,7
4,4,39897,"26973","1111087395","PRIVATE LABEL",0,0,0,14
3.98,3.29,39834,"26973","1111087395","PRIVATE LABEL",1,0,0,29
4,4,39883,"26973","1111087395","PRIVATE LABEL",0,0,0,4
4,3.31,40667,"26973","1111087395","PRIVATE LABEL",0,1,0,15
3.88,3.88,40695,"26973","1111087395","PRIVATE LABEL",0,0,0,5
3.34,2.81,40240,"23349","1111087396","PRIVATE LABEL",0,0,1,19
3.6,3.6,40800,"23349","1111087396","PRIVATE LABEL",0,0,0,8
3.28,3.28,40345,"23349","1111087396","PRIVATE LABEL",0,0,0,11
3.6,3.29,40737,"23349","1111087396","PRIVATE LABEL",1,0,0,32
3.22,3.22,40310,"23349","1111087396","PRIVATE LABEL",0,0,0,15
3.26,3.26,40198,"23349","1111087396","PRIVATE LABEL",0,0,0,12
3.33,3.33,40261,"23349","1111087396","PRIVATE LABEL",0,0,0,6
3.31,3.31,39841,"23349","1111087396","PRIVATE LABEL",0,0,0,12
6.49,4.99,40793,"19265","2066200530","KING",0,0,1,10
5.99,5.99,40415,"19265","2066200530","KING",0,0,0,10
5.99,5.99,40772,"19265","2066200530","KING",0,0,0,3
5.99,5.99,40555,"19265","2066200530","KING",0,0,0,5
5.99,5.99,40751,"19265","2066200530","KING",0,0,0,5
5.99,5.99,40345,"19265","2066200530","KING",0,0,0,7
5.99,5.99,40870,"19265","2066200530","KING",0,0,0,3
6.99,6.99,40905,"19265","2066200530","KING",0,0,0,2
6.49,6.49,40779,"19265","2066200530","KING",0,0,0,4
3.97,3.97,40653,"367","1111087396","PRIVATE LABEL",0,0,0,4
5.29,4,40716,"367","1111087396","PRIVATE LABEL",0,0,1,5
4,4,39869,"367","1111087396","PRIVATE LABEL",0,0,0,16
4.8,4,40401,"367","1111087396","PRIVATE LABEL",0,0,1,4
4.8,3.97,40387,"367","1111087396","PRIVATE LABEL",0,0,1,14
3.92,3.92,40660,"367","1111087396","PRIVATE LABEL",0,0,0,5
3.98,3.98,40828,"367","1111087396","PRIVATE LABEL",0,0,0,19
4.56,4.56,40079,"367","1111087396","PRIVATE LABEL",0,0,0,3
3.96,3.96,40877,"367","1111087396","PRIVATE LABEL",0,0,0,10
6.79,5.27,40709,"21485","7192100336","TOMBSTONE",1,1,0,6
6.59,4.49,40464,"21485","7192100336","TOMBSTONE",0,1,0,16
6.59,6.59,40233,"21485","7192100336","TOMBSTONE",0,0,0,5
6.59,6.59,39918,"21485","7192100336","TOMBSTONE",0,0,0,4
6.79,6.79,40674,"21485","7192100336","TOMBSTONE",0,0,0,5
6.59,6.59,40107,"21485","7192100336","TOMBSTONE",0,0,0,3
6.59,6.59,40324,"21485","7192100336","TOMBSTONE",0,0,0,4
5.27,5.27,40821,"21485","7192100336","TOMBSTONE",0,0,0,4
3.34,3.34,39953,"23345","1111087395","PRIVATE LABEL",0,0,0,3
3.28,3.28,39988,"23345","1111087395","PRIVATE LABEL",0,0,0,13
3.34,3.34,40338,"23345","1111087395","PRIVATE LABEL",0,0,0,4
3.28,3.28,40107,"23345","1111087395","PRIVATE LABEL",0,0,0,6
3.33,3.33,39904,"23345","1111087395","PRIVATE LABEL",0,0,0,5
3.17,3.17,40408,"23345","1111087395","PRIVATE LABEL",0,0,0,2
3.56,3.56,40751,"23345","1111087395","PRIVATE LABEL",0,0,0,4
3.34,2.86,40163,"23345","1111087395","PRIVATE LABEL",0,1,0,7
3.5,3.5,40884,"23345","1111087395","PRIVATE LABEL",0,0,0,7
3.22,3.22,39995,"23345","1111087395","PRIVATE LABEL",0,0,0,3
3.1,3.1,40044,"23345","1111087395","PRIVATE LABEL",0,0,0,7
3.34,3.34,40695,"23345","1111087395","PRIVATE LABEL",0,0,0,5
6.99,4.99,40352,"21237","7192100337","TOMBSTONE",1,1,0,41
6.99,4.99,40408,"21237","7192100337","TOMBSTONE",1,1,0,52
6.99,4.47,40086,"21237","7192100337","TOMBSTONE",1,1,0,80
6.59,5.64,40793,"21237","7192100337","TOMBSTONE",0,0,1,11
5.99,5.49,39904,"21237","7192100337","TOMBSTONE",0,1,0,27
6.99,6.99,40520,"21237","7192100337","TOMBSTONE",0,0,0,24
6.29,4.9,39960,"21237","7192100337","TOMBSTONE",0,1,0,40
6.99,6.99,40359,"21237","7192100337","TOMBSTONE",0,0,0,5
6.99,4.49,40471,"21237","7192100337","TOMBSTONE",1,1,0,58
6.99,4.47,40100,"21237","7192100337","TOMBSTONE",1,0,0,47
6.99,6.99,40191,"21237","7192100337","TOMBSTONE",0,0,0,22
6.99,6.99,40233,"11757","7192100336","TOMBSTONE",0,0,0,5
6.59,5.64,40765,"11757","7192100336","TOMBSTONE",1,1,0,7
7.19,7.19,40604,"11757","7192100336","TOMBSTONE",0,0,0,2
7.49,7.49,40016,"11757","7192100336","TOMBSTONE",0,0,0,2
6.99,4.99,40457,"11757","7192100336","TOMBSTONE",0,0,1,13
6.59,4.99,40737,"11757","7192100336","TOMBSTONE",1,1,0,34
6.99,6.99,40170,"11757","7192100336","TOMBSTONE",0,0,0,5
6.99,6.99,40177,"11757","7192100336","TOMBSTONE",0,0,0,2
6.99,5.11,40205,"11757","7192100336","TOMBSTONE",1,1,0,17
6.41,6.41,39918,"11757","7192100336","TOMBSTONE",0,0,0,10
6.99,6.99,40303,"11757","7192100336","TOMBSTONE",0,0,0,5
6.29,6.29,39988,"11757","7192100336","TOMBSTONE",0,0,0,8
6.99,6.99,40163,"11757","7192100336","TOMBSTONE",0,0,0,4
6.99,4.99,40142,"11757","7192100336","TOMBSTONE",1,0,0,18
6.99,6.99,40541,"11757","7192100336","TOMBSTONE",0,0,0,3
6.78,6.78,40156,"11757","7192100336","TOMBSTONE",0,0,0,13
5.8,5.8,40863,"11757","7192100336","TOMBSTONE",0,0,0,15
5.64,5.64,40821,"11757","7192100336","TOMBSTONE",0,0,0,8
6.59,6.59,40023,"2513","7192100339","TOMBSTONE",0,0,0,19
5.27,5.27,40835,"2513","7192100339","TOMBSTONE",0,0,0,13
6.59,6.59,39946,"2513","7192100339","TOMBSTONE",0,0,0,9
6.59,4.93,40443,"2513","7192100339","TOMBSTONE",1,1,0,46
6.59,6.59,40275,"2513","7192100339","TOMBSTONE",0,0,0,17
6.79,5.27,40695,"2513","7192100339","TOMBSTONE",0,0,1,16
6.59,5.05,40457,"2513","7192100339","TOMBSTONE",0,0,1,25
6.59,6.59,39953,"2513","7192100339","TOMBSTONE",0,0,0,17
6.59,6.59,40219,"2513","7192100339","TOMBSTONE",0,0,0,14
6.59,6.59,39939,"2513","7192100339","TOMBSTONE",0,0,0,14
6.59,4.99,40422,"2513","7192100339","TOMBSTONE",0,0,1,20
6.39,6.39,39869,"2513","7192100339","TOMBSTONE",0,0,0,21
5.27,5.27,40877,"17615","7192100339","TOMBSTONE",1,1,0,24
6.59,6.59,39932,"17615","7192100339","TOMBSTONE",0,0,0,14
6.72,5,40667,"17615","7192100339","TOMBSTONE",1,1,0,35
5.49,5.49,40772,"17615","7192100339","TOMBSTONE",1,1,0,21
6.59,6.59,40520,"17615","7192100339","TOMBSTONE",0,0,0,12
6.59,6.59,40492,"17615","7192100339","TOMBSTONE",0,0,0,10
6.59,6.59,40044,"17615","7192100339","TOMBSTONE",1,0,0,16
6.59,4.56,40268,"17615","7192100339","TOMBSTONE",1,1,0,49
6.41,6.41,40107,"17615","7192100339","TOMBSTONE",0,0,0,12
6.59,6.59,40478,"17615","7192100339","TOMBSTONE",0,0,0,11
6.59,4.57,40471,"17615","7192100339","TOMBSTONE",1,1,0,27
6.29,6.29,39932,"15531","7192100337","TOMBSTONE",0,0,0,7
6.99,4.99,40429,"15531","7192100337","TOMBSTONE",0,0,1,14
6.29,6.29,39995,"15531","7192100337","TOMBSTONE",0,0,0,5
6.99,6.99,40317,"15531","7192100337","TOMBSTONE",0,0,0,3
6.99,4.99,40422,"15531","7192100337","TOMBSTONE",0,0,1,13
5.99,5.49,39904,"15531","7192100337","TOMBSTONE",1,1,0,20
7.19,4.77,40632,"15531","7192100337","TOMBSTONE",0,1,0,31
6.59,5.64,40786,"15531","7192100337","TOMBSTONE",0,0,1,6
6.59,6.59,40359,"10019","7192100337","TOMBSTONE",0,0,0,1
6.59,6.59,40590,"10019","7192100337","TOMBSTONE",0,0,0,2
6.59,6.59,40310,"10019","7192100337","TOMBSTONE",0,0,0,2
6.59,4.88,40450,"10019","7192100337","TOMBSTONE",0,0,1,2
5.49,5.49,40758,"10019","7192100337","TOMBSTONE",0,0,0,9
6.59,6.59,40016,"10019","7192100337","TOMBSTONE",0,0,0,4
6.59,6.59,40317,"10019","7192100337","TOMBSTONE",0,0,0,5
6.59,5.66,40135,"10019","7192100337","TOMBSTONE",0,0,1,12
5.49,5.27,40807,"10019","7192100337","TOMBSTONE",0,1,0,31
6.59,4.47,40247,"10019","7192100337","TOMBSTONE",0,1,0,33
6.59,6.59,39939,"10019","7192100337","TOMBSTONE",0,0,0,5
6.59,6.59,40653,"10019","7192100337","TOMBSTONE",0,0,0,4
5.27,5.27,40856,"10019","7192100337","TOMBSTONE",0,0,0,16
6.79,4.99,39855,"6379","7218063983","TONYS",1,1,0,20
7.89,7.89,40723,"6379","7218063983","TONYS",0,0,0,8
7.49,7.49,40653,"6379","7218063983","TONYS",0,0,0,7
6.49,6.49,40135,"6379","7218063983","TONYS",0,0,0,5
6.79,4.99,39862,"6379","7218063983","TONYS",1,0,0,13
6.49,6.49,40338,"6379","7218063983","TONYS",0,0,0,6
7.29,7.29,40471,"6379","7218063983","TONYS",0,0,0,2
7.29,7.29,40548,"6379","7218063983","TONYS",0,0,0,5
5.99,5.99,40457,"6187","2066200530","KING",0,0,0,8
6.49,6.49,40786,"6187","2066200530","KING",0,0,0,2
5.99,5.99,40653,"6187","2066200530","KING",0,0,0,2
5.99,5.99,40331,"6187","2066200530","KING",0,0,0,4
5.99,4.99,40527,"6187","2066200530","KING",0,0,1,6
5.99,5.99,40625,"6187","2066200530","KING",0,0,0,4
5.99,5.99,40569,"6187","2066200530","KING",0,0,0,3
5.99,5.99,40674,"6187","2066200530","KING",0,0,0,2
5.99,5.99,40541,"6187","2066200530","KING",0,0,0,6
5.99,5.99,40471,"6187","2066200530","KING",0,0,0,5
5.99,5.99,40590,"6187","2066200530","KING",0,0,0,10
5.8,5.22,40912,"8035","7192100339","TOMBSTONE",0,1,0,11
6.99,6.99,40569,"8035","7192100339","TOMBSTONE",0,0,0,2
6.99,6.99,40317,"8035","7192100339","TOMBSTONE",0,0,0,12
6.29,5.99,39827,"8035","7192100339","TOMBSTONE",0,1,0,27
6.99,6.99,40499,"8035","7192100339","TOMBSTONE",0,0,0,18
5.99,5.99,39883,"8035","7192100339","TOMBSTONE",0,0,0,14
6.37,5.49,39904,"8035","7192100339","TOMBSTONE",0,1,0,10
6.29,6.29,39932,"8035","7192100339","TOMBSTONE",0,0,0,4
6.37,6.37,39897,"8035","7192100339","TOMBSTONE",0,0,0,8
6.29,6.29,39918,"8035","7192100339","TOMBSTONE",0,0,0,9
6.99,6.99,40590,"8035","7192100339","TOMBSTONE",0,0,0,5
6.59,5.64,40793,"8035","7192100339","TOMBSTONE",0,0,1,9
5.8,5.8,40891,"8035","7192100339","TOMBSTONE",0,0,0,30
