grocery-store-data.csv
"BASE_PRICE","PRICE","WEEK_END_DATE","STORE_NUM","UPC","MANUFACTURER","DISPLAY","FEATURE","TPR_ONLY","UNITS"
6.79,4.49,39897,"21479","7218063052","TONYS",0,1,0,9
7.49,7.49,40849,"21479","7218063052","TONYS",0,0,0,1
6.89,5.29,40359,"21479","7218063052","TONYS",0,0,1,4
7.49,4.99,40681,"21479","7218063052","TONYS",0,1,0,2
7.49,7.49,40870,"21479","7218063052","TONYS",0,0,0,1
6.79,4.99,39862,"21479","7218063052","TONYS",0,0,1,7
6.79,6.79,39925,"21479","7218063052","TONYS",0,0,0,2
6.79,6.79,39827,"21479","7218063052","TONYS",0,0,0,2
7.49,5.99,40828,"21479","7218063052","TONYS",0,1,0,3
6.89,6.89,40345,"21479","7218063052","TONYS",0,0,0,2
6.59,5.64,40779,"25021","7192100339","TOMBSTONE",0,0,1,19
6.99,6.99,40324,"25021","7192100339","TOMBSTONE",0,0,0,5
6.59,5.88,40702,"25021","7192100339","TOMBSTONE",0,1,0,45
7.19,5.19,40667,"25021","7192100339","TOMBSTONE",1,1,0,53
6.99,5.04,40345,"25021","7192100339","TOMBSTONE",0,1,0,37
6.99,5.07,40142,"25021","7192100339","TOMBSTONE",1,0,0,48
6.48,6.48,40744,"25021","7192100339","TOMBSTONE",0,0,0,14
6.59,5.64,40772,"25021","7192100339","TOMBSTONE",1,1,0,19
6.29,6.29,39939,"25021","7192100339","TOMBSTONE",0,0,0,13
6.99,4.99,40436,"25021","7192100339","TOMBSTONE",0,0,1,36
6.59,5.1,40002,"25021","7192100339","TOMBSTONE",1,1,0,45
6.59,5.64,40765,"25021","7192100339","TOMBSTONE",0,1,0,45
3.28,3.28,40394,"6379","1111087395","PRIVATE LABEL",0,0,0,12
3.66,3.66,40779,"6379","1111087395","PRIVATE LABEL",0,0,0,19
3.22,3.22,40702,"6379","1111087395","PRIVATE LABEL",0,0,0,23
3.1,3.1,40324,"6379","1111087395","PRIVATE LABEL",0,0,0,14
3.2,3.2,40254,"6379","1111087395","PRIVATE LABEL",0,0,0,4
3.65,3.65,40821,"6379","1111087395","PRIVATE LABEL",0,0,0,10
3.3,3.3,40492,"6379","1111087395","PRIVATE LABEL",0,0,0,10
3.29,2.91,40555,"6379","1111087395","PRIVATE LABEL",0,0,1,15
3.28,3.28,40681,"6379","1111087395","PRIVATE LABEL",0,0,0,17
3.19,2.8,40513,"6379","1111087395","PRIVATE LABEL",0,0,1,8
6.59,4.77,40443,"2505","7192100336","TOMBSTONE",1,1,0,24
5.27,5.27,40870,"2505","7192100336","TOMBSTONE",0,1,0,14
6.59,4.77,40611,"2505","7192100336","TOMBSTONE",1,1,0,41
6.59,6.59,40233,"2505","7192100336","TOMBSTONE",0,0,0,6
6.59,6.59,40128,"2505","7192100336","TOMBSTONE",0,0,0,4
6.59,4.77,40632,"2505","7192100336","TOMBSTONE",0,1,0,20
6.75,5,40667,"2505","7192100336","TOMBSTONE",1,1,0,29
6.59,6.59,40499,"2505","7192100336","TOMBSTONE",0,0,0,2
5.27,5.27,40877,"2505","7192100336","TOMBSTONE",0,1,0,12
6.59,6.59,40359,"2505","7192100336","TOMBSTONE",0,0,0,5
6.59,6.59,40569,"2505","7192100336","TOMBSTONE",0,0,0,1
6.75,4.99,40737,"2505","7192100336","TOMBSTONE",1,1,0,24
7.29,7.29,40429,"11993","7218063052","TONYS",0,0,0,4
7.49,7.49,40814,"11993","7218063052","TONYS",0,0,0,8
6.49,3.99,40184,"11993","7218063052","TONYS",0,1,0,27
6.79,6.79,40023,"11993","7218063052","TONYS",0,0,0,7
7.49,5.38,40863,"11993","7218063052","TONYS",0,1,0,23
7.29,7.29,40576,"11993","7218063052","TONYS",0,0,0,5
7.22,4.99,40240,"11993","7218063052","TONYS",0,1,0,11
6.49,6.49,40156,"11993","7218063052","TONYS",0,0,0,3
6.79,6.79,39974,"11993","7218063052","TONYS",0,0,0,5
5.94,5.29,40366,"11993","7218063052","TONYS",0,0,1,14
7.29,4.1,40590,"11993","7218063052","TONYS",0,1,0,29
7.49,7.49,40807,"11993","7218063052","TONYS",0,0,0,8
6.89,6.89,40065,"15531","7218063052","TONYS",0,0,0,1
6.89,4.49,40457,"15531","7218063052","TONYS",1,1,0,9
7.49,4.99,40758,"15531","7218063052","TONYS",0,1,0,8
6.89,4.48,40478,"15531","7218063052","TONYS",0,1,0,15
6.38,4.99,40051,"15531","7218063052","TONYS",1,1,0,11
6.29,6.29,40338,"15531","7218063052","TONYS",0,0,0,1
6.27,6.27,40296,"15531","7218063052","TONYS",0,0,0,1
6.89,6.89,40471,"15531","7218063052","TONYS",0,0,0,3
6.89,6.89,40415,"15531","7218063052","TONYS",0,0,0,4
6.49,6.49,40317,"25261","7218063052","TONYS",0,0,0,4
4.99,4.99,40107,"25261","7218063052","TONYS",0,0,0,29
7.29,7.29,40548,"25261","7218063052","TONYS",0,0,0,6
6.49,6.49,40387,"25261","7218063052","TONYS",0,0,0,4
7.89,7.89,40737,"25261","7218063052","TONYS",0,0,0,3
7.29,4.99,40240,"25261","7218063052","TONYS",0,1,0,21
7.29,5.99,40233,"25261","7218063052","TONYS",0,0,1,6
7.49,7.49,40646,"25261","7218063052","TONYS",0,0,0,1
7.29,7.29,40415,"25261","7218063052","TONYS",0,0,0,2
6.99,6.99,40898,"25261","7218063052","TONYS",0,0,0,2
7.29,6.49,40289,"25261","7218063052","TONYS",0,0,1,2
7.29,7.29,40604,"25261","7218063052","TONYS",0,0,0,3
7.13,7.13,40408,"19533","7218063052","TONYS",0,0,0,5
7.49,7.49,40800,"19533","7218063052","TONYS",0,0,0,3
7.49,7.49,40660,"19533","7218063052","TONYS",0,0,0,1
7.49,7.49,40702,"19533","7218063052","TONYS",0,0,0,1
7.49,5.28,40863,"19533","7218063052","TONYS",1,1,0,21
6.49,6.49,40121,"19533","7218063052","TONYS",0,0,0,7
6.49,5.29,40380,"19533","7218063052","TONYS",0,0,1,11
6.49,3.99,40191,"19533","7218063052","TONYS",0,1,0,18
7.49,7.49,40688,"19533","7218063052","TONYS",0,0,0,3
7.49,7.49,40786,"19533","7218063052","TONYS",0,0,0,2
7.49,7.49,40667,"19533","7218063052","TONYS",0,0,0,8
7.89,7.89,40765,"19533","7218063052","TONYS",0,0,0,2
6.99,6.99,40905,"19533","7218063052","TONYS",0,0,0,3
4.99,4.99,40107,"19533","7218063052","TONYS",0,0,0,13
7.29,4.49,40485,"19533","7218063052","TONYS",1,1,0,29
7.49,7.49,40842,"19533","7218063052","TONYS",0,0,0,3
7.29,7.29,40541,"19533","7218063052","TONYS",0,0,0,3
6.99,5,40912,"19533","7218063052","TONYS",0,1,0,13
7.29,7.29,40534,"19533","7218063052","TONYS",0,0,0,2
6.79,5.87,39904,"19533","7218063052","TONYS",0,0,1,5
6.89,6.89,40443,"23075","7218063052","TONYS",0,0,0,8
6.38,6.38,40121,"23075","7218063052","TONYS",0,0,0,3
6.38,6.38,39904,"23075","7218063052","TONYS",0,0,0,6
6.89,6.89,40590,"23075","7218063052","TONYS",0,0,0,7
7.09,7.09,40639,"23075","7218063052","TONYS",0,0,0,4
7.49,4.99,40828,"23075","7218063052","TONYS",0,1,0,18
6.29,6.29,40331,"23075","7218063052","TONYS",0,0,0,1
7.09,7.09,40695,"23075","7218063052","TONYS",0,0,0,8
6.27,6.27,40226,"23075","7218063052","TONYS",0,0,0,4
6.89,6.89,39876,"23075","7218063052","TONYS",0,0,0,3
6.27,4.99,40303,"23075","7218063052","TONYS",1,1,0,23
6.89,6.89,40604,"23075","7218063052","TONYS",0,0,0,4
6.49,4.99,40800,"13827","2066200532","KING",0,0,1,13
5.99,5.99,40562,"13827","2066200532","KING",0,0,0,5
5.99,5.99,40394,"13827","2066200532","KING",0,0,0,7
6.99,6.99,40912,"13827","2066200532","KING",0,0,0,1
6.49,4.49,40737,"13827","2066200532","KING",1,0,0,7
5.99,5.99,40506,"13827","2066200532","KING",0,0,0,4
5.99,5.99,40821,"13827","2066200532","KING",0,0,0,10
6.49,6.49,40709,"13827","2066200532","KING",0,0,0,3
6.59,6.59,40499,"2541","7192100336","TOMBSTONE",0,0,0,3
6.59,4.99,40436,"2541","7192100336","TOMBSTONE",0,0,1,6
6.59,4.56,40086,"2541","7192100336","TOMBSTONE",1,1,0,24
6.59,6.59,40051,"2541","7192100336","TOMBSTONE",0,0,0,1
6.59,4.77,40443,"2541","7192100336","TOMBSTONE",0,1,0,15
5.8,5.8,40891,"2541","7192100336","TOMBSTONE",0,0,0,1
6.59,4.99,40352,"2541","7192100336","TOMBSTONE",1,1,0,15
6.59,6.59,39981,"2541","7192100336","TOMBSTONE",0,0,0,2
5.64,5.64,40751,"2541","7192100336","TOMBSTONE",0,0,0,6
5.8,5.5,40870,"2541","7192100336","TOMBSTONE",0,1,0,3
6.59,6.59,40296,"2541","7192100336","TOMBSTONE",0,0,0,5
5.64,5.64,40835,"2541","7192100336","TOMBSTONE",0,0,0,6
6.59,4.99,40457,"2541","7192100336","TOMBSTONE",0,0,1,3
3.79,3.34,40737,"15755","1111087396","PRIVATE LABEL",1,0,0,20
3.26,3.26,39918,"15755","1111087396","PRIVATE LABEL",0,0,0,4
3.33,3.33,40149,"15755","1111087396","PRIVATE LABEL",0,0,0,13
3.34,3.34,40884,"15755","1111087396","PRIVATE LABEL",0,0,0,7
3.24,3.24,40212,"15755","1111087396","PRIVATE LABEL",0,0,0,7
3.24,3.24,40499,"15755","1111087396","PRIVATE LABEL",0,0,0,10
3.28,3.28,40429,"15755","1111087396","PRIVATE LABEL",0,0,0,6
3.33,3.33,40016,"15755","1111087396","PRIVATE LABEL",0,0,0,13
3.34,3.34,40009,"15755","1111087396","PRIVATE LABEL",0,0,0,5
3.09,3.09,40093,"15755","1111087396","PRIVATE LABEL",0,0,0,2
4.79,4.79,40296,"23067","1111087398","PRIVATE LABEL",0,0,0,4
3.91,3.91,40891,"23067","1111087398","PRIVATE LABEL",0,0,0,9
3.94,3.94,40751,"23067","1111087398","PRIVATE LABEL",0,0,0,8
4,4,39974,"23067","1111087398","PRIVATE LABEL",0,0,0,6
5.17,3.25,40604,"23067","1111087398","PRIVATE LABEL",0,0,1,14
3.29,3.29,40534,"23067","1111087398","PRIVATE LABEL",0,0,0,8
4,4,39911,"23067","1111087398","PRIVATE LABEL",0,0,0,12
4,3.49,40051,"23067","1111087398","PRIVATE LABEL",0,1,0,11
4.69,4.69,40373,"23067","1111087398","PRIVATE LABEL",0,0,0,5
3.34,3.34,40513,"23067","1111087398","PRIVATE LABEL",0,0,0,7
5.17,3.57,40611,"23067","1111087398","PRIVATE LABEL",0,0,1,11
7.29,5.19,40478,"2523","7218063979","TONYS",0,1,0,4
6.49,6.49,40093,"2523","7218063979","TONYS",0,0,0,3
6.79,6.79,40030,"2523","7218063979","TONYS",0,0,0,3
6.49,6.49,40156,"2523","7218063979","TONYS",0,0,0,2
6.79,6.79,39834,"2523","7218063979","TONYS",0,0,0,1
6.49,4.99,40107,"2523","7218063979","TONYS",0,0,1,11
6.79,4.99,40051,"2523","7218063979","TONYS",0,1,0,2
6.79,6.79,39848,"2523","7218063979","TONYS",0,0,0,2
6.99,6.99,40282,"25021","7192100337","TOMBSTONE",0,0,0,13
6.79,6.79,40212,"25021","7192100337","TOMBSTONE",0,0,0,10
6.29,6.29,39981,"25021","7192100337","TOMBSTONE",0,0,0,9
6.99,4.77,40373,"25021","7192100337","TOMBSTONE",1,1,0,28
7.49,7.49,40023,"25021","7192100337","TOMBSTONE",0,0,0,6
6.89,6.89,40681,"25021","7192100337","TOMBSTONE",0,0,0,9
6.99,5.06,40583,"25021","7192100337","TOMBSTONE",1,1,0,83
6.29,6.29,39939,"25021","7192100337","TOMBSTONE",0,0,0,13
5.99,5.74,39904,"25021","7192100337","TOMBSTONE",1,1,0,18
6.99,5.5,40506,"25021","7192100337","TOMBSTONE",0,1,0,23
6.99,5.13,40457,"25021","7192100337","TOMBSTONE",0,0,1,14
6.59,5.64,40800,"25021","7192100337","TOMBSTONE",0,0,1,31
6.69,4.99,40009,"25021","7192100337","TOMBSTONE",0,1,0,36
6.59,5.77,40709,"13609","7192100337","TOMBSTONE",1,1,0,36
6.59,5.64,40779,"13609","7192100337","TOMBSTONE",0,0,1,13
6.99,6.99,40387,"13609","7192100337","TOMBSTONE",0,0,0,5
6.99,4.99,40415,"13609","7192100337","TOMBSTONE",0,1,0,45
6.29,5.29,39960,"13609","7192100337","TOMBSTONE",1,1,0,21
7.49,7.49,40016,"13609","7192100337","TOMBSTONE",0,0,0,5
6.29,6.29,39855,"13609","7192100337","TOMBSTONE",0,0,0,15
6.29,6.29,39841,"13609","7192100337","TOMBSTONE",0,0,0,21
6.29,6.03,39827,"13609","7192100337","TOMBSTONE",1,1,0,41
6.99,4.49,40471,"13609","7192100337","TOMBSTONE",1,1,0,92
6.04,5.49,39911,"13609","7192100337","TOMBSTONE",0,1,0,32
6.59,4.52,40079,"17599","7192100337","TOMBSTONE",1,1,0,47
6.59,4.47,40268,"17599","7192100337","TOMBSTONE",1,1,0,39
5.64,5.49,40765,"17599","7192100337","TOMBSTONE",1,1,0,17
6.59,4.6,40247,"17599","7192100337","TOMBSTONE",1,1,0,31
6.29,5.99,39834,"17599","7192100337","TOMBSTONE",0,1,0,7
6.59,4.99,40408,"17599","7192100337","TOMBSTONE",0,1,0,18
6.59,6.59,40394,"17599","7192100337","TOMBSTONE",0,0,0,11
6.59,6.59,40597,"17599","7192100337","TOMBSTONE",0,0,0,7
5.8,5.8,40863,"17599","7192100337","TOMBSTONE",0,0,0,8
5.8,5.8,40849,"17599","7192100337","TOMBSTONE",0,0,0,9
6.59,6.59,40177,"17599","7192100337","TOMBSTONE",0,0,0,7
6.79,4.49,39883,"13853","7218063052","TONYS",1,1,0,28
7.29,7.29,40583,"13853","7218063052","TONYS",0,0,0,3
7.29,6.49,40079,"13853","7218063052","TONYS",0,0,1,3
7.29,6.49,40086,"13853","7218063052","TONYS",0,0,1,1
7.49,5.42,40856,"13853","7218063052","TONYS",0,1,0,6
7.49,7.49,40660,"13853","7218063052","TONYS",0,0,0,3
6.79,6.79,40030,"13853","7218063052","TONYS",0,0,0,1
6.49,6.49,40177,"13853","7218063052","TONYS",0,0,0,5
7.29,7.29,40464,"13853","7218063052","TONYS",0,0,0,2
7.29,7.29,40576,"13853","7218063052","TONYS",0,0,0,5
6.79,6.79,39827,"13853","7218063052","TONYS",0,0,0,2
6.82,6.82,40870,"13853","7218063052","TONYS",0,0,0,3
7.89,7.89,40772,"13853","7218063052","TONYS",1,0,0,7
7.49,7.49,40688,"13853","7218063052","TONYS",0,0,0,6
6.79,6.79,39967,"13853","7218063052","TONYS",0,0,0,6
7.29,4.49,40527,"13853","7218063052","TONYS",1,0,0,18
7.29,7.29,40618,"13853","7218063052","TONYS",0,0,0,2
7.29,7.29,40499,"13853","7218063052","TONYS",0,0,0,2
6.79,5.49,40009,"13853","7218063052","TONYS",0,0,1,3
7.89,7.67,40765,"13853","7218063052","TONYS",1,0,0,13
6.99,4.99,40429,"26973","7192100337","TOMBSTONE",0,0,1,15
6.99,6.99,40065,"26973","7192100337","TOMBSTONE",0,0,0,14
6.99,5.08,40576,"26973","7192100337","TOMBSTONE",1,0,0,46
6.59,6.59,40688,"26973","7192100337","TOMBSTONE",0,0,0,4
7.19,4.81,40611,"26973","7192100337","TOMBSTONE",1,1,0,57
6.99,6.99,40128,"26973","7192100337","TOMBSTONE",0,0,0,12
6.99,6.99,40156,"26973","7192100337","TOMBSTONE",0,0,0,7
6.29,4.99,40009,"26973","7192100337","TOMBSTONE",1,1,0,40
6.89,6.89,40681,"26973","7192100337","TOMBSTONE",0,0,0,12
6.99,5.01,40583,"26973","7192100337","TOMBSTONE",1,1,0,91
6.99,6.99,40177,"26973","7192100337","TOMBSTONE",0,0,0,3
7.49,7.49,40051,"26973","7192100337","TOMBSTONE",0,0,0,5
6.29,6.29,40317,"26973","7218063052","TONYS",0,0,0,4
7.09,7.09,40632,"26973","7218063052","TONYS",0,0,0,2
6.35,4.99,40310,"26973","7218063052","TONYS",1,0,0,12
6.46,6.46,39834,"26973","7218063052","TONYS",0,0,0,6
5.79,5.79,40373,"26973","7218063052","TONYS",0,0,0,7
6.89,6.89,40394,"26973","7218063052","TONYS",0,0,0,9
7.49,7.49,40842,"26973","7218063052","TONYS",0,0,0,1
6.89,6.89,40534,"26973","7218063052","TONYS",0,0,0,14
6.89,6.89,40415,"26973","7218063052","TONYS",0,0,0,5
6.38,4.99,40051,"26973","7218063052","TONYS",1,1,0,13
6.89,6.89,40086,"26973","7218063052","TONYS",0,0,0,3
6.38,6.38,40142,"26973","7218063052","TONYS",0,0,0,8
7.09,7.09,40618,"15541","7218063979","TONYS",0,0,0,1
7.09,7.09,40709,"15541","7218063979","TONYS",0,0,0,3
6.38,6.38,40093,"15541","7218063979","TONYS",0,0,0,1
6.89,6.89,40443,"15541","7218063979","TONYS",0,0,0,2
6.38,6.38,39946,"15541","7218063979","TONYS",0,0,0,4
6.38,6.38,39960,"15541","7218063979","TONYS",0,0,0,2
6.38,6.38,40170,"15541","7218063979","TONYS",0,0,0,9
6.27,6.27,40219,"15541","7218063979","TONYS",0,0,0,8
7.39,7.39,40723,"15541","7218063979","TONYS",0,0,0,1
7.49,7.49,40786,"15541","7218063979","TONYS",0,0,0,3
3.98,3.98,39890,"2279","1111087398","PRIVATE LABEL",0,0,0,21
4.32,4.32,40121,"2279","1111087398","PRIVATE LABEL",0,0,0,7
3.94,3.94,40814,"2279","1111087398","PRIVATE LABEL",0,0,0,19
4.89,4.89,40149,"2279","1111087398","PRIVATE LABEL",0,0,0,3
4.84,2.95,40163,"2279","1111087398","PRIVATE LABEL",1,1,0,66
4.89,4.89,40065,"2279","1111087398","PRIVATE LABEL",0,0,0,13
3.54,3.54,40492,"2279","1111087398","PRIVATE LABEL",0,0,0,25
3.96,3.96,40660,"2279","1111087398","PRIVATE LABEL",0,0,0,16
4,4,40023,"2279","1111087398","PRIVATE LABEL",0,0,0,12
5.06,3.97,40751,"2279","1111087398","PRIVATE LABEL",0,0,1,18
3.93,3.31,39848,"2279","1111087398","PRIVATE LABEL",1,0,0,68
6.99,6.99,40184,"4259","7192100339","TOMBSTONE",0,0,0,12
6.99,4.99,40415,"4259","7192100339","TOMBSTONE",0,1,0,29
6.99,6.99,40548,"4259","7192100339","TOMBSTONE",0,0,0,16
5.8,5.8,40856,"4259","7192100339","TOMBSTONE",0,0,0,27
6.59,4.99,40730,"4259","7192100339","TOMBSTONE",1,1,0,38
5.99,5.99,39890,"4259","7192100339","TOMBSTONE",0,0,0,17
6.99,6.99,40562,"4259","7192100339","TOMBSTONE",0,0,0,16
6.99,4.98,40450,"4259","7192100339","TOMBSTONE",0,0,1,22
6.99,6.99,40240,"4259","7192100339","TOMBSTONE",0,0,0,13
7.19,4.77,40625,"4259","7192100339","TOMBSTONE",0,1,0,46
6.59,5.64,40758,"4259","7192100339","TOMBSTONE",0,0,1,9
6.59,6.59,40317,"27175","7192100339","TOMBSTONE",0,0,0,8
6.59,4.59,40100,"27175","7192100339","TOMBSTONE",1,0,0,17
6.59,6.59,40401,"27175","7192100339","TOMBSTONE",0,0,0,10
6.59,4.66,40471,"27175","7192100339","TOMBSTONE",0,1,0,38
6.59,6.59,40562,"27175","7192100339","TOMBSTONE",0,0,0,11
6.59,6.59,40289,"27175","7192100339","TOMBSTONE",0,0,0,10
5.27,5.27,40877,"27175","7192100339","TOMBSTONE",0,1,0,16
6.59,6.59,40198,"27175","7192100339","TOMBSTONE",0,0,0,12
6.59,6.59,40023,"27175","7192100339","TOMBSTONE",0,0,0,6
6.59,6.59,40240,"27175","7192100339","TOMBSTONE",0,0,0,9
5.49,5.49,40793,"27175","7192100339","TOMBSTONE",0,0,0,21
6.59,4.99,40345,"27175","7192100339","TOMBSTONE",0,1,0,36
6.59,6.59,40163,"27175","7192100339","TOMBSTONE",0,0,0,8
6.59,6.59,40331,"27175","7192100339","TOMBSTONE",0,0,0,20
4.72,4.72,40065,"28909","1111087396","PRIVATE LABEL",0,0,0,6
4.4,4.4,40149,"28909","1111087396","PRIVATE LABEL",0,0,0,1
5.01,3.59,40611,"28909","1111087396","PRIVATE LABEL",0,0,1,14
3.95,3.95,40660,"28909","1111087396","PRIVATE LABEL",0,0,0,8
4,3.42,40058,"28909","1111087396","PRIVATE LABEL",0,0,1,10
3.49,3.49,40744,"28909","1111087396","PRIVATE LABEL",0,0,0,7
3.95,3.34,40667,"28909","1111087396","PRIVATE LABEL",0,1,0,6
3.84,3.84,40023,"28909","1111087396","PRIVATE LABEL",0,0,0,5
3.29,3.29,40541,"28909","1111087396","PRIVATE LABEL",0,0,0,19
3.29,3.31,40548,"28909","1111087396","PRIVATE LABEL",1,0,0,11
3.66,3.66,40849,"6431","1111087398","PRIVATE LABEL",0,0,0,12
3.16,3.16,40492,"6431","1111087398","PRIVATE LABEL",0,0,0,11
3.27,3.32,40212,"6431","1111087398","PRIVATE LABEL",1,0,0,18
3.33,3.31,39946,"6431","1111087398","PRIVATE LABEL",1,1,0,33
3.24,3.24,40646,"6431","1111087398","PRIVATE LABEL",0,0,0,20
3.21,3.21,40506,"6431","1111087398","PRIVATE LABEL",0,0,0,18
3.07,2.92,40534,"6431","1111087398","PRIVATE LABEL",1,0,0,27
3.34,3.34,39869,"6431","1111087398","PRIVATE LABEL",0,0,0,9
3.33,3.33,39904,"6431","1111087398","PRIVATE LABEL",0,0,0,8
3.27,3.27,40009,"6431","1111087398","PRIVATE LABEL",0,0,0,19
3.23,3.23,40408,"6431","1111087398","PRIVATE LABEL",0,0,0,12
