grocery-store-data.csv
"BASE_PRICE","PRICE","WEEK_END_DATE","STORE_NUM","UPC","MANUFACTURER","DISPLAY","FEATURE","TPR_ONLY","UNITS"
3.98,3.98,40849,"25027","1111087398","PRIVATE LABEL",0,0,0,25
4.56,4.56,40233,"25027","1111087398","PRIVATE LABEL",0,0,0,16
4.01,3.3,39848,"25027","1111087398","PRIVATE LABEL",1,0,0,114
3.28,3.29,40555,"25027","1111087398","PRIVATE LABEL",1,0,0,104
3.89,3.89,40443,"25027","1111087398","PRIVATE LABEL",0,0,0,18
3.85,3.85,40429,"25027","1111087398","PRIVATE LABEL",0,0,0,26
3.94,3.94,40751,"25027","1111087398","PRIVATE LABEL",0,0,0,21
3.96,3.28,39925,"25027","1111087398","PRIVATE LABEL",1,0,0,45
6.59,6.59,40275,"27175","7192100337","TOMBSTONE",0,0,0,6
6.41,6.41,40359,"27175","7192100337","TOMBSTONE",0,0,0,9
6.59,6.59,40569,"27175","7192100337","TOMBSTONE",0,0,0,5
6.59,6.59,40163,"27175","7192100337","TOMBSTONE",0,0,0,9
6.59,4.99,40352,"27175","7192100337","TOMBSTONE",1,1,0,19
6.59,4.77,40618,"27175","7192100337","TOMBSTONE",1,1,0,15
6.59,6.59,40380,"27175","7192100337","TOMBSTONE",0,0,0,5
6.59,4.47,40086,"27175","7192100337","TOMBSTONE",1,1,0,49
5.49,5.33,40807,"27175","7192100337","TOMBSTONE",1,1,0,22
6.29,6.29,39848,"27175","7192100337","TOMBSTONE",0,0,0,8
6.59,5.14,40009,"27175","7192100337","TOMBSTONE",0,1,0,11
6.31,6.31,39876,"27175","7192100337","TOMBSTONE",0,0,0,4
6.79,5.27,40716,"27175","7192100337","TOMBSTONE",0,0,1,14
3.31,3.31,40660,"25229","1111087396","PRIVATE LABEL",0,0,0,24
3.25,3.25,40506,"25229","1111087396","PRIVATE LABEL",0,0,0,8
3.31,3.31,40863,"25229","1111087396","PRIVATE LABEL",0,0,0,13
3.28,3.28,40632,"25229","1111087396","PRIVATE LABEL",0,0,0,12
3.34,3.34,39827,"25229","1111087396","PRIVATE LABEL",0,0,0,11
3.27,3.27,40065,"25229","1111087396","PRIVATE LABEL",0,0,0,20
3.28,3.28,40359,"25229","1111087396","PRIVATE LABEL",0,0,0,12
3.25,3.25,40317,"25229","1111087396","PRIVATE LABEL",0,0,0,26
3.04,3.04,40513,"25229","1111087396","PRIVATE LABEL",0,0,0,21
3.28,3.28,39981,"25229","1111087396","PRIVATE LABEL",0,0,0,17
3.66,3.66,40807,"25229","1111087396","PRIVATE LABEL",0,0,0,12
3.34,3.34,39911,"25229","1111087396","PRIVATE LABEL",0,0,0,2
2.99,2.99,40576,"25229","1111087396","PRIVATE LABEL",0,0,0,5
3.3,3.3,40114,"25229","1111087396","PRIVATE LABEL",0,0,0,18
3.34,3.34,40009,"25229","1111087396","PRIVATE LABEL",0,0,0,1
3.32,3.32,40485,"25229","1111087396","PRIVATE LABEL",0,0,0,24
3.21,3.21,39897,"25229","1111087396","PRIVATE LABEL",0,0,0,8
6.51,6.51,39967,"2281","7218063979","TONYS",0,0,0,8
7.09,7.09,40625,"2281","7218063979","TONYS",0,0,0,12
6.38,6.38,39974,"2281","7218063979","TONYS",0,0,0,13
6.57,6.57,39827,"2281","7218063979","TONYS",0,0,0,8
7.09,4.7,40674,"2281","7218063979","TONYS",0,1,0,56
7.49,7.49,40877,"2281","7218063979","TONYS",0,0,0,1
6.38,6.38,39988,"2281","7218063979","TONYS",0,0,0,5
6.38,4.99,40051,"2281","7218063979","TONYS",1,1,0,19
6.38,5.49,40009,"2281","7218063979","TONYS",0,0,1,6
6.38,5.49,39995,"2281","7218063979","TONYS",0,0,1,13
6.89,6.89,40611,"2281","7218063979","TONYS",0,0,0,5
3.3,3.3,39981,"19533","1111087396","PRIVATE LABEL",0,0,0,21
3.74,3.26,40737,"19533","1111087396","PRIVATE LABEL",1,0,0,41
3.69,3.69,40772,"19533","1111087396","PRIVATE LABEL",0,0,0,21
3.76,3.76,40800,"19533","1111087396","PRIVATE LABEL",0,0,0,22
3.39,3.39,40863,"19533","1111087396","PRIVATE LABEL",0,0,0,12
3.27,3.27,40072,"19533","1111087396","PRIVATE LABEL",0,0,0,25
3.19,3.19,40149,"19533","1111087396","PRIVATE LABEL",0,0,0,21
3.33,3.33,40387,"19533","1111087396","PRIVATE LABEL",0,0,0,19
3.26,3.26,40240,"19533","1111087396","PRIVATE LABEL",1,0,0,41
3.51,3.51,40905,"19533","1111087396","PRIVATE LABEL",0,0,0,12
5.13,3.64,40611,"25021","1111087398","PRIVATE LABEL",0,0,1,31
4.6,3.9,40380,"25021","1111087398","PRIVATE LABEL",0,0,1,14
4.6,4.6,40373,"25021","1111087398","PRIVATE LABEL",0,0,0,10
4,4,40044,"25021","1111087398","PRIVATE LABEL",0,0,0,8
4,4,39897,"25021","1111087398","PRIVATE LABEL",0,0,0,8
4.89,4.89,40121,"25021","1111087398","PRIVATE LABEL",0,0,0,3
4.79,3.75,40289,"25021","1111087398","PRIVATE LABEL",1,0,0,21
4,4,40891,"25021","1111087398","PRIVATE LABEL",0,0,0,16
4.63,4.63,40345,"25021","1111087398","PRIVATE LABEL",0,0,0,9
5.13,3.69,40618,"25021","1111087398","PRIVATE LABEL",0,0,1,16
3.88,3.88,39988,"25021","1111087398","PRIVATE LABEL",0,0,0,10
7.09,7.09,40709,"21213","7218063052","TONYS",0,0,0,5
6.29,6.29,40331,"21213","7218063052","TONYS",0,0,0,1
6.89,4.49,40520,"21213","7218063052","TONYS",0,0,1,21
6.38,6.38,39946,"21213","7218063052","TONYS",0,0,0,3
6.38,6.38,39925,"21213","7218063052","TONYS",0,0,0,2
6.41,6.41,40219,"21213","7218063052","TONYS",0,0,0,9
7.09,7.09,40632,"21213","7218063052","TONYS",0,0,0,1
6.89,6.89,40506,"21213","7218063052","TONYS",0,0,0,2
6.38,6.38,40163,"21213","7218063052","TONYS",0,0,0,5
6.27,4.99,40275,"21213","7218063052","TONYS",1,1,0,12
3.66,3.66,40800,"15755","1111087395","PRIVATE LABEL",0,0,0,6
3.5,3.5,40863,"15755","1111087395","PRIVATE LABEL",0,0,0,4
3.33,2.93,40527,"15755","1111087395","PRIVATE LABEL",0,1,0,12
3.79,3.22,40730,"15755","1111087395","PRIVATE LABEL",0,0,1,11
3.08,3.22,40597,"15755","1111087395","PRIVATE LABEL",0,1,0,3
3.79,3.79,40716,"15755","1111087395","PRIVATE LABEL",0,0,0,4
3.28,3.28,40065,"15755","1111087395","PRIVATE LABEL",0,0,0,18
3.79,3.79,40779,"15755","1111087395","PRIVATE LABEL",0,0,0,3
3.33,3.33,39911,"15755","1111087395","PRIVATE LABEL",0,0,0,17
3.28,3.28,40485,"15755","1111087395","PRIVATE LABEL",0,0,0,6
3.34,3.34,40275,"15755","1111087395","PRIVATE LABEL",0,0,0,5
3.15,3.15,40317,"15755","1111087395","PRIVATE LABEL",0,0,0,9
6.59,4.61,40079,"613","7192100339","TOMBSTONE",1,1,0,46
6.59,6.59,40499,"613","7192100339","TOMBSTONE",0,0,0,8
6.59,6.59,40191,"613","7192100339","TOMBSTONE",0,0,0,12
5.8,5.5,40870,"613","7192100339","TOMBSTONE",1,1,0,29
5.8,5.8,40898,"613","7192100339","TOMBSTONE",0,0,0,9
6.59,4.77,40618,"613","7192100339","TOMBSTONE",1,1,0,30
6.59,6.59,40527,"613","7192100339","TOMBSTONE",0,0,0,11
5.64,5.49,40765,"613","7192100339","TOMBSTONE",1,1,0,30
5.64,5.64,40800,"613","7192100339","TOMBSTONE",0,0,0,20
3.3,3.3,40401,"10019","1111087396","PRIVATE LABEL",0,0,0,17
3.03,3.03,40513,"10019","1111087396","PRIVATE LABEL",0,0,0,10
3.3,3.3,40212,"10019","1111087396","PRIVATE LABEL",0,0,0,8
3.2,3.2,40674,"10019","1111087396","PRIVATE LABEL",0,0,0,20
3.3,3.3,40275,"10019","1111087396","PRIVATE LABEL",0,0,0,9
3.29,3.29,39939,"10019","1111087396","PRIVATE LABEL",0,0,0,13
3.34,3.34,40604,"10019","1111087396","PRIVATE LABEL",0,0,0,7
3.31,3.31,39897,"10019","1111087396","PRIVATE LABEL",0,0,0,11
3.34,3.34,39855,"10019","1111087396","PRIVATE LABEL",0,0,0,24
3.23,3.23,40646,"10019","1111087396","PRIVATE LABEL",0,0,0,15
3.33,3.33,40625,"10019","1111087396","PRIVATE LABEL",0,0,0,7
3.25,3.25,40093,"10019","1111087396","PRIVATE LABEL",0,0,0,10
3.41,3.41,40884,"29159","1111087398","PRIVATE LABEL",0,0,0,12
3.29,3.34,40695,"29159","1111087398","PRIVATE LABEL",1,0,0,7
3.34,3.34,40422,"29159","1111087398","PRIVATE LABEL",0,0,0,3
3.33,3.33,40289,"29159","1111087398","PRIVATE LABEL",0,0,0,3
3.34,2.54,40247,"29159","1111087398","PRIVATE LABEL",0,0,1,5
3.03,3.03,40513,"29159","1111087398","PRIVATE LABEL",0,0,0,6
3.27,3.27,40072,"29159","1111087398","PRIVATE LABEL",0,0,0,10
3.25,2.98,40534,"29159","1111087398","PRIVATE LABEL",1,0,0,17
3.34,2.97,40240,"29159","1111087398","PRIVATE LABEL",0,0,1,11
3.11,3.11,40506,"29159","1111087398","PRIVATE LABEL",0,0,0,4
3.34,3.34,40065,"29159","1111087398","PRIVATE LABEL",0,0,0,3
3.17,3.17,40310,"29159","1111087398","PRIVATE LABEL",0,0,0,14
3.5,3.5,40877,"29159","1111087398","PRIVATE LABEL",0,0,0,4
3.33,2.99,40527,"2541","1111087396","PRIVATE LABEL",0,1,0,10
3.31,3.31,40653,"2541","1111087396","PRIVATE LABEL",0,0,0,9
3.28,3.28,40499,"2541","1111087396","PRIVATE LABEL",0,0,0,17
3.36,3.36,40863,"2541","1111087396","PRIVATE LABEL",0,0,0,10
3.29,3.29,40429,"2541","1111087396","PRIVATE LABEL",0,0,0,7
3.33,3.33,40520,"2541","1111087396","PRIVATE LABEL",0,0,0,5
3.3,3.3,40016,"2541","1111087396","PRIVATE LABEL",0,0,0,10
3.23,3.23,40324,"2541","1111087396","PRIVATE LABEL",0,0,0,2
3.23,3.23,40212,"2541","1111087396","PRIVATE LABEL",0,0,0,6
3.28,3.28,40632,"2541","1111087396","PRIVATE LABEL",0,0,0,6
3.3,3.3,40590,"2541","1111087396","PRIVATE LABEL",0,0,0,9
3.34,3.34,40709,"2541","1111087396","PRIVATE LABEL",0,0,0,4
3.26,3.26,40100,"2541","1111087396","PRIVATE LABEL",0,0,0,8
3.3,3.3,39883,"19533","1111087398","PRIVATE LABEL",0,0,0,20
3.18,2.95,40541,"19533","1111087398","PRIVATE LABEL",1,0,0,27
3.31,3.31,39834,"19533","1111087398","PRIVATE LABEL",0,0,0,24
3.66,3.66,40765,"19533","1111087398","PRIVATE LABEL",0,0,0,17
3.77,3.77,40800,"19533","1111087398","PRIVATE LABEL",0,0,0,17
3.26,3.26,40457,"19533","1111087398","PRIVATE LABEL",0,0,0,17
3.24,3.24,40303,"19533","1111087398","PRIVATE LABEL",0,0,0,32
3.3,3.3,39995,"19533","1111087398","PRIVATE LABEL",0,0,0,30
5.99,5.99,40436,"25027","2066200531","KING",0,0,0,7
5.99,5.99,40562,"25027","2066200531","KING",0,0,0,6
6.49,6.49,40716,"25027","2066200531","KING",0,0,0,9
5.99,5.99,40506,"25027","2066200531","KING",0,0,0,16
5.99,5.99,40576,"25027","2066200531","KING",0,0,0,8
5.99,5.99,40695,"25027","2066200531","KING",0,0,0,3
5.99,5.99,40380,"25027","2066200531","KING",0,0,0,6
6.99,6.99,40912,"25027","2066200531","KING",0,0,0,4
5.99,5.99,40870,"25027","2066200531","KING",0,0,0,10
6.99,5.06,40345,"6187","7192100337","TOMBSTONE",1,1,0,60
5.8,5.8,40842,"6187","7192100337","TOMBSTONE",0,0,0,9
6.99,6.99,40317,"6187","7192100337","TOMBSTONE",0,0,0,5
6.29,6.29,39932,"6187","7192100337","TOMBSTONE",0,0,0,4
6.99,6.99,40233,"6187","7192100337","TOMBSTONE",0,0,0,8
6.29,6.29,39939,"6187","7192100337","TOMBSTONE",0,0,0,7
6.89,6.89,40681,"6187","7192100337","TOMBSTONE",0,0,0,10
6.59,5.64,40772,"6187","7192100337","TOMBSTONE",1,1,0,19
7.49,7.49,40051,"6187","7192100337","TOMBSTONE",0,0,0,6
6.99,6.99,40387,"6187","7192100337","TOMBSTONE",0,0,0,9
6.99,6.99,40541,"6187","7192100337","TOMBSTONE",0,0,0,10
5.8,5.02,40912,"6187","7192100337","TOMBSTONE",1,1,0,53
6.99,5.5,40506,"6187","7192100337","TOMBSTONE",0,1,0,9
6.99,6.99,40121,"6187","7192100337","TOMBSTONE",0,0,0,5
6.38,6.38,39988,"26983","7218063979","TONYS",0,0,0,4
6.38,4.99,40107,"26983","7218063979","TONYS",0,1,0,22
6.89,6.89,40513,"26983","7218063979","TONYS",0,0,0,2
6.38,6.38,40177,"26983","7218063979","TONYS",0,0,0,3
6.89,6.89,40394,"26983","7218063979","TONYS",0,0,0,3
6.89,6.89,40464,"26983","7218063979","TONYS",0,0,0,2
6.27,4.99,40303,"26983","7218063979","TONYS",0,1,0,7
6.46,4.99,39855,"26983","7218063979","TONYS",0,1,0,6
6.89,4.71,40527,"26983","7218063979","TONYS",0,1,0,11
6.38,3.99,40191,"26983","7218063979","TONYS",1,1,0,33
6.29,6.29,40324,"26983","7218063979","TONYS",0,0,0,1
6.89,6.89,40086,"26983","7218063979","TONYS",0,0,0,1
6.38,3.99,40184,"26983","7218063979","TONYS",1,1,0,27
7.09,7.09,40646,"26983","7218063979","TONYS",0,0,0,2
6.89,4.69,40569,"26983","7218063979","TONYS",0,1,0,4
6.99,6.99,40905,"26983","7218063979","TONYS",0,0,0,1
6.59,6.59,40072,"623","7192100339","TOMBSTONE",0,0,0,18
6.59,4.99,40436,"623","7192100339","TOMBSTONE",1,0,0,38
6.79,6.79,40674,"623","7192100339","TOMBSTONE",0,0,0,13
6.02,5.6,39911,"623","7192100339","TOMBSTONE",1,1,0,20
6.59,6.59,40282,"623","7192100339","TOMBSTONE",0,0,0,9
6.59,6.59,39953,"623","7192100339","TOMBSTONE",0,0,0,11
6.59,6.59,40555,"623","7192100339","TOMBSTONE",0,0,0,17
5.27,5.27,40898,"623","7192100339","TOMBSTONE",0,0,0,25
6.29,6.03,39834,"623","7192100339","TOMBSTONE",0,1,0,9
5.64,5.64,40828,"15541","7192100339","TOMBSTONE",0,0,0,17
6.99,6.99,40310,"15541","7192100339","TOMBSTONE",0,0,0,11
7.49,7.49,40023,"15541","7192100339","TOMBSTONE",0,0,0,13
6.59,5.64,40786,"15541","7192100339","TOMBSTONE",0,0,1,11
6.99,6.78,40107,"15541","7192100339","TOMBSTONE",1,0,0,12
6.19,6.19,39883,"15541","7192100339","TOMBSTONE",0,0,0,23
6.99,4.77,40149,"15541","7192100339","TOMBSTONE",1,0,0,33
7.19,4.77,40611,"15541","7192100339","TOMBSTONE",1,1,0,44
6.59,4.99,40737,"15541","7192100339","TOMBSTONE",1,1,0,38
6.59,6.59,40744,"15541","7192100339","TOMBSTONE",0,0,0,9
6.59,6.59,40723,"15541","7192100339","TOMBSTONE",0,0,0,10
6.99,6.99,40338,"15541","7192100339","TOMBSTONE",0,0,0,7
6.36,6.36,39841,"15541","7192100339","TOMBSTONE",0,0,0,18
6.39,6.39,39869,"25253","7192100339","TOMBSTONE",0,0,0,6
6.59,4.99,40576,"25253","7192100339","TOMBSTONE",0,0,1,30
6.59,6.59,39988,"25253","7192100339","TOMBSTONE",0,0,0,1
6.59,6.59,40366,"25253","7192100339","TOMBSTONE",0,0,0,4
6.59,6.59,40184,"25253","7192100339","TOMBSTONE",0,0,0,10
6.59,6.59,40534,"25253","7192100339","TOMBSTONE",0,0,0,2
6.59,6.59,40555,"25253","7192100339","TOMBSTONE",0,0,0,10
6.59,6.59,39939,"25253","7192100339","TOMBSTONE",0,0,0,2
5.64,5.64,40821,"25253","7192100339","TOMBSTONE",0,0,0,1
6.59,6.59,40310,"25253","7192100339","TOMBSTONE",0,0,0,8
6.59,6.59,40107,"25253","7192100339","TOMBSTONE",0,0,0,11
6.29,7.49,40016,"23075","7192100337","TOMBSTONE",1,0,0,14
5.99,5.99,39897,"23075","7192100337","TOMBSTONE",1,0,0,9
6.99,4.99,40429,"23075","7192100337","TOMBSTONE",1,0,0,21
6.29,6.29,39841,"23075","7192100337","TOMBSTONE",0,0,0,17
6.99,4.99,40345,"23075","7192100337","TOMBSTONE",1,1,0,17
6.99,5.5,40513,"23075","7192100337","TOMBSTONE",1,1,0,7
6.89,6.89,40233,"23075","7192100337","TOMBSTONE",0,0,0,7
6.99,4.49,40464,"23075","7192100337","TOMBSTONE",0,1,0,31
6.99,4.47,40086,"23075","7192100337","TOMBSTONE",1,1,0,57
6.59,6.59,40716,"23075","7192100337","TOMBSTONE",1,0,0,11
6.99,6.99,40359,"23075","7192100337","TOMBSTONE",0,0,0,4
6.99,4.99,40583,"23075","7192100337","TOMBSTONE",1,1,0,39
7.49,7.49,40044,"23075","7192100337","TOMBSTONE",0,0,0,5
6.29,6.29,39953,"23075","7192100337","TOMBSTONE",0,0,0,4
3.79,3.28,40730,"8263","1111087396","PRIVATE LABEL",0,0,1,6
3.69,3.69,40772,"8263","1111087396","PRIVATE LABEL",0,0,0,11
3.79,3.26,40723,"8263","1111087396","PRIVATE LABEL",0,1,0,4
3.6,3.6,40828,"8263","1111087396","PRIVATE LABEL",0,0,0,2
3.23,2.73,40275,"8263","1111087396","PRIVATE LABEL",0,0,1,5
3.33,3.33,40219,"8263","1111087396","PRIVATE LABEL",0,0,0,1
3.33,3.33,40338,"8263","1111087396","PRIVATE LABEL",0,0,0,4
3.34,3.34,40212,"8263","1111087396","PRIVATE LABEL",0,0,0,5
3.33,3.33,40709,"8263","1111087396","PRIVATE LABEL",0,0,0,1
3.34,3.34,40492,"8263","1111087396","PRIVATE LABEL",0,0,0,7
3.34,3.34,40331,"8263","1111087396","PRIVATE LABEL",0,0,0,2
2.88,2.88,40583,"12011","1111087395","PRIVATE LABEL",0,0,0,58
3.34,3.34,40863,"12011","1111087395","PRIVATE LABEL",0,0,0,14
3.47,3.47,40877,"12011","1111087395","PRIVATE LABEL",0,0,0,11
3.29,3.29,40387,"12011","1111087395","PRIVATE LABEL",0,0,0,7
3.26,3.26,40030,"12011","1111087395","PRIVATE LABEL",0,0,0,17
3.08,3.08,40338,"12011","1111087395","PRIVATE LABEL",0,0,0,9
2.9,2.9,40562,"12011","1111087395","PRIVATE LABEL",0,0,0,37
3.14,3.14,40240,"12011","1111087395","PRIVATE LABEL",0,0,0,12
3.21,3.21,40485,"12011","1111087395","PRIVATE LABEL",0,0,0,12
3.23,3.23,39960,"12011","1111087395","PRIVATE LABEL",0,0,0,13
3.22,3.22,40107,"12011","1111087395","PRIVATE LABEL",0,0,0,9
6.79,6.79,39911,"17599","7218063052","TONYS",0,0,0,4
6.79,6.79,40023,"17599","7218063052","TONYS",0,0,0,1
6.92,6.92,39918,"17599","7218063052","TONYS",0,0,0,4
6.79,4.99,40051,"17599","7218063052","TONYS",0,1,0,1
7.29,4.49,40520,"17599","7218063052","TONYS",1,1,0,9
6.79,6.79,39974,"17599","7218063052","TONYS",0,0,0,2
6.14,5.49,40002,"17599","7218063052","TONYS",0,0,1,3
6.49,6.49,40163,"17599","7218063052","TONYS",0,0,0,1
6.79,6.79,39932,"17599","7218063052","TONYS",0,0,0,1
7.29,4.99,40562,"17599","7218063052","TONYS",0,1,0,3
6.49,6.49,40359,"17627","2066200532","KING",0,0,0,3
5.99,5.99,40821,"17627","2066200532","KING",0,0,0,4
6.49,4.49,40723,"17627","2066200532","KING",1,0,0,10
5.99,5.99,40632,"17627","2066200532","KING",0,0,0,4
6.49,4.49,40730,"17627","2066200532","KING",1,0,0,17
6.49,6.49,40261,"17627","2066200532","KING",0,0,0,2
5.99,5.99,40387,"17627","2066200532","KING",0,0,0,4
6.49,6.49,40352,"17627","2066200532","KING",0,0,0,1
6.49,6.49,40317,"17627","2066200532","KING",0,0,0,3
6.49,6.49,40338,"17627","2066200532","KING",0,0,0,4
6.38,6.38,39946,"2281","7218063052","TONYS",0,0,0,8
7.09,7.09,40695,"2281","7218063052","TONYS",0,0,0,3
7.49,7.49,40730,"2281","7218063052","TONYS",0,0,0,4
6.89,6.89,40436,"2281","7218063052","TONYS",0,0,0,3
6.38,6.38,40177,"2281","7218063052","TONYS",0,0,0,6
6.32,6.32,40226,"2281","7218063052","TONYS",0,0,0,13
6.38,4.99,40100,"2281","7218063052","TONYS",1,1,0,22
6.27,4.99,40310,"2281","7218063052","TONYS",1,0,0,22
6.89,6.89,40394,"2281","7218063052","TONYS",0,0,0,3
6.89,6.89,40422,"13609","7218063052","TONYS",0,0,0,4
7.09,7.09,40695,"13609","7218063052","TONYS",0,0,0,1
6.89,6.89,40492,"13609","7218063052","TONYS",0,0,0,6
6.89,6.89,40464,"13609","7218063052","TONYS",0,0,0,7
6.38,6.38,40044,"13609","7218063052","TONYS",0,0,0,3
6.89,4.48,40478,"13609","7218063052","TONYS",1,1,0,25
6.27,4.99,40240,"13609","7218063052","TONYS",0,1,0,18
6.38,6.38,40142,"13609","7218063052","TONYS",0,0,0,8
6.29,6.29,40324,"13609","7218063052","TONYS",0,0,0,7
5.99,5.99,40443,"26973","2066200530","KING",0,0,0,9
5.99,5.99,40359,"26973","2066200530","KING",0,0,0,7
6.12,6.12,40758,"26973","2066200530","KING",0,0,0,12
5.99,5.99,40429,"26973","2066200530","KING",0,0,0,4
5.99,5.99,40604,"26973","2066200530","KING",0,0,0,9
6.49,6.49,40282,"26973","2066200530","KING",0,0,0,2
6.65,6.65,40849,"26973","2066200530","KING",0,0,0,7
5.99,5.99,40576,"26973","2066200530","KING",0,0,0,4
5.99,5.99,40660,"26973","2066200530","KING",0,0,0,3
5.99,5.99,40534,"26973","2066200530","KING",0,0,0,3
7.19,7.19,40604,"6179","7192100337","TOMBSTONE",0,0,0,6
5.8,5.8,40849,"6179","7192100337","TOMBSTONE",0,0,0,6
6.39,6.39,39925,"6179","7192100337","TOMBSTONE",0,0,0,12
6.99,4.47,40079,"6179","7192100337","TOMBSTONE",1,1,0,26
6.37,6.37,39855,"6179","7192100337","TOMBSTONE",0,0,0,16
6.87,6.87,40541,"6179","7192100337","TOMBSTONE",0,0,0,6
6.99,6.99,40156,"6179","7192100337","TOMBSTONE",0,0,0,13
6.99,6.99,40359,"6179","7192100337","TOMBSTONE",0,0,0,12
