grocery-store-data.csv
"BASE_PRICE","PRICE","WEEK_END_DATE","STORE_NUM","UPC","MANUFACTURER","DISPLAY","FEATURE","TPR_ONLY","UNITS"
7.49,7.49,40702,"25229","7218063983","TONYS",0,0,0,5
6.49,3.99,40184,"25229","7218063983","TONYS",1,1,0,50
7.29,7.29,40408,"25229","7218063983","TONYS",0,0,0,3
6.79,6.79,39918,"25229","7218063983","TONYS",0,0,0,6
6.79,4.54,39883,"25229","7218063983","TONYS",1,1,0,55
6.79,4.49,39890,"25229","7218063983","TONYS",1,1,0,43
7.89,7.89,40744,"25229","7218063983","TONYS",0,0,0,5
7.29,7.29,40541,"25229","7218063983","TONYS",0,0,0,5
6.49,6.49,40317,"25229","7218063983","TONYS",0,0,0,5
7.29,4.49,40478,"25229","7218063983","TONYS",1,1,0,24
6.49,6.49,40233,"25229","7218063983","TONYS",0,0,0,6
6.59,4.47,40471,"10019","7192100339","TOMBSTONE",1,1,0,23
5.27,5.27,40863,"10019","7192100339","TOMBSTONE",0,0,0,12
6.59,6.59,40226,"10019","7192100339","TOMBSTONE",0,0,0,5
6.59,4.54,40254,"10019","7192100339","TOMBSTONE",1,0,0,20
6.59,6.59,40548,"10019","7192100339","TOMBSTONE",0,0,0,5
6.59,6.59,40366,"10019","7192100339","TOMBSTONE",0,0,0,17
6.26,6.26,39876,"10019","7192100339","TOMBSTONE",0,0,0,2
6.59,6.59,40492,"10019","7192100339","TOMBSTONE",0,0,0,12
6.35,6.35,40072,"10019","7192100339","TOMBSTONE",0,0,0,9
5.49,5.27,40814,"10019","7192100339","TOMBSTONE",1,1,0,16
6.59,6.59,40646,"10019","7192100339","TOMBSTONE",0,0,0,5
3.28,3.31,40534,"4259","1111087396","PRIVATE LABEL",1,0,0,44
3.85,3.27,40471,"4259","1111087396","PRIVATE LABEL",0,0,1,21
4.76,4.76,40345,"4259","1111087396","PRIVATE LABEL",0,0,0,14
3.97,3.28,39918,"4259","1111087396","PRIVATE LABEL",0,1,0,53
4.83,4.83,40107,"4259","1111087396","PRIVATE LABEL",0,0,0,8
3.93,3.93,40422,"4259","1111087396","PRIVATE LABEL",0,0,0,15
3.97,3.97,40429,"4259","1111087396","PRIVATE LABEL",0,0,0,19
3.94,3.94,40835,"4259","1111087396","PRIVATE LABEL",0,0,0,13
3.85,3.16,40478,"4259","1111087396","PRIVATE LABEL",0,0,1,13
4,4,39897,"4259","1111087396","PRIVATE LABEL",0,0,0,5
4.74,4.74,40373,"4259","1111087396","PRIVATE LABEL",0,0,0,10
3.97,3.25,39932,"4259","1111087396","PRIVATE LABEL",0,0,1,21
6.59,6.59,40037,"19523","7192100337","TOMBSTONE",0,0,0,10
6.59,6.59,40170,"19523","7192100337","TOMBSTONE",0,0,0,7
6.59,5.5,40506,"19523","7192100337","TOMBSTONE",0,1,0,20
6.59,5.02,40408,"19523","7192100337","TOMBSTONE",1,1,0,47
6.59,6.59,40562,"19523","7192100337","TOMBSTONE",0,0,0,9
6.59,6.59,40527,"19523","7192100337","TOMBSTONE",0,0,0,11
6.29,6.29,39848,"19523","7192100337","TOMBSTONE",0,0,0,6
6.59,6.59,40163,"19523","7192100337","TOMBSTONE",0,0,0,11
6.59,5.1,40345,"19523","7192100337","TOMBSTONE",1,1,0,43
6.59,6.59,40219,"19523","7192100337","TOMBSTONE",0,0,0,7
6.79,6.79,40660,"19523","7192100337","TOMBSTONE",0,0,0,4
6.49,6.49,40261,"12011","7218063052","TONYS",0,0,0,3
7.29,4.99,40562,"12011","7218063052","TONYS",0,1,0,9
6.49,6.49,40219,"12011","7218063052","TONYS",0,0,0,2
7.49,7.49,40702,"12011","7218063052","TONYS",0,0,0,1
6.49,6.49,40324,"12011","7218063052","TONYS",0,0,0,2
7.29,7.29,40422,"12011","7218063052","TONYS",0,0,0,1
7.29,7.29,40597,"12011","7218063052","TONYS",0,0,0,1
7.02,3.99,40191,"12011","7218063052","TONYS",0,1,0,9
7.49,7.49,40667,"12011","7218063052","TONYS",0,0,0,4
7.29,4.99,40107,"12011","7218063052","TONYS",0,0,1,7
6.79,5.82,40016,"12011","7218063052","TONYS",0,0,1,4
4.92,3.64,40618,"15531","1111087396","PRIVATE LABEL",0,0,1,11
4.81,4.81,40072,"15531","1111087396","PRIVATE LABEL",0,0,0,6
3.94,3.94,40807,"15531","1111087396","PRIVATE LABEL",0,0,0,16
3.32,3.35,40555,"15531","1111087396","PRIVATE LABEL",1,0,0,60
4.92,3.69,40611,"15531","1111087396","PRIVATE LABEL",0,0,1,7
4.79,4.79,40331,"15531","1111087396","PRIVATE LABEL",0,0,0,4
4,4,40646,"15531","1111087396","PRIVATE LABEL",0,0,0,17
4.89,4.89,40107,"15531","1111087396","PRIVATE LABEL",0,0,0,8
5.14,3.53,40723,"15531","1111087396","PRIVATE LABEL",1,1,0,32
5.14,3.87,40709,"15531","1111087396","PRIVATE LABEL",0,0,1,11
4,3.49,40051,"15531","1111087396","PRIVATE LABEL",0,1,0,17
4.13,4.13,39974,"15531","1111087396","PRIVATE LABEL",0,0,0,7
4.89,4.89,40114,"15531","1111087396","PRIVATE LABEL",0,0,0,5
3.94,3.94,39911,"15531","1111087396","PRIVATE LABEL",0,0,0,14
3.25,3.25,39953,"2495","1111087398","PRIVATE LABEL",0,0,0,15
3.2,3.2,40415,"2495","1111087398","PRIVATE LABEL",0,0,0,7
3.27,3.27,40303,"2495","1111087398","PRIVATE LABEL",0,0,0,14
3.27,3.27,40317,"2495","1111087398","PRIVATE LABEL",0,0,0,15
3.25,3.25,40604,"2495","1111087398","PRIVATE LABEL",0,0,0,13
3.33,3.33,40030,"2495","1111087398","PRIVATE LABEL",0,0,0,13
3.12,3.12,40037,"2495","1111087398","PRIVATE LABEL",0,0,0,11
3.74,3.74,40786,"2495","1111087398","PRIVATE LABEL",0,0,0,4
3.3,2.9,40569,"2495","1111087398","PRIVATE LABEL",0,0,1,10
3.14,3.14,40219,"2495","1111087398","PRIVATE LABEL",0,0,0,17
3.33,3.34,40212,"2495","1111087398","PRIVATE LABEL",1,0,0,14
6.27,6.27,40226,"25021","7218063979","TONYS",0,0,0,5
6.38,6.38,40156,"25021","7218063979","TONYS",0,0,0,5
6.89,6.89,40611,"25021","7218063979","TONYS",0,0,0,1
6.89,4.49,40520,"25021","7218063979","TONYS",1,0,0,37
7.09,7.09,40709,"25021","7218063979","TONYS",0,0,0,1
6.38,6.38,39953,"25021","7218063979","TONYS",0,0,0,5
6.89,6.89,40492,"25021","7218063979","TONYS",0,0,0,5
6.99,6.99,40905,"25021","7218063979","TONYS",0,0,0,1
6.38,6.38,39946,"25021","7218063979","TONYS",0,0,0,7
7.09,7.09,40667,"15541","7218063052","TONYS",0,0,0,5
6.89,4.49,40527,"15541","7218063052","TONYS",1,1,0,19
6.38,6.38,39904,"15541","7218063052","TONYS",0,0,0,2
6.38,6.38,40170,"15541","7218063052","TONYS",0,0,0,8
6.46,4.99,39855,"15541","7218063052","TONYS",1,1,0,19
7.09,7.09,40639,"15541","7218063052","TONYS",0,0,0,3
6.38,6.38,39974,"15541","7218063052","TONYS",0,0,0,1
6.89,6.89,40555,"15541","7218063052","TONYS",0,0,0,2
6.38,6.38,39981,"15541","7218063052","TONYS",0,0,0,3
7.39,7.39,40723,"15541","7218063052","TONYS",0,0,0,2
6.89,4.49,40450,"15541","7218063052","TONYS",1,1,0,19
6.38,6.38,39953,"15541","7218063052","TONYS",0,0,0,6
6.29,6.29,39841,"6379","7192100339","TOMBSTONE",0,0,0,14
5.27,5.27,40863,"6379","7192100339","TOMBSTONE",0,0,0,24
5.49,5.49,40765,"6379","7192100339","TOMBSTONE",1,1,0,33
6.59,6.59,40338,"6379","7192100339","TOMBSTONE",0,0,0,19
6.79,5.27,40709,"6379","7192100339","TOMBSTONE",1,1,0,34
6.59,6.59,40037,"6379","7192100339","TOMBSTONE",0,0,0,21
6.59,6.59,40198,"6379","7192100339","TOMBSTONE",0,0,0,20
6.79,5.27,40702,"6379","7192100339","TOMBSTONE",1,1,0,32
6.59,6.59,40184,"6379","7192100339","TOMBSTONE",0,0,0,19
6.27,5.49,39911,"6379","7192100339","TOMBSTONE",0,1,0,15
6.59,6.59,40128,"6379","7192100339","TOMBSTONE",0,0,0,18
6.59,4.99,40002,"6379","7192100339","TOMBSTONE",0,1,0,43
6.59,4.77,40625,"6379","7192100339","TOMBSTONE",1,1,0,32
6.49,6.49,40072,"25233","7218063052","TONYS",0,0,0,2
6.62,5.29,40380,"25233","7218063052","TONYS",0,0,1,2
7.89,4.99,40758,"25233","7218063052","TONYS",0,1,0,5
7.49,4.82,40681,"25233","7218063052","TONYS",1,1,0,6
6.79,6.79,39946,"25233","7218063052","TONYS",0,0,0,1
7.29,4.49,40450,"25233","7218063052","TONYS",1,1,0,6
6.79,6.79,39848,"25233","7218063052","TONYS",0,0,0,1
6.79,6.79,39960,"25233","7218063052","TONYS",0,0,0,2
6.49,6.49,40149,"25233","7218063052","TONYS",0,0,0,2
3.23,3.2,39974,"25261","1111087395","PRIVATE LABEL",1,0,0,34
3.27,3.27,40429,"25261","1111087395","PRIVATE LABEL",0,0,0,19
3.7,3.7,40800,"25261","1111087395","PRIVATE LABEL",0,0,0,13
3.3,3.3,40100,"25261","1111087395","PRIVATE LABEL",0,0,0,22
3.27,3.27,40359,"25261","1111087395","PRIVATE LABEL",0,0,0,19
3.53,3.53,40856,"25261","1111087395","PRIVATE LABEL",0,0,0,13
3.28,3.28,39918,"25261","1111087395","PRIVATE LABEL",0,0,0,22
2.89,2.89,40562,"25261","1111087395","PRIVATE LABEL",0,0,0,21
7.29,4.49,40450,"19521","7218063052","TONYS",0,1,0,7
7.89,7.89,40765,"19521","7218063052","TONYS",0,0,0,1
7.29,4.49,40527,"19521","7218063052","TONYS",0,0,1,3
6.49,6.49,40142,"19521","7218063052","TONYS",0,0,0,6
6.79,6.79,39967,"19521","7218063052","TONYS",0,0,0,1
6.49,6.49,40338,"19521","7218063052","TONYS",0,0,0,8
6.49,5.29,40380,"19521","7218063052","TONYS",0,0,1,11
7.89,7.89,40744,"19521","7218063052","TONYS",0,0,0,6
7.29,4.49,40457,"19521","7218063052","TONYS",0,1,0,13
7.29,4.99,40051,"19521","7218063052","TONYS",1,1,0,12
7.49,7.49,40702,"19521","7218063052","TONYS",0,0,0,1
7.29,7.29,40604,"19521","7218063052","TONYS",0,0,0,3
7.29,6.49,40226,"19521","7218063052","TONYS",0,0,1,6
3.29,3.29,40499,"23061","1111087396","PRIVATE LABEL",0,0,0,13
3.97,3.97,40646,"23061","1111087396","PRIVATE LABEL",0,0,0,14
3.96,3.96,39911,"23061","1111087396","PRIVATE LABEL",0,0,0,10
5.29,3.49,40730,"23061","1111087396","PRIVATE LABEL",1,0,0,19
4.67,3.63,40289,"23061","1111087396","PRIVATE LABEL",1,0,0,21
4.89,2.97,40163,"23061","1111087396","PRIVATE LABEL",1,1,0,39
4,4,40779,"23061","1111087396","PRIVATE LABEL",0,0,0,4
3.23,3.23,40520,"23061","1111087396","PRIVATE LABEL",0,0,0,21
3.9,3.9,40856,"23061","1111087396","PRIVATE LABEL",0,0,0,11
5.11,3.26,40604,"23061","1111087396","PRIVATE LABEL",1,0,0,33
4.67,4.67,40268,"23061","1111087396","PRIVATE LABEL",0,0,0,4
3.72,3.72,40044,"23061","1111087396","PRIVATE LABEL",0,0,0,14
6.59,6.59,40240,"4521","7192100337","TOMBSTONE",0,0,0,10
6.59,5.65,40135,"4521","7192100337","TOMBSTONE",0,1,0,14
5.27,5.27,40863,"4521","7192100337","TOMBSTONE",0,0,0,4
6.59,6.59,40303,"4521","7192100337","TOMBSTONE",0,0,0,8
6.59,4.47,40247,"4521","7192100337","TOMBSTONE",0,1,0,40
6.59,4.47,40093,"4521","7192100337","TOMBSTONE",1,0,0,28
6.59,5.11,40429,"4521","7192100337","TOMBSTONE",0,0,1,13
5.27,5.27,40870,"4521","7192100337","TOMBSTONE",0,1,0,16
6.49,6.49,40135,"12011","7218063979","TONYS",0,0,0,3
6.76,4.99,40240,"12011","7218063979","TONYS",0,1,0,1
6.69,6.69,40170,"12011","7218063979","TONYS",0,0,0,4
6.49,6.49,40163,"12011","7218063979","TONYS",0,0,0,2
7.89,7.89,40737,"12011","7218063979","TONYS",0,0,0,2
7.49,7.49,40884,"12011","7218063979","TONYS",0,0,0,1
6.79,5.49,40002,"12011","7218063979","TONYS",0,0,1,2
7.29,7.29,40597,"12011","7218063979","TONYS",0,0,0,2
6.76,6.76,40233,"12011","7218063979","TONYS",0,0,0,3
7.29,4.99,40569,"17615","7218063983","TONYS",1,1,0,11
6.49,6.49,40149,"17615","7218063983","TONYS",0,0,0,2
7.49,7.49,40786,"17615","7218063983","TONYS",0,0,0,1
6.49,6.49,40282,"17615","7218063983","TONYS",0,0,0,7
7.29,7.29,40436,"17615","7218063983","TONYS",0,0,0,3
7.29,7.29,40499,"17615","7218063983","TONYS",0,0,0,2
6.49,6.49,40156,"17615","7218063983","TONYS",0,0,0,7
6.49,6.49,40317,"17615","7218063983","TONYS",0,0,0,4
7.38,7.38,40051,"2277","7192100336","TOMBSTONE",0,0,0,7
5.8,5.8,40856,"2277","7192100336","TOMBSTONE",0,0,0,8
6.29,6.29,39939,"2277","7192100336","TOMBSTONE",0,0,0,9
6.99,6.99,40303,"2277","7192100336","TOMBSTONE",0,0,0,2
6.99,6.99,40107,"2277","7192100336","TOMBSTONE",0,0,0,8
7.49,7.49,40058,"2277","7192100336","TOMBSTONE",0,0,0,9
6.99,6.99,40569,"2277","7192100336","TOMBSTONE",0,0,0,5
6.65,6.65,40674,"2277","7192100336","TOMBSTONE",0,0,0,8
5.99,5.74,39911,"2277","7192100336","TOMBSTONE",0,1,0,16
7.19,4.77,40611,"2277","7192100336","TOMBSTONE",1,1,0,36
5.99,5.49,39904,"2277","7192100336","TOMBSTONE",0,1,0,5
3.29,3.3,40597,"27175","1111087395","PRIVATE LABEL",1,1,0,17
3.27,3.27,40464,"27175","1111087395","PRIVATE LABEL",0,0,0,5
3.09,3.09,40324,"27175","1111087395","PRIVATE LABEL",0,0,0,4
3.33,3.33,40450,"27175","1111087395","PRIVATE LABEL",0,0,0,5
3.29,3.29,40247,"27175","1111087395","PRIVATE LABEL",0,0,0,6
3.23,3.23,40611,"27175","1111087395","PRIVATE LABEL",0,0,0,3
3.29,3.29,39883,"27175","1111087395","PRIVATE LABEL",0,0,0,7
3.26,3.26,40674,"27175","1111087395","PRIVATE LABEL",0,0,0,9
3.33,3.33,40394,"27175","1111087395","PRIVATE LABEL",0,0,0,3
3.79,3.79,40842,"27175","1111087395","PRIVATE LABEL",0,0,0,1
3.79,3.79,40786,"27175","1111087395","PRIVATE LABEL",0,0,0,2
3.25,2.94,40163,"27175","1111087395","PRIVATE LABEL",1,1,0,13
3.34,3.34,40149,"27175","1111087395","PRIVATE LABEL",0,0,0,5
3.34,3.34,40499,"13827","1111087395","PRIVATE LABEL",0,0,0,3
3.27,2.92,40576,"13827","1111087395","PRIVATE LABEL",0,0,1,16
3.7,3.28,40744,"13827","1111087395","PRIVATE LABEL",0,1,0,24
3.7,3.27,40737,"13827","1111087395","PRIVATE LABEL",0,0,1,24
3.19,3.19,40051,"13827","1111087395","PRIVATE LABEL",0,0,0,10
3.06,3.06,40450,"13827","1111087395","PRIVATE LABEL",0,0,0,7
3.31,3.31,40366,"13827","1111087395","PRIVATE LABEL",0,0,0,12
3.47,3.47,40863,"13827","1111087395","PRIVATE LABEL",0,0,0,10
6.79,4.43,39883,"2505","7218063052","TONYS",1,1,0,27
6.49,5.29,40380,"2505","7218063052","TONYS",0,0,1,3
6.49,6.49,40261,"2505","7218063052","TONYS",0,0,0,3
7.29,4.99,40051,"2505","7218063052","TONYS",0,1,0,4
7.49,7.49,40884,"2505","7218063052","TONYS",0,0,0,1
7.29,7.29,40513,"2505","7218063052","TONYS",0,0,0,1
7.29,4.49,40478,"2505","7218063052","TONYS",0,1,0,13
6.65,4.99,40107,"2505","7218063052","TONYS",0,0,1,12
6.79,6.79,39953,"2505","7218063052","TONYS",0,0,0,4
7.29,6.49,40065,"2505","7218063052","TONYS",0,0,1,5
6.79,6.79,39827,"2505","7218063052","TONYS",0,0,0,7
6.49,6.49,40233,"2505","7218063052","TONYS",0,0,0,5
6.99,4.47,40261,"2279","7192100339","TOMBSTONE",0,1,0,50
5.99,5.99,39883,"2279","7192100339","TOMBSTONE",0,0,0,32
6.35,6.35,39995,"2279","7192100339","TOMBSTONE",0,0,0,21
7.49,7.49,40037,"2279","7192100339","TOMBSTONE",0,0,0,7
6.99,4.99,40429,"2279","7192100339","TOMBSTONE",0,0,1,29
6.99,6.99,40359,"2279","7192100339","TOMBSTONE",0,0,0,6
6.99,4.52,40100,"2279","7192100339","TOMBSTONE",1,0,0,50
7.19,7.19,40597,"2279","7192100339","TOMBSTONE",0,0,0,5
5.8,5.8,40905,"2279","7192100339","TOMBSTONE",0,0,0,21
6.99,6.99,40541,"2279","7192100339","TOMBSTONE",0,0,0,11
6.99,4.99,40436,"2279","7192100339","TOMBSTONE",0,0,1,29
4.75,4.75,40338,"21221","1111087396","PRIVATE LABEL",0,0,0,12
4.79,4.79,40359,"21221","1111087396","PRIVATE LABEL",0,0,0,5
4.83,2.98,40198,"21221","1111087396","PRIVATE LABEL",1,0,0,13
3.92,3.92,40443,"21221","1111087396","PRIVATE LABEL",0,0,0,10
4.55,4.55,40107,"21221","1111087396","PRIVATE LABEL",0,0,0,9
3.95,3.95,40793,"21221","1111087396","PRIVATE LABEL",0,0,0,7
4,4,40772,"21221","1111087396","PRIVATE LABEL",0,0,0,14
5.29,3.97,40702,"21221","1111087396","PRIVATE LABEL",0,0,1,13
4.89,4.89,40086,"21221","1111087396","PRIVATE LABEL",0,0,0,5
3.96,3.96,40856,"21221","1111087396","PRIVATE LABEL",0,0,0,25
6.89,6.89,40156,"4489","7218063979","TONYS",0,0,0,2
6.49,6.49,40163,"4489","7218063979","TONYS",0,0,0,3
7.29,7.29,40443,"4489","7218063979","TONYS",0,0,0,2
7.89,7.89,40723,"4489","7218063979","TONYS",0,0,0,4
7.29,7.29,40471,"4489","7218063979","TONYS",0,0,0,3
6.14,6.79,40023,"4489","7218063979","TONYS",1,0,0,1
6.49,6.49,40394,"4489","7218063979","TONYS",0,0,0,2
7.89,7.89,40765,"4489","7218063979","TONYS",0,0,0,1
7.49,4.64,40681,"4489","7218063979","TONYS",1,1,0,10
6.79,6.79,39946,"4489","7218063979","TONYS",0,0,0,4
7.29,4.99,40240,"4489","7218063979","TONYS",0,1,0,7
6.49,6.49,40352,"25229","2066200532","KING",0,0,0,3
5.99,5.99,40443,"25229","2066200532","KING",0,0,0,6
6.49,6.49,40884,"25229","2066200532","KING",0,0,0,5
6.49,6.49,40331,"25229","2066200532","KING",0,0,0,4
6.49,6.49,40282,"25229","2066200532","KING",0,0,0,6
6.49,6.49,40240,"25229","2066200532","KING",0,0,0,1
6.49,4.49,40723,"25229","2066200532","KING",0,0,1,9
5.99,5.99,40401,"25229","2066200532","KING",0,0,0,1
6.99,6.99,40898,"25229","2066200532","KING",0,0,0,4
5.64,5.64,40793,"613","7192100336","TOMBSTONE",0,0,0,11
6.39,6.39,39869,"613","7192100336","TOMBSTONE",0,0,0,10
6.79,5,40667,"613","7192100336","TOMBSTONE",1,1,0,34
6.59,6.59,40590,"613","7192100336","TOMBSTONE",0,0,0,2
6.59,6.59,40541,"613","7192100336","TOMBSTONE",0,0,0,6
6.49,5.27,40716,"613","7192100336","TOMBSTONE",0,0,1,15
5.8,5.52,40870,"613","7192100336","TOMBSTONE",1,1,0,20
6.59,6.59,40072,"613","7192100336","TOMBSTONE",0,0,0,1
6.59,4.77,40618,"613","7192100336","TOMBSTONE",1,1,0,24
5.64,5.64,40828,"2281","7192100336","TOMBSTONE",0,0,0,18
6.89,6.89,40681,"2281","7192100336","TOMBSTONE",0,0,0,13
6.99,6.99,40289,"2281","7192100336","TOMBSTONE",0,0,0,7
6.59,5.77,40709,"2281","7192100336","TOMBSTONE",0,1,0,32
5.8,5.8,40849,"2281","7192100336","TOMBSTONE",0,0,0,7
6.29,6.29,39946,"2281","7192100336","TOMBSTONE",0,0,0,12
6.29,6.29,39862,"2281","7192100336","TOMBSTONE",0,0,0,9
6.29,5.99,39834,"2281","7192100336","TOMBSTONE",1,1,0,18
6.99,6.99,40366,"2281","7192100336","TOMBSTONE",0,0,0,3
6.29,4.99,40009,"2281","7192100336","TOMBSTONE",1,1,0,17
5.8,5.03,40912,"2281","7192100336","TOMBSTONE",1,1,0,26
6.99,6.99,40303,"2281","7192100336","TOMBSTONE",0,0,0,9
6.29,6.29,39918,"2281","7192100336","TOMBSTONE",0,0,0,5
7.29,7.29,40555,"17627","7218063983","TONYS",0,0,0,4
7.29,7.29,40436,"17627","7218063983","TONYS",0,0,0,2
7.49,7.49,40653,"17627","7218063983","TONYS",0,0,0,2
6.79,6.05,39988,"17627","7218063983","TONYS",0,0,1,7
6.79,6.79,40016,"17627","7218063983","TONYS",0,0,0,3
6.79,6.79,39876,"17627","7218063983","TONYS",0,0,0,3
6.99,5,40912,"17627","7218063983","TONYS",0,1,0,13
6.49,6.49,40268,"17627","7218063983","TONYS",0,0,0,4
6.4,6.4,39946,"8035","7192100336","TOMBSTONE",0,0,0,11
6.99,5.16,40429,"8035","7192100336","TOMBSTONE",0,0,1,23
6.99,4.47,40254,"8035","7192100336","TOMBSTONE",0,1,0,4
7.49,6.29,39855,"8035","7192100336","TOMBSTONE",0,0,1,9
7.49,7.49,40058,"8035","7192100336","TOMBSTONE",0,0,0,1
5.64,5.64,40828,"8035","7192100336","TOMBSTONE",0,0,0,13
6.59,4.99,40814,"8035","7192100336","TOMBSTONE",0,1,0,16
6.59,4.8,40807,"8035","7192100336","TOMBSTONE",0,1,0,8
6.99,6.99,40156,"8035","7192100336","TOMBSTONE",0,0,0,21
7.09,7.09,40625,"26973","7218063983","TONYS",0,0,0,2
7.49,7.49,40849,"26973","7218063983","TONYS",0,0,0,4
6.89,6.89,40387,"26973","7218063983","TONYS",0,0,0,7
7.49,7.49,40877,"26973","7218063983","TONYS",0,0,0,2
6.39,6.39,40254,"26973","7218063983","TONYS",0,0,0,3
6.46,4.99,39862,"26973","7218063983","TONYS",1,0,0,19
6.89,6.89,40548,"26973","7218063983","TONYS",0,0,0,7
6.89,6.89,40072,"26973","7218063983","TONYS",0,0,0,2
