grocery-store-data.csv
"BASE_PRICE","PRICE","WEEK_END_DATE","STORE_NUM","UPC","MANUFACTURER","DISPLAY","FEATURE","TPR_ONLY","UNITS"
6.49,3.99,40184,"13859","7218063983","TONYS",1,1,0,26
6.49,6.49,40121,"13859","7218063983","TONYS",0,0,0,1
6.79,6.79,39918,"13859","7218063983","TONYS",0,0,0,3
7.49,7.49,40870,"13859","7218063983","TONYS",0,0,0,2
7.29,6.49,40226,"13859","7218063983","TONYS",0,0,1,1
6.27,6.27,40016,"13859","7218063983","TONYS",0,0,0,5
7.49,5.99,40828,"13859","7218063983","TONYS",0,1,0,5
6.79,6.79,40023,"13859","7218063983","TONYS",0,0,0,2
7.29,7.29,40541,"13859","7218063983","TONYS",0,0,0,2
3.28,3.28,40310,"4503","1111087395","PRIVATE LABEL",0,0,0,12
3.69,3.69,40751,"4503","1111087395","PRIVATE LABEL",0,0,0,15
3.5,3.5,40877,"4503","1111087395","PRIVATE LABEL",0,0,0,3
3.19,2.94,40163,"4503","1111087395","PRIVATE LABEL",1,1,0,36
3.29,3.29,40870,"4503","1111087395","PRIVATE LABEL",0,0,0,9
3.21,3.21,40051,"4503","1111087395","PRIVATE LABEL",0,0,0,13
3.13,3.13,40359,"4503","1111087395","PRIVATE LABEL",0,0,0,16
3.24,3.24,40471,"4503","1111087395","PRIVATE LABEL",0,0,0,17
6.27,6.27,40289,"387","7218063983","TONYS",0,0,0,10
6.38,6.38,40142,"387","7218063983","TONYS",0,0,0,3
6.89,6.89,40590,"387","7218063983","TONYS",0,0,0,5
6.29,6.29,40324,"387","7218063983","TONYS",0,0,0,1
7.49,4.99,40821,"387","7218063983","TONYS",1,0,0,26
6.29,6.29,40345,"387","7218063983","TONYS",0,0,0,6
6.38,6.38,40177,"387","7218063983","TONYS",0,0,0,4
6.38,6.38,40114,"387","7218063983","TONYS",0,0,0,2
7.49,7.49,40898,"387","7218063983","TONYS",0,0,0,8
6.79,6.79,39827,"4503","7218063983","TONYS",0,0,0,10
6.79,4.53,39883,"4503","7218063983","TONYS",1,1,0,75
6.49,6.49,40338,"4503","7218063983","TONYS",0,0,0,6
6.99,5,40912,"4503","7218063983","TONYS",0,1,0,17
7.49,6.66,40870,"4503","7218063983","TONYS",0,0,1,3
6.49,6.49,40170,"4503","7218063983","TONYS",0,0,0,2
7.49,4.72,40674,"4503","7218063983","TONYS",1,1,0,35
6.29,5.29,40359,"4503","7218063983","TONYS",0,0,1,11
6.99,4.49,40464,"4245","7192100339","TOMBSTONE",1,1,0,119
6.99,5.07,40373,"4245","7192100339","TOMBSTONE",1,1,0,45
6.34,5.99,39827,"4245","7192100339","TOMBSTONE",1,1,0,44
6.99,6.99,40219,"4245","7192100339","TOMBSTONE",0,0,0,35
6.99,4.51,40261,"4245","7192100339","TOMBSTONE",1,1,0,116
6.99,4.49,40471,"4245","7192100339","TOMBSTONE",1,1,0,94
6.99,6.99,40114,"4245","7192100339","TOMBSTONE",1,0,0,17
6.99,4.77,40443,"4245","7192100339","TOMBSTONE",1,1,0,63
6.09,5.5,40877,"4245","7192100339","TOMBSTONE",1,1,0,55
6.99,6.99,40492,"4245","7192100339","TOMBSTONE",1,0,0,11
5.99,6.29,39995,"4245","7192100339","TOMBSTONE",1,0,0,9
6.99,6.99,40289,"4245","7192100339","TOMBSTONE",1,0,0,16
6.59,6.59,40646,"21485","7192100337","TOMBSTONE",0,0,0,5
6.59,6.59,40051,"21485","7192100337","TOMBSTONE",0,0,0,2
5.99,5.99,39890,"21485","7192100337","TOMBSTONE",0,0,0,2
6.59,6.59,40289,"21485","7192100337","TOMBSTONE",0,0,0,4
6.59,6.59,40324,"21485","7192100337","TOMBSTONE",0,0,0,3
6.59,4.47,40254,"21485","7192100337","TOMBSTONE",1,0,0,9
6.59,6.59,40534,"21485","7192100337","TOMBSTONE",0,0,0,6
6.59,4.99,40576,"21485","7192100337","TOMBSTONE",1,0,0,28
5.27,5.27,40842,"21485","7192100337","TOMBSTONE",0,0,0,5
6.79,4.99,40730,"21485","7192100337","TOMBSTONE",0,1,0,9
5.49,5.49,40758,"21485","7192100337","TOMBSTONE",0,0,0,11
7.89,7.89,40765,"23345","7218063052","TONYS",1,0,0,7
7.29,4.49,40478,"23345","7218063052","TONYS",1,1,0,20
6.25,6.25,40352,"23345","7218063052","TONYS",0,0,0,5
7.29,7.29,40583,"23345","7218063052","TONYS",0,0,0,9
7.49,7.49,40842,"23345","7218063052","TONYS",0,0,0,1
6.49,6.49,40128,"23345","7218063052","TONYS",0,0,0,10
6.79,4.49,39883,"23345","7218063052","TONYS",1,1,0,35
6.99,6.99,40898,"23345","7218063052","TONYS",0,0,0,2
6.99,6.99,40905,"23345","7218063052","TONYS",0,0,0,3
6.79,6.79,39981,"25229","7218063979","TONYS",0,0,0,7
6.49,6.49,40212,"25229","7218063979","TONYS",0,0,0,1
7.49,7.49,40891,"25229","7218063979","TONYS",0,0,0,1
6.49,6.49,40170,"25229","7218063979","TONYS",0,0,0,8
7.29,6.49,40086,"25229","7218063979","TONYS",0,0,1,3
6.79,4.49,39890,"25229","7218063979","TONYS",0,1,0,64
7.49,7.49,40835,"25229","7218063979","TONYS",0,0,0,2
6.49,6.49,40345,"25229","7218063979","TONYS",0,0,0,8
7.29,6.49,40121,"25229","7218063979","TONYS",0,0,1,6
6.79,6.79,39974,"25229","7218063979","TONYS",0,0,0,4
6.49,6.49,40282,"25229","7218063979","TONYS",0,0,0,8
7.49,7.49,40702,"25229","7218063979","TONYS",0,0,0,3
6.79,6.79,39848,"25229","7218063979","TONYS",0,0,0,5
6.79,4.49,39897,"25229","7218063979","TONYS",0,1,0,39
7.29,4.99,40051,"25229","7218063979","TONYS",1,1,0,7
7.89,7.89,40744,"25229","7218063979","TONYS",0,0,0,6
6.49,5.41,40380,"25229","7218063979","TONYS",0,0,1,17
3.96,3.96,39960,"28909","1111087395","PRIVATE LABEL",0,0,0,9
3.31,3.31,40548,"28909","1111087395","PRIVATE LABEL",0,0,0,13
4.77,2.98,40198,"28909","1111087395","PRIVATE LABEL",1,0,0,44
3.91,3.33,39925,"28909","1111087395","PRIVATE LABEL",1,0,0,19
4.79,3.9,40401,"28909","1111087395","PRIVATE LABEL",0,0,1,12
4.79,3.97,40394,"28909","1111087395","PRIVATE LABEL",0,0,1,12
4,3.26,40478,"28909","1111087395","PRIVATE LABEL",0,0,1,8
5.29,5.29,40674,"28909","1111087395","PRIVATE LABEL",0,0,0,1
5.29,3.92,40695,"28909","1111087395","PRIVATE LABEL",0,0,1,10
4.79,4.79,40247,"28909","1111087395","PRIVATE LABEL",0,0,0,5
4,4,40030,"28909","1111087395","PRIVATE LABEL",0,0,0,13
4.89,4.89,40114,"28909","1111087395","PRIVATE LABEL",0,0,0,9
5.99,5.99,40471,"4521","2066200531","KING",0,0,0,3
6.49,6.49,40786,"4521","2066200531","KING",0,0,0,1
5.99,5.99,40821,"4521","2066200531","KING",0,0,0,3
5.99,5.99,40450,"4521","2066200531","KING",0,0,0,2
5.99,5.99,40590,"4521","2066200531","KING",0,0,0,1
6.19,6.19,40751,"4521","2066200531","KING",0,0,0,2
5.99,5.99,40849,"4521","2066200531","KING",0,0,0,4
5.99,5.99,40618,"4521","2066200531","KING",0,0,0,6
6.49,6.49,40884,"4521","2066200531","KING",0,0,0,4
6.59,4.47,40247,"13827","7192100337","TOMBSTONE",1,1,0,30
6.59,6.59,40219,"13827","7192100337","TOMBSTONE",0,0,0,10
4.99,4.99,39848,"13827","7192100337","TOMBSTONE",0,0,0,18
6.59,6.59,40401,"13827","7192100337","TOMBSTONE",0,0,0,10
5.49,5.49,40793,"13827","7192100337","TOMBSTONE",0,0,0,9
5.49,5.49,40800,"13827","7192100337","TOMBSTONE",0,0,0,14
6.59,6.59,40198,"13827","7192100337","TOMBSTONE",0,0,0,13
6.59,6.59,39981,"13827","7192100337","TOMBSTONE",0,0,0,13
6.59,6.59,40037,"13827","7192100337","TOMBSTONE",0,0,0,15
6.59,4.99,39960,"23345","7192100337","TOMBSTONE",1,1,0,21
6.79,5.27,40709,"23345","7192100337","TOMBSTONE",1,1,0,12
6.59,4.99,40415,"23345","7192100337","TOMBSTONE",1,1,0,18
6.59,6.59,39925,"23345","7192100337","TOMBSTONE",0,0,0,8
6.29,6.29,39841,"23345","7192100337","TOMBSTONE",0,0,0,4
5.64,5.64,40793,"23345","7192100337","TOMBSTONE",0,0,0,11
6.59,5.08,40345,"23345","7192100337","TOMBSTONE",1,1,0,16
6.59,6.59,40310,"23345","7192100337","TOMBSTONE",0,0,0,3
7.49,7.49,40016,"21227","7192100337","TOMBSTONE",0,0,0,10
6.29,6.29,39946,"21227","7192100337","TOMBSTONE",0,0,0,5
6.99,6.99,40198,"21227","7192100337","TOMBSTONE",0,0,0,12
6.59,6.59,40716,"21227","7192100337","TOMBSTONE",1,0,0,13
5.99,5.99,39890,"21227","7192100337","TOMBSTONE",0,0,0,11
6.99,6.99,40317,"21227","7192100337","TOMBSTONE",0,0,0,8
7.19,7.19,40646,"21227","7192100337","TOMBSTONE",0,0,0,2
6.99,4.47,40100,"21227","7192100337","TOMBSTONE",1,0,0,35
6.99,4.77,40443,"21227","7192100337","TOMBSTONE",1,1,0,34
6.99,6.99,40485,"21227","7192100337","TOMBSTONE",0,0,0,8
6.99,6.99,40177,"21227","7192100337","TOMBSTONE",0,0,0,12
6.89,6.89,40674,"21227","7192100337","TOMBSTONE",0,0,0,11
7.49,7.49,40051,"9825","7192100339","TOMBSTONE",0,0,0,14
6.99,6.99,40534,"9825","7192100339","TOMBSTONE",0,0,0,24
6.99,4.72,40149,"9825","7192100339","TOMBSTONE",0,0,1,58
7.19,4.77,40611,"9825","7192100339","TOMBSTONE",1,1,0,136
6.99,6.99,40296,"9825","7192100339","TOMBSTONE",0,0,0,5
6.99,6.99,40499,"9825","7192100339","TOMBSTONE",0,0,0,22
6.99,6.99,40387,"9825","7192100339","TOMBSTONE",0,0,0,20
6.99,6.99,40317,"9825","7192100339","TOMBSTONE",0,0,0,21
5.76,5.76,40842,"9825","7192100339","TOMBSTONE",0,0,0,31
6.99,4.47,40268,"9825","7192100339","TOMBSTONE",1,1,0,85
6.29,6.29,39939,"9825","7192100339","TOMBSTONE",0,0,0,16
6.49,6.49,40254,"13859","2066200531","KING",0,0,0,1
6.49,6.49,40345,"13859","2066200531","KING",0,0,0,2
6.19,6.19,40758,"13859","2066200531","KING",0,0,0,4
5.99,5.99,40639,"13859","2066200531","KING",0,0,0,4
5.99,5.99,40695,"13859","2066200531","KING",0,0,0,1
5.99,5.99,40681,"13859","2066200531","KING",0,0,0,1
6.49,6.49,40870,"13859","2066200531","KING",0,0,0,3
6.49,6.49,40324,"13859","2066200531","KING",0,0,0,4
3.79,3.36,40744,"4489","1111087396","PRIVATE LABEL",1,1,0,5
3.79,3.79,40835,"4489","1111087396","PRIVATE LABEL",0,0,0,2
3.34,3.34,40114,"4489","1111087396","PRIVATE LABEL",0,0,0,2
3.34,3.34,40359,"4489","1111087396","PRIVATE LABEL",0,0,0,3
3.33,2.87,40534,"4489","1111087396","PRIVATE LABEL",0,0,1,5
3.34,3.34,40100,"4489","1111087396","PRIVATE LABEL",0,0,0,1
3.19,3.19,40128,"4489","1111087396","PRIVATE LABEL",0,0,0,5
3.3,3.3,40121,"4489","1111087396","PRIVATE LABEL",0,0,0,9
3.63,3.63,40849,"4489","1111087396","PRIVATE LABEL",0,0,0,6
4.07,4.07,39869,"26981","1111087395","PRIVATE LABEL",0,0,0,12
3.97,3.71,40667,"26981","1111087395","PRIVATE LABEL",1,1,0,26
4,3.6,40450,"26981","1111087395","PRIVATE LABEL",0,0,1,1
4.89,4.39,40149,"26981","1111087395","PRIVATE LABEL",0,0,1,6
4.89,2.98,40191,"26981","1111087395","PRIVATE LABEL",0,0,1,84
4,3.16,40471,"26981","1111087395","PRIVATE LABEL",0,0,1,11
3.93,3.93,40436,"26981","1111087395","PRIVATE LABEL",0,0,0,9
4,4,40898,"26981","1111087395","PRIVATE LABEL",0,0,0,5
3.22,3.22,40513,"26981","1111087395","PRIVATE LABEL",0,0,0,8
4.36,3.76,40282,"26981","1111087395","PRIVATE LABEL",1,0,0,13
6.29,6.29,39953,"23067","7192100339","TOMBSTONE",0,0,0,11
6.59,4.99,40730,"23067","7192100339","TOMBSTONE",0,1,0,27
6.99,6.99,40177,"23067","7192100339","TOMBSTONE",0,0,0,9
6.99,5.06,40422,"23067","7192100339","TOMBSTONE",0,0,1,27
6.99,6.99,40338,"23067","7192100339","TOMBSTONE",0,0,0,13
6.05,5.49,39911,"23067","7192100339","TOMBSTONE",1,1,0,24
6.99,4.99,40429,"23067","7192100339","TOMBSTONE",0,0,1,20
6.99,6.99,40380,"23067","7192100339","TOMBSTONE",0,0,0,7
5.8,5,40912,"23067","7192100339","TOMBSTONE",1,1,0,18
6.69,6.69,40254,"15765","7218063052","TONYS",0,0,0,4
7.29,7.29,40597,"15765","7218063052","TONYS",0,0,0,4
6.49,6.49,40352,"15765","7218063052","TONYS",0,0,0,2
6.79,6.79,40023,"15765","7218063052","TONYS",0,0,0,2
6.79,6.79,39869,"15765","7218063052","TONYS",0,0,0,2
6.79,6.79,39967,"15765","7218063052","TONYS",0,0,0,4
7.89,7.89,40730,"15765","7218063052","TONYS",0,0,0,3
7.49,7.49,40639,"15765","7218063052","TONYS",0,0,0,2
7.29,3.99,40590,"15765","7218063052","TONYS",0,1,0,3
6.79,6.79,39939,"15765","7218063052","TONYS",0,0,0,5
7.49,7.49,40653,"15765","7218063052","TONYS",0,0,0,3
6.79,4.49,39883,"15765","7218063052","TONYS",1,1,0,24
5.8,5,40912,"17599","7192100336","TOMBSTONE",1,1,0,21
6.59,6.59,40275,"17599","7192100336","TOMBSTONE",0,0,0,7
6.59,4.47,40247,"17599","7192100336","TOMBSTONE",0,1,0,13
6.59,6.59,40394,"17599","7192100336","TOMBSTONE",0,0,0,5
6.59,5.2,40429,"17599","7192100336","TOMBSTONE",0,0,1,15
6.59,4.47,40079,"17599","7192100336","TOMBSTONE",0,1,0,19
6.59,6.59,40548,"17599","7192100336","TOMBSTONE",0,0,0,2
6.59,4.99,39967,"17599","7192100336","TOMBSTONE",0,1,0,10
7.29,7.29,40212,"13827","7218063979","TONYS",0,0,0,5
6.49,5.29,40373,"13827","7218063979","TONYS",0,0,1,1
7.49,7.49,40891,"13827","7218063979","TONYS",0,0,0,1
7.04,7.04,39974,"13827","7218063979","TONYS",0,0,0,4
6.79,4.99,39855,"13827","7218063979","TONYS",1,1,0,23
6.79,5.85,40002,"13827","7218063979","TONYS",0,0,1,4
7.29,7.29,40534,"13827","7218063979","TONYS",0,0,0,1
6.79,6.79,40030,"13827","7218063979","TONYS",0,0,0,4
6.49,5.29,40352,"13827","7218063979","TONYS",0,0,1,2
6.79,6.79,40037,"13827","7218063979","TONYS",0,0,0,4
6.49,6.49,40135,"13827","7218063979","TONYS",0,0,0,6
7.49,4.64,40674,"13827","7218063979","TONYS",1,1,0,15
6.27,4.99,40275,"387","7218063979","TONYS",1,1,0,11
6.89,6.89,40548,"387","7218063979","TONYS",0,0,0,4
7.09,7.09,40667,"387","7218063979","TONYS",0,0,0,6
6.38,6.38,40093,"387","7218063979","TONYS",0,0,0,1
7.49,4.99,40751,"387","7218063979","TONYS",1,1,0,27
6.38,4.99,40107,"387","7218063979","TONYS",1,1,0,37
6.38,6.38,40149,"387","7218063979","TONYS",0,0,0,3
7.49,4.99,40821,"387","7218063979","TONYS",1,0,0,29
7.49,4.99,40828,"387","7218063979","TONYS",1,1,0,24
7.49,7.49,40807,"387","7218063979","TONYS",0,0,0,4
6.59,6.59,40177,"13837","7192100337","TOMBSTONE",0,0,0,10
6.59,6.59,40310,"13837","7192100337","TOMBSTONE",0,0,0,12
6.59,6.59,40044,"13837","7192100337","TOMBSTONE",0,0,0,14
6.59,6.59,40163,"13837","7192100337","TOMBSTONE",0,0,0,14
5.49,5.49,40779,"13837","7192100337","TOMBSTONE",0,0,0,11
6.59,4.87,40625,"13837","7192100337","TOMBSTONE",1,1,0,19
5.99,5.56,39904,"13837","7192100337","TOMBSTONE",1,1,0,24
5.27,5.27,40863,"13837","7192100337","TOMBSTONE",0,0,0,9
6.59,6.59,40555,"13837","7192100337","TOMBSTONE",0,0,0,2
6.59,4.77,40618,"13837","7192100337","TOMBSTONE",0,1,0,25
6.59,4.99,39967,"13837","7192100337","TOMBSTONE",1,1,0,18
6.59,5.08,39960,"13837","7192100337","TOMBSTONE",1,1,0,18
6.29,6.29,40338,"2279","7218063052","TONYS",0,0,0,8
6.38,6.38,40177,"2279","7218063052","TONYS",0,0,0,11
6.27,4.99,40310,"2279","7218063052","TONYS",1,0,0,28
6.89,4.49,40520,"2279","7218063052","TONYS",0,0,1,52
6.38,6.38,39918,"2279","7218063052","TONYS",0,0,0,3
6.89,6.89,40548,"2279","7218063052","TONYS",0,0,0,4
6.38,5.49,40009,"2279","7218063052","TONYS",0,0,1,6
6.27,5.04,40303,"2279","7218063052","TONYS",1,1,0,38
6.27,4.99,40240,"2279","7218063052","TONYS",0,1,0,20
6.89,4.46,40450,"2279","7218063052","TONYS",1,1,0,29
3.92,3.92,40009,"15547","1111087398","PRIVATE LABEL",0,0,0,10
5.12,3.69,40632,"15547","1111087398","PRIVATE LABEL",0,0,1,1
3.8,3.8,40786,"15547","1111087398","PRIVATE LABEL",0,0,0,3
4.79,4.79,40576,"15547","1111087398","PRIVATE LABEL",0,0,0,1
4.79,4,40401,"15547","1111087398","PRIVATE LABEL",0,0,1,8
4.79,4.04,40310,"15547","1111087398","PRIVATE LABEL",0,0,1,4
3.8,3.34,40478,"15547","1111087398","PRIVATE LABEL",0,0,1,6
3.7,3.7,40443,"15547","1111087398","PRIVATE LABEL",0,0,0,4
6.59,4.77,40373,"13853","7192100336","TOMBSTONE",1,1,0,5
6.59,6.59,40023,"13853","7192100336","TOMBSTONE",0,0,0,3
6.79,5.64,40744,"13853","7192100336","TOMBSTONE",0,0,1,6
6.79,5.27,40695,"13853","7192100336","TOMBSTONE",0,0,1,3
6.79,5.27,40702,"13853","7192100336","TOMBSTONE",1,1,0,10
6.59,5.65,40142,"13853","7192100336","TOMBSTONE",1,1,0,6
6.59,6.59,40653,"13853","7192100336","TOMBSTONE",0,0,0,4
5.8,5.8,40863,"13853","7192100336","TOMBSTONE",1,0,0,17
6.59,6.59,40569,"13853","7192100336","TOMBSTONE",0,0,0,1
6.99,4.47,40268,"25027","7192100339","TOMBSTONE",1,1,0,99
6.99,6.99,40492,"25027","7192100339","TOMBSTONE",0,0,0,28
6.99,6.99,40331,"25027","7192100339","TOMBSTONE",0,0,0,19
6.59,4.72,40807,"25027","7192100339","TOMBSTONE",1,1,0,153
7.49,7.49,40037,"25027","7192100339","TOMBSTONE",0,0,0,25
6.59,5.64,40786,"25027","7192100339","TOMBSTONE",0,0,1,24
6.99,5.01,40205,"25027","7192100339","TOMBSTONE",1,1,0,115
6.99,6.99,40387,"25027","7192100339","TOMBSTONE",0,0,0,23
6.99,4.49,40079,"25027","7192100339","TOMBSTONE",1,1,0,130
7.19,4.77,40625,"25027","7192100339","TOMBSTONE",1,1,0,101
6.29,5.04,40009,"25027","7192100339","TOMBSTONE",1,1,0,109
6.59,6.59,40744,"11761","7192100336","TOMBSTONE",0,0,0,6
6.99,6.99,40548,"11761","7192100336","TOMBSTONE",0,0,0,3
6.99,4.47,40261,"11761","7192100336","TOMBSTONE",0,1,0,22
7.19,5,40667,"11761","7192100336","TOMBSTONE",0,1,0,15
6.59,6.59,40751,"11761","7192100336","TOMBSTONE",0,0,0,4
7.19,7.19,40604,"11761","7192100336","TOMBSTONE",1,0,0,10
6.99,4.99,40450,"11761","7192100336","TOMBSTONE",0,0,1,16
7.49,7.49,40023,"11761","7192100336","TOMBSTONE",0,0,0,1
6.99,4.99,40142,"11761","7192100336","TOMBSTONE",0,0,1,17
7.29,7.29,40471,"10019","7218063979","TONYS",0,0,0,1
6.79,6.79,39869,"10019","7218063979","TONYS",0,0,0,1
7.49,5.99,40821,"10019","7218063979","TONYS",0,0,1,1
6.76,6.76,40072,"10019","7218063979","TONYS",0,0,0,3
7.29,4.49,40527,"10019","7218063979","TONYS",0,0,1,5
6.79,6.79,39841,"10019","7218063979","TONYS",0,0,0,3
6.49,6.49,40261,"10019","7218063979","TONYS",0,0,0,2
6.49,6.49,40268,"10019","7218063979","TONYS",0,0,0,1
6.29,6.29,40324,"9825","7218063983","TONYS",0,0,0,5
7.49,4.99,40751,"9825","7218063983","TONYS",0,1,0,12
6.89,6.89,40065,"9825","7218063983","TONYS",0,0,0,3
6.38,6.38,40142,"9825","7218063983","TONYS",0,0,0,4
6.89,6.89,40072,"9825","7218063983","TONYS",0,0,0,3
5.79,5.79,40359,"9825","7218063983","TONYS",0,0,0,6
6.38,6.38,39967,"9825","7218063983","TONYS",0,0,0,3
6.89,6.89,40471,"9825","7218063983","TONYS",0,0,0,7
7.09,7.09,40632,"9825","7218063983","TONYS",0,0,0,8
7.09,7.09,40618,"9825","7218063983","TONYS",0,0,0,5
6.89,4.49,40457,"9825","7218063983","TONYS",1,1,0,28
6.38,6.38,40121,"9825","7218063983","TONYS",0,0,0,4
7.49,7.49,40807,"9825","7218063983","TONYS",0,0,0,3
6.89,4.56,39883,"9825","7218063983","TONYS",1,1,0,43
5.04,3.96,40639,"367","1111087395","PRIVATE LABEL",0,0,1,16
3.31,3.31,40520,"367","1111087395","PRIVATE LABEL",0,0,0,17
3.93,3.49,40058,"367","1111087395","PRIVATE LABEL",0,0,1,10
4.89,4.89,40065,"367","1111087395","PRIVATE LABEL",0,0,0,7
4.88,4.88,40156,"367","1111087395","PRIVATE LABEL",0,0,0,13
3.9,3.9,40849,"367","1111087395","PRIVATE LABEL",0,0,0,6
4.79,4.79,40345,"367","1111087395","PRIVATE LABEL",0,0,0,4
4.64,4.64,40226,"367","1111087395","PRIVATE LABEL",0,0,0,10
4.79,3.75,40275,"367","1111087395","PRIVATE LABEL",0,0,1,18
4,4,39995,"367","1111087395","PRIVATE LABEL",0,0,0,3
