grocery-store-data.csv
"BASE_PRICE","PRICE","WEEK_END_DATE","STORE_NUM","UPC","MANUFACTURER","DISPLAY","FEATURE","TPR_ONLY","UNITS"
6.36,5.49,39995,"23345","7218063983","TONYS",0,0,1,8
7.29,7.29,40492,"23345","7218063983","TONYS",0,0,0,1
6.15,5.29,40359,"23345","7218063983","TONYS",0,0,1,7
6.79,5.15,39855,"23345","7218063983","TONYS",0,1,0,14
6.69,6.69,40282,"23345","7218063983","TONYS",0,0,0,4
6.79,6.79,40044,"23345","7218063983","TONYS",0,0,0,2
6.36,6.36,39988,"23345","7218063983","TONYS",0,0,0,3
7.89,4.99,40751,"23345","7218063983","TONYS",0,1,0,4
6.89,6.89,40212,"23345","7218063983","TONYS",0,0,0,4
6.49,6.49,40296,"23345","7218063983","TONYS",0,0,0,3
7.29,5.29,40359,"29159","7218063979","TONYS",0,0,1,5
6.49,6.49,40163,"29159","7218063979","TONYS",0,0,0,1
7.29,3.99,40184,"29159","7218063979","TONYS",0,1,0,15
6.79,6.79,39904,"29159","7218063979","TONYS",1,0,0,2
7.29,4.49,40457,"29159","7218063979","TONYS",0,1,0,8
6.79,6.79,39939,"29159","7218063979","TONYS",0,0,0,3
7.49,7.49,40653,"29159","7218063979","TONYS",0,0,0,1
7.29,7.29,40212,"29159","7218063979","TONYS",0,0,0,2
3.96,3.96,40646,"6187","1111087395","PRIVATE LABEL",0,0,0,22
5.09,5.09,40583,"6187","1111087395","PRIVATE LABEL",0,0,0,3
5.29,4,40695,"6187","1111087395","PRIVATE LABEL",0,0,1,12
3.25,3.25,40499,"6187","1111087395","PRIVATE LABEL",0,0,0,14
3.95,3.95,40856,"6187","1111087395","PRIVATE LABEL",0,0,0,18
3.89,3.89,40807,"6187","1111087395","PRIVATE LABEL",0,0,0,11
3.97,3.31,39834,"6187","1111087395","PRIVATE LABEL",1,0,0,53
4.79,4,40401,"6187","1111087395","PRIVATE LABEL",0,0,1,15
4,3.32,39932,"6187","1111087395","PRIVATE LABEL",1,0,0,46
5.29,3.51,40737,"6187","1111087395","PRIVATE LABEL",1,0,0,48
4.77,4.77,40079,"6187","1111087395","PRIVATE LABEL",0,0,0,8
5.29,3.49,40723,"6187","1111087395","PRIVATE LABEL",1,1,0,44
4.79,3.87,40408,"6187","1111087395","PRIVATE LABEL",0,0,1,14
4.57,4.57,40324,"6187","1111087395","PRIVATE LABEL",0,0,0,9
5.09,3.62,40618,"6187","1111087395","PRIVATE LABEL",0,0,1,20
4.81,2.96,40198,"6187","1111087395","PRIVATE LABEL",1,0,0,83
2.9,2.9,40576,"623","1111087398","PRIVATE LABEL",0,0,0,7
3.32,3.32,40198,"623","1111087398","PRIVATE LABEL",0,0,0,17
3.29,3.29,39862,"623","1111087398","PRIVATE LABEL",0,0,0,14
3.3,2.97,40177,"623","1111087398","PRIVATE LABEL",0,1,0,13
3.34,3.34,39834,"623","1111087398","PRIVATE LABEL",0,0,0,6
3.3,2.94,40170,"623","1111087398","PRIVATE LABEL",0,0,1,24
3.26,3.26,40338,"623","1111087398","PRIVATE LABEL",0,0,0,21
3.34,3.34,39890,"623","1111087398","PRIVATE LABEL",0,0,0,4
3.34,3.34,39918,"623","1111087398","PRIVATE LABEL",0,0,0,10
3.31,3.31,40268,"623","1111087398","PRIVATE LABEL",0,0,0,12
3.63,3.63,40856,"623","1111087398","PRIVATE LABEL",0,0,0,13
3.52,3.52,40905,"623","1111087398","PRIVATE LABEL",0,0,0,10
5.99,5.99,40401,"21237","2066200530","KING",0,0,0,13
6.49,4.99,40800,"21237","2066200530","KING",0,0,1,30
5.99,5.99,40380,"21237","2066200530","KING",0,0,0,13
5.99,5.99,40583,"21237","2066200530","KING",0,0,0,13
5.99,5.99,40877,"21237","2066200530","KING",0,0,0,3
6.09,6.09,40814,"21237","2066200530","KING",0,0,0,13
5.99,5.99,40331,"21237","2066200530","KING",0,0,0,10
6.06,6.06,40681,"21237","2066200530","KING",0,0,0,7
3.06,3.06,40471,"2513","1111087395","PRIVATE LABEL",0,0,0,7
3.09,3.09,40331,"2513","1111087395","PRIVATE LABEL",0,0,0,12
3.19,3.19,40401,"2513","1111087395","PRIVATE LABEL",0,0,0,4
3.08,3.08,40646,"2513","1111087395","PRIVATE LABEL",0,0,0,6
3.23,3.23,39918,"2513","1111087395","PRIVATE LABEL",0,0,0,6
3.34,3.34,40443,"2513","1111087395","PRIVATE LABEL",0,0,0,7
3.71,3.71,40842,"2513","1111087395","PRIVATE LABEL",0,0,0,5
3.68,3.29,40723,"2513","1111087395","PRIVATE LABEL",1,1,0,16
3.18,3.18,39876,"2513","1111087395","PRIVATE LABEL",0,0,0,17
3.34,3.34,40625,"2513","1111087395","PRIVATE LABEL",0,0,0,4
3.15,3.15,40065,"2513","1111087395","PRIVATE LABEL",0,0,0,9
5.99,5.49,39911,"13837","7192100336","TOMBSTONE",1,1,0,10
6.79,5.27,40695,"13837","7192100336","TOMBSTONE",0,0,1,12
6.59,6.59,40072,"13837","7192100336","TOMBSTONE",0,0,0,8
5.99,5.99,39883,"13837","7192100336","TOMBSTONE",0,0,0,3
6.59,4.77,40373,"13837","7192100336","TOMBSTONE",0,1,0,31
6.59,4.99,40436,"13837","7192100336","TOMBSTONE",1,0,0,23
6.59,6.59,40527,"13837","7192100336","TOMBSTONE",0,0,0,7
5.49,4.3,40814,"13837","7192100336","TOMBSTONE",0,1,0,29
5.99,6.59,39918,"13837","7192100336","TOMBSTONE",1,0,0,10
5.27,5.27,40856,"13837","7192100336","TOMBSTONE",0,0,0,13
5.99,5.52,39904,"13837","7192100336","TOMBSTONE",1,1,0,20
6.59,6.59,40198,"13837","7192100336","TOMBSTONE",0,0,0,11
6.59,6.59,40163,"13837","7192100336","TOMBSTONE",0,0,0,9
6.59,6.59,40646,"13837","7192100336","TOMBSTONE",0,0,0,15
5.8,5.8,40905,"13859","7192100339","TOMBSTONE",0,0,0,4
5.64,5.64,40786,"13859","7192100339","TOMBSTONE",0,0,0,12
6.59,6.59,39925,"13859","7192100339","TOMBSTONE",0,0,0,9
6.59,4.47,40100,"13859","7192100339","TOMBSTONE",0,0,1,9
6.59,5.49,40142,"13859","7192100339","TOMBSTONE",1,1,0,25
5.8,5.8,40849,"13859","7192100339","TOMBSTONE",0,0,0,5
5.64,5.64,40828,"13859","7192100339","TOMBSTONE",0,0,0,10
6.59,6.59,39939,"13859","7192100339","TOMBSTONE",0,0,0,7
6.59,6.59,40163,"13859","7192100339","TOMBSTONE",0,0,0,11
5.8,5.8,40856,"13859","7192100339","TOMBSTONE",0,0,0,3
6.59,4.58,40639,"13859","7192100339","TOMBSTONE",1,1,0,30
6.59,4.99,40450,"13859","7192100339","TOMBSTONE",0,0,1,13
6.79,5.64,40744,"13859","7192100339","TOMBSTONE",0,0,1,10
6.59,4.47,40247,"13859","7192100339","TOMBSTONE",1,1,0,21
6.59,5.68,40506,"13859","7192100339","TOMBSTONE",0,1,0,12
6.59,5.49,40135,"2513","7192100337","TOMBSTONE",0,1,0,11
6.59,6.59,39981,"2513","7192100337","TOMBSTONE",0,0,0,10
6.59,6.59,40485,"2513","7192100337","TOMBSTONE",0,0,0,14
6.3,5.99,39827,"2513","7192100337","TOMBSTONE",0,1,0,15
6.06,5.54,39911,"2513","7192100337","TOMBSTONE",0,1,0,22
6.59,6.59,40387,"2513","7192100337","TOMBSTONE",0,0,0,12
6.59,6.59,40401,"2513","7192100337","TOMBSTONE",0,0,0,14
6.59,6.59,40051,"2513","7192100337","TOMBSTONE",0,0,0,9
5.27,5.27,40856,"2513","7192100337","TOMBSTONE",0,0,0,12
6.59,4.56,40471,"2513","7192100337","TOMBSTONE",1,1,0,30
4,4,39890,"15531","1111087395","PRIVATE LABEL",0,0,0,16
4,4,39883,"15531","1111087395","PRIVATE LABEL",0,0,0,12
3.97,3.97,39974,"15531","1111087395","PRIVATE LABEL",0,0,0,13
3.97,3.97,40863,"15531","1111087395","PRIVATE LABEL",0,0,0,14
3.31,3.31,40520,"15531","1111087395","PRIVATE LABEL",0,0,0,14
4,4,40772,"15531","1111087395","PRIVATE LABEL",0,0,0,10
4.53,4.53,40310,"15531","1111087395","PRIVATE LABEL",0,0,0,17
3.9,3.9,40765,"15531","1111087395","PRIVATE LABEL",0,0,0,20
4,3.22,40478,"15531","1111087395","PRIVATE LABEL",0,0,1,5
3.29,3.29,39876,"4489","1111087395","PRIVATE LABEL",0,0,0,8
3.7,3.7,40814,"4489","1111087395","PRIVATE LABEL",0,0,0,4
3.34,3.34,40387,"4489","1111087395","PRIVATE LABEL",0,0,0,6
3.29,3.29,39953,"4489","1111087395","PRIVATE LABEL",0,0,0,14
2.93,2.93,40576,"4489","1111087395","PRIVATE LABEL",0,0,0,14
3.33,3.33,40331,"4489","1111087395","PRIVATE LABEL",0,0,0,5
3.25,3.25,40303,"4489","1111087395","PRIVATE LABEL",0,0,0,4
3.29,3.29,40205,"4489","1111087395","PRIVATE LABEL",0,0,0,8
3.3,3.3,40009,"4489","1111087395","PRIVATE LABEL",0,0,0,9
6.38,6.38,40093,"24991","7218063983","TONYS",0,0,0,11
6.38,6.38,39932,"24991","7218063983","TONYS",0,0,0,12
7.06,7.06,40618,"24991","7218063983","TONYS",0,0,0,6
6.89,6.89,40506,"24991","7218063983","TONYS",0,0,0,8
6.38,6.38,40023,"24991","7218063983","TONYS",0,0,0,8
7.09,7.09,40625,"24991","7218063983","TONYS",0,0,0,12
7.09,7.09,40716,"24991","7218063983","TONYS",0,0,0,5
7.09,4.68,40674,"24991","7218063983","TONYS",0,1,0,14
6.27,6.27,40289,"24991","7218063983","TONYS",0,0,0,17
6.89,6.89,40065,"24991","7218063983","TONYS",0,0,0,9
7.29,4.49,40485,"4489","7218063983","TONYS",0,1,0,7
7.29,7.29,40506,"4489","7218063983","TONYS",0,0,0,2
7.49,7.49,40877,"4489","7218063983","TONYS",0,0,0,4
6.49,5.07,40303,"4489","7218063983","TONYS",0,1,0,18
6.79,6.79,39960,"4489","7218063983","TONYS",0,0,0,3
7.29,6.49,40114,"4489","7218063983","TONYS",0,0,1,2
7.49,7.49,40793,"4489","7218063983","TONYS",0,0,0,6
7.49,7.49,40667,"4489","7218063983","TONYS",0,0,0,4
6.49,6.49,40128,"4489","7218063983","TONYS",0,0,0,7
7.49,7.49,40807,"4489","7218063983","TONYS",0,0,0,2
3.94,3.28,39932,"389","1111087398","PRIVATE LABEL",0,0,1,19
4,4,40016,"389","1111087398","PRIVATE LABEL",0,0,0,14
4.6,4.6,40373,"389","1111087398","PRIVATE LABEL",0,0,0,13
3.87,3.87,39967,"389","1111087398","PRIVATE LABEL",0,0,0,9
4.73,4.73,40345,"389","1111087398","PRIVATE LABEL",0,0,0,17
3.66,3.26,40492,"389","1111087398","PRIVATE LABEL",0,0,1,28
3.72,3.72,39897,"389","1111087398","PRIVATE LABEL",0,0,0,15
4.85,4.85,40072,"389","1111087398","PRIVATE LABEL",0,0,0,11
3.8,3.8,40835,"389","1111087398","PRIVATE LABEL",0,0,0,17
5.27,5.27,40891,"2505","7192100337","TOMBSTONE",0,0,0,9
6.79,4.79,40667,"2505","7192100337","TOMBSTONE",1,1,0,15
6.59,4.99,39967,"2505","7192100337","TOMBSTONE",0,1,0,20
6.59,6.59,40541,"2505","7192100337","TOMBSTONE",0,0,0,4
6.59,6.59,40534,"2505","7192100337","TOMBSTONE",0,0,0,1
6.59,4.59,40254,"2505","7192100337","TOMBSTONE",1,0,0,12
6.5,6.5,40219,"2505","7192100337","TOMBSTONE",0,0,0,12
6.59,5.12,40429,"2505","7192100337","TOMBSTONE",0,0,1,12
6.59,6.59,40359,"2505","7192100337","TOMBSTONE",0,0,0,6
6.59,6.59,40128,"2505","7192100337","TOMBSTONE",0,0,0,5
7.29,7.29,40632,"27175","7218063979","TONYS",0,0,0,4
7.49,7.49,40793,"27175","7218063979","TONYS",0,0,0,1
7.49,7.49,40835,"27175","7218063979","TONYS",0,0,0,3
6.49,6.49,40317,"27175","7218063979","TONYS",0,0,0,4
6.79,6.79,39939,"27175","7218063979","TONYS",0,0,0,7
7.49,7.49,40716,"27175","7218063979","TONYS",0,0,0,1
7.49,7.49,40653,"27175","7218063979","TONYS",0,0,0,3
6.79,6.79,39841,"27175","7218063979","TONYS",0,0,0,2
7.49,5.62,40870,"27175","7218063979","TONYS",0,0,1,4
6.79,6.79,39932,"27175","7218063979","TONYS",0,0,0,2
6.59,5.12,40576,"13853","7192100337","TOMBSTONE",1,0,0,24
6.59,6.59,40275,"13853","7192100337","TOMBSTONE",0,0,0,7
6.39,6.39,39876,"13853","7192100337","TOMBSTONE",0,0,0,4
6.29,6.29,39848,"13853","7192100337","TOMBSTONE",1,0,0,10
6.59,6.59,40359,"13853","7192100337","TOMBSTONE",1,0,0,1
6.59,6.59,40401,"13853","7192100337","TOMBSTONE",0,0,0,5
5.71,5.71,40842,"13853","7192100337","TOMBSTONE",0,0,0,6
6.29,6.39,39869,"13853","7192100337","TOMBSTONE",1,0,0,14
6.59,6.59,40023,"13853","7192100337","TOMBSTONE",0,0,0,4
6.59,6.59,39988,"13853","7192100337","TOMBSTONE",0,0,0,4
6.59,6.59,40121,"13853","7192100337","TOMBSTONE",0,0,0,8
6.59,4.49,40464,"13853","7192100337","TOMBSTONE",1,1,0,27
6.59,6.59,40485,"2541","7192100337","TOMBSTONE",0,0,0,2
6.59,4.77,40611,"2541","7192100337","TOMBSTONE",1,1,0,16
6.59,4.51,40079,"2541","7192100337","TOMBSTONE",1,1,0,25
6.79,5.27,40723,"2541","7192100337","TOMBSTONE",0,0,1,4
6.59,4.49,40464,"2541","7192100337","TOMBSTONE",1,1,0,14
6.59,4.99,40352,"2541","7192100337","TOMBSTONE",1,1,0,18
6.59,4.99,40205,"2541","7192100337","TOMBSTONE",0,1,0,13
6.59,6.59,40030,"2541","7192100337","TOMBSTONE",0,0,0,3
6.59,6.59,39974,"2541","7192100337","TOMBSTONE",0,0,0,5
5.64,5.64,40800,"2541","7192100337","TOMBSTONE",0,0,0,5
6.59,6.59,40303,"2541","7192100337","TOMBSTONE",0,0,0,2
6.32,6.32,40212,"29159","7192100337","TOMBSTONE",0,0,0,6
6.59,6.59,40233,"29159","7192100337","TOMBSTONE",0,0,0,6
5.64,5.49,40765,"29159","7192100337","TOMBSTONE",1,1,0,14
6.59,6.59,40324,"29159","7192100337","TOMBSTONE",0,0,0,7
6.59,4.99,40352,"29159","7192100337","TOMBSTONE",1,1,0,19
6.59,4.47,40254,"29159","7192100337","TOMBSTONE",1,0,0,21
6.79,5.39,40681,"29159","7192100337","TOMBSTONE",0,0,1,13
6.29,5.99,39834,"29159","7192100337","TOMBSTONE",1,1,0,18
6.79,5.02,40730,"29159","7192100337","TOMBSTONE",1,1,0,22
6.59,4.99,40576,"29159","7192100337","TOMBSTONE",1,0,0,32
3.34,3.34,40128,"27175","1111087398","PRIVATE LABEL",0,0,0,7
3.79,3.31,40737,"27175","1111087398","PRIVATE LABEL",0,0,1,12
3.79,3.79,40772,"27175","1111087398","PRIVATE LABEL",0,0,0,8
3.34,2.99,40177,"27175","1111087398","PRIVATE LABEL",0,1,0,13
3.03,3.03,40226,"27175","1111087398","PRIVATE LABEL",0,0,0,15
3.19,3.19,40317,"27175","1111087398","PRIVATE LABEL",0,0,0,11
3.3,3.3,40135,"27175","1111087398","PRIVATE LABEL",0,0,0,9
3.23,3.23,40464,"27175","1111087398","PRIVATE LABEL",0,0,0,3
3.34,3.34,39904,"27175","1111087398","PRIVATE LABEL",0,0,0,1
3.33,3.33,40639,"27175","1111087398","PRIVATE LABEL",0,0,0,10
3.33,3.33,39967,"27175","1111087398","PRIVATE LABEL",0,0,0,9
3.26,3.26,39911,"6431","1111087395","PRIVATE LABEL",0,0,0,9
3.18,3.18,40247,"6431","1111087395","PRIVATE LABEL",0,0,0,26
2.92,2.88,40541,"6431","1111087395","PRIVATE LABEL",1,0,0,17
3.15,3.15,40443,"6431","1111087395","PRIVATE LABEL",0,0,0,19
3.57,3.57,40807,"6431","1111087395","PRIVATE LABEL",0,0,0,12
3.15,2.95,40527,"6431","1111087395","PRIVATE LABEL",0,1,0,16
3.26,3.28,39967,"6431","1111087395","PRIVATE LABEL",1,0,0,48
3.24,3.24,40331,"6431","1111087395","PRIVATE LABEL",0,0,0,11
3.22,3.22,40422,"6431","1111087395","PRIVATE LABEL",0,0,0,23
3.27,3.27,39925,"6431","1111087395","PRIVATE LABEL",0,0,0,10
3.25,3.25,40681,"6431","1111087395","PRIVATE LABEL",0,0,0,12
3.28,3.28,40387,"6431","1111087395","PRIVATE LABEL",0,0,0,22
4.85,2.96,40184,"21237","1111087398","PRIVATE LABEL",1,1,0,106
4.72,4.72,40226,"21237","1111087398","PRIVATE LABEL",0,0,0,21
4.79,3.89,40387,"21237","1111087398","PRIVATE LABEL",0,0,1,14
3.99,3.29,39925,"21237","1111087398","PRIVATE LABEL",1,0,0,60
4.89,4.89,40142,"21237","1111087398","PRIVATE LABEL",0,0,0,4
4.64,4.64,40331,"21237","1111087398","PRIVATE LABEL",0,0,0,10
3.93,3.93,40793,"21237","1111087398","PRIVATE LABEL",0,0,0,7
3.94,3.94,39988,"21237","1111087398","PRIVATE LABEL",0,0,0,19
6.39,6.39,39862,"11993","7192100339","TOMBSTONE",0,0,0,16
6.59,6.59,40065,"11993","7192100339","TOMBSTONE",0,0,0,8
6.59,6.59,40184,"11993","7192100339","TOMBSTONE",0,0,0,9
6.59,6.59,40072,"11993","7192100339","TOMBSTONE",0,0,0,10
6.59,6.59,40303,"11993","7192100339","TOMBSTONE",0,0,0,14
6.59,5.6,40513,"11993","7192100339","TOMBSTONE",1,1,0,22
6.59,6.59,40590,"11993","7192100339","TOMBSTONE",0,0,0,11
6.59,4.52,40093,"11993","7192100339","TOMBSTONE",1,0,0,42
6.02,5.53,39904,"11993","7192100339","TOMBSTONE",1,1,0,33
6.75,5.04,40667,"11993","7192100339","TOMBSTONE",1,1,0,32
6.59,6.59,40380,"11993","7192100339","TOMBSTONE",0,0,0,15
6.29,6.01,39834,"11993","7192100339","TOMBSTONE",1,1,0,35
6.59,4.47,40261,"11993","7192100339","TOMBSTONE",1,1,0,55
6.89,6.89,39869,"23061","7218063983","TONYS",0,0,0,3
7.09,7.09,40618,"23061","7218063983","TONYS",0,0,0,2
7.49,5.04,40863,"23061","7218063983","TONYS",1,1,0,16
6.89,6.89,39876,"23061","7218063983","TONYS",0,0,0,4
7.09,7.09,40660,"23061","7218063983","TONYS",0,0,0,2
6.46,6.46,39848,"23061","7218063983","TONYS",0,0,0,3
7.49,7.49,40779,"23061","7218063983","TONYS",0,0,0,4
6.38,6.38,39911,"23061","7218063983","TONYS",0,0,0,4
6.38,5.49,39995,"23061","7218063983","TONYS",0,0,1,4
6.89,6.89,40471,"23061","7218063983","TONYS",0,0,0,2
6.89,6.89,40597,"23061","7218063983","TONYS",0,0,0,2
6.38,5.49,40016,"23061","7218063983","TONYS",0,0,1,6
6.29,6.29,40331,"23061","7218063983","TONYS",0,0,0,4
6.38,4.99,40058,"23061","7218063983","TONYS",1,0,0,14
6.99,6.99,40905,"25261","7218063979","TONYS",0,0,0,2
6.49,6.49,40114,"25261","7218063979","TONYS",0,0,0,6
7.49,7.49,40660,"25261","7218063979","TONYS",0,0,0,4
7.49,7.49,40709,"25261","7218063979","TONYS",0,0,0,1
7.49,7.49,40646,"25261","7218063979","TONYS",0,0,0,2
7.29,3.99,40590,"25261","7218063979","TONYS",1,1,0,10
6.49,5.99,40247,"25261","7218063979","TONYS",1,0,0,6
7.89,7.89,40765,"25261","7218063979","TONYS",0,0,0,5
3.29,3.29,40485,"4503","1111087396","PRIVATE LABEL",0,0,0,14
3.34,3.34,39848,"4503","1111087396","PRIVATE LABEL",0,0,0,7
2.91,3.29,40604,"4503","1111087396","PRIVATE LABEL",1,0,0,46
3.26,3.26,40331,"4503","1111087396","PRIVATE LABEL",0,0,0,30
3.61,3.61,40856,"4503","1111087396","PRIVATE LABEL",0,0,0,13
3.38,3.38,40709,"4503","1111087396","PRIVATE LABEL",0,0,0,9
3.41,3.41,40863,"4503","1111087396","PRIVATE LABEL",0,0,0,21
3.72,3.72,40751,"4503","1111087396","PRIVATE LABEL",0,0,0,11
3.41,3.41,40898,"4503","1111087396","PRIVATE LABEL",0,0,0,21
3.43,3.43,40891,"4503","1111087396","PRIVATE LABEL",0,0,0,14
6.89,6.89,40583,"389","7218063979","TONYS",0,0,0,7
6.38,3.99,40191,"389","7218063979","TONYS",1,1,0,55
6.38,5.49,39995,"389","7218063979","TONYS",0,0,1,8
7.09,4.73,40681,"389","7218063979","TONYS",0,1,0,25
6.29,6.29,40338,"389","7218063979","TONYS",0,0,0,9
7.09,7.09,40688,"389","7218063979","TONYS",0,0,0,3
6.29,6.29,40324,"389","7218063979","TONYS",0,0,0,10
5.79,5.79,40366,"389","7218063979","TONYS",0,0,0,13
6.89,4.43,40485,"23075","7218063983","TONYS",1,1,0,22
6.89,6.89,40443,"23075","7218063983","TONYS",0,0,0,3
7.49,7.49,40849,"23075","7218063983","TONYS",1,0,0,3
6.38,6.38,40093,"23075","7218063983","TONYS",0,0,0,5
6.51,6.51,40156,"23075","7218063983","TONYS",0,0,0,4
6.89,4.49,40527,"23075","7218063983","TONYS",1,1,0,42
6.89,4.65,39897,"23075","7218063983","TONYS",1,0,0,15
7.09,4.64,40674,"23075","7218063983","TONYS",0,1,0,30
6.89,6.89,40513,"23075","7218063983","TONYS",0,0,0,6
3.84,3.84,40786,"387","1111087395","PRIVATE LABEL",0,0,0,6
4.81,4.81,40065,"387","1111087395","PRIVATE LABEL",0,0,0,12
4.2,4.2,40800,"387","1111087395","PRIVATE LABEL",0,0,0,13
4.85,4.85,40128,"387","1111087395","PRIVATE LABEL",0,0,0,11
4.73,4.73,40226,"387","1111087395","PRIVATE LABEL",0,0,0,8
4.68,4.68,40345,"387","1111087395","PRIVATE LABEL",0,0,0,9
4.89,4.89,40149,"387","1111087395","PRIVATE LABEL",0,0,0,2
4.31,4.31,40142,"387","1111087395","PRIVATE LABEL",0,0,0,6
4.06,4.06,40793,"387","1111087395","PRIVATE LABEL",0,0,0,9
4.69,4.69,40317,"387","1111087395","PRIVATE LABEL",0,0,0,10
