grocery-store-data.csv
"BASE_PRICE","PRICE","WEEK_END_DATE","STORE_NUM","UPC","MANUFACTURER","DISPLAY","FEATURE","TPR_ONLY","UNITS"
3.28,3.28,39897,"2505","1111087395","PRIVATE LABEL",0,0,0,6
3.29,3.29,40198,"2505","1111087395","PRIVATE LABEL",0,0,0,7
3.14,3.14,40191,"2505","1111087395","PRIVATE LABEL",0,0,0,15
3.14,3.14,40268,"2505","1111087395","PRIVATE LABEL",0,0,0,5
3.45,3.45,40884,"2505","1111087395","PRIVATE LABEL",0,0,0,7
3.2,3.2,39967,"2505","1111087395","PRIVATE LABEL",0,0,0,15
3.04,2.95,40527,"2505","1111087395","PRIVATE LABEL",0,1,0,7
3.3,3.3,40429,"2505","1111087395","PRIVATE LABEL",0,0,0,10
3.26,3.26,40233,"2505","1111087395","PRIVATE LABEL",0,0,0,8
3.71,3.71,40800,"2505","1111087395","PRIVATE LABEL",0,0,0,10
3.2,3.2,40380,"2505","1111087395","PRIVATE LABEL",0,0,0,12
6.99,4.77,40625,"21227","7192100339","TOMBSTONE",0,1,0,67
6.29,6.29,39862,"21227","7192100339","TOMBSTONE",0,0,0,25
6.99,4.99,40135,"21227","7192100339","TOMBSTONE",0,1,0,96
6.99,6.99,40548,"21227","7192100339","TOMBSTONE",0,0,0,19
6.59,6.59,40695,"21227","7192100339","TOMBSTONE",0,0,0,18
6.99,4.89,40373,"21227","7192100339","TOMBSTONE",0,1,0,73
6.29,6.29,39932,"21227","7192100339","TOMBSTONE",0,0,0,15
6.99,6.99,40198,"21227","7192100339","TOMBSTONE",0,0,0,15
6.99,5.01,40205,"21227","7192100339","TOMBSTONE",0,1,0,95
6.99,5.07,40436,"21227","7192100339","TOMBSTONE",0,0,1,53
6.46,5.29,39967,"19265","7192100337","TOMBSTONE",0,1,0,8
6.99,6.99,40380,"19265","7192100337","TOMBSTONE",0,0,0,6
6.59,5.64,40793,"19265","7192100337","TOMBSTONE",0,0,1,13
6.99,4.99,40436,"19265","7192100337","TOMBSTONE",0,0,1,22
6.59,5.64,40765,"19265","7192100337","TOMBSTONE",0,1,0,26
6.99,6.99,40569,"19265","7192100337","TOMBSTONE",0,0,0,1
6.29,6.29,39841,"19265","7192100337","TOMBSTONE",0,0,0,10
6.49,6.49,40478,"19265","7192100337","TOMBSTONE",0,0,0,5
6.59,5.8,40709,"19265","7192100337","TOMBSTONE",0,1,0,24
6.89,6.89,40639,"19265","7192100337","TOMBSTONE",0,0,0,8
3.34,3.34,39918,"8263","1111087395","PRIVATE LABEL",0,0,0,5
3,3,40429,"8263","1111087395","PRIVATE LABEL",0,0,0,3
3.79,3.79,40842,"8263","1111087395","PRIVATE LABEL",0,0,0,1
2.95,2.95,40541,"8263","1111087395","PRIVATE LABEL",0,0,0,8
3.3,3.3,39834,"8263","1111087395","PRIVATE LABEL",0,0,0,9
2.89,2.89,40576,"8263","1111087395","PRIVATE LABEL",0,0,0,3
3.34,3.34,40023,"8263","1111087395","PRIVATE LABEL",0,0,0,4
3.6,3.6,40800,"8263","1111087395","PRIVATE LABEL",0,0,0,2
3.79,3.31,40863,"8263","1111087395","PRIVATE LABEL",0,0,1,5
6.59,6.59,40597,"23345","7192100339","TOMBSTONE",0,0,0,9
6.59,4.47,40100,"23345","7192100339","TOMBSTONE",1,0,0,12
6.59,6.59,40520,"23345","7192100339","TOMBSTONE",0,0,0,12
6.59,6.59,40226,"23345","7192100339","TOMBSTONE",0,0,0,10
6.59,5.58,40142,"23345","7192100339","TOMBSTONE",1,1,0,12
6.59,6.59,39946,"23345","7192100339","TOMBSTONE",0,0,0,10
6.79,5.64,40744,"23345","7192100339","TOMBSTONE",0,0,1,10
6.62,5,40667,"23345","7192100339","TOMBSTONE",1,1,0,22
6.59,6.59,40114,"23345","7192100339","TOMBSTONE",0,0,0,7
6.59,6.59,40177,"23345","7192100339","TOMBSTONE",0,0,0,10
6.59,4.99,40429,"23345","7192100339","TOMBSTONE",0,0,1,15
6.37,6.37,39855,"23345","7192100339","TOMBSTONE",0,0,0,6
5.8,5,40912,"23345","7192100339","TOMBSTONE",1,1,0,24
6.59,4.99,40450,"23345","7192100339","TOMBSTONE",0,0,1,15
5.8,5.8,40849,"23345","7192100339","TOMBSTONE",0,0,0,8
4,3.6,39995,"23055","1111087396","PRIVATE LABEL",0,0,1,1
3.32,3.33,40527,"23055","1111087396","PRIVATE LABEL",0,1,0,31
4.75,4.75,40317,"23055","1111087396","PRIVATE LABEL",0,0,0,12
4.71,4.71,40233,"23055","1111087396","PRIVATE LABEL",0,0,0,5
4,4,40905,"23055","1111087396","PRIVATE LABEL",0,0,0,10
4,4,40023,"23055","1111087396","PRIVATE LABEL",0,0,0,3
4,3.26,40058,"23055","1111087396","PRIVATE LABEL",0,0,1,3
4.71,4,40380,"23055","1111087396","PRIVATE LABEL",0,0,1,11
4.89,2.99,40184,"23055","1111087396","PRIVATE LABEL",0,1,0,9
5.49,4,40821,"23055","1111087396","PRIVATE LABEL",0,0,1,5
4.79,3.79,40289,"23055","1111087396","PRIVATE LABEL",0,0,1,10
4,4,39981,"23067","1111087395","PRIVATE LABEL",0,0,0,13
4.54,4.54,40247,"23067","1111087395","PRIVATE LABEL",0,0,0,6
4,4,39862,"23067","1111087395","PRIVATE LABEL",0,0,0,2
3.96,3.96,40849,"23067","1111087395","PRIVATE LABEL",0,0,0,11
5.29,3.49,40737,"23067","1111087395","PRIVATE LABEL",0,0,1,11
3.92,3.92,39869,"23067","1111087395","PRIVATE LABEL",0,0,0,5
4,4,39995,"23067","1111087395","PRIVATE LABEL",0,0,0,7
5.29,3.58,40618,"23067","1111087395","PRIVATE LABEL",0,0,1,7
3.6,3.22,40457,"23067","1111087395","PRIVATE LABEL",0,0,1,5
4,4,40653,"23067","1111087395","PRIVATE LABEL",0,0,0,2
6.59,4.87,40625,"2495","7192100337","TOMBSTONE",1,1,0,38
6.79,5.27,40695,"2495","7192100337","TOMBSTONE",0,0,1,2
6.59,4.97,40450,"2495","7192100337","TOMBSTONE",0,0,1,11
6.59,6.59,40653,"2495","7192100337","TOMBSTONE",0,0,0,7
6.59,4.99,40457,"2495","7192100337","TOMBSTONE",0,0,1,18
6.59,4.99,40576,"2495","7192100337","TOMBSTONE",1,0,0,49
6.59,6.59,39981,"2495","7192100337","TOMBSTONE",0,0,0,9
6.59,4.77,40611,"2495","7192100337","TOMBSTONE",0,1,0,23
6.59,4.44,40639,"2495","7192100337","TOMBSTONE",0,1,0,26
6.59,6.59,40548,"2495","7192100337","TOMBSTONE",0,0,0,17
6.59,6.59,40387,"2495","7192100337","TOMBSTONE",0,0,0,9
6.59,4.99,40205,"2495","7192100337","TOMBSTONE",1,1,0,26
3.86,3.07,40457,"13609","1111087395","PRIVATE LABEL",0,0,1,8
4,3.32,39939,"13609","1111087395","PRIVATE LABEL",0,1,0,20
4.86,3.57,40618,"13609","1111087395","PRIVATE LABEL",0,0,1,13
4.79,4.79,40562,"13609","1111087395","PRIVATE LABEL",0,0,0,1
4.35,4.35,40247,"13609","1111087395","PRIVATE LABEL",0,0,0,9
4.79,4.79,40317,"13609","1111087395","PRIVATE LABEL",0,0,0,7
4.89,4.89,40205,"13609","1111087395","PRIVATE LABEL",0,0,0,5
5.25,5.25,40674,"13609","1111087395","PRIVATE LABEL",0,0,0,12
3.28,3.31,40527,"13609","1111087395","PRIVATE LABEL",0,1,0,25
3.96,3.96,40030,"13609","1111087395","PRIVATE LABEL",0,0,0,11
6.49,6.49,40205,"29159","7218063052","TONYS",0,0,0,1
6.79,6.79,39848,"29159","7218063052","TONYS",1,0,0,4
7.89,6.44,40765,"29159","7218063052","TONYS",0,0,1,2
7.49,4.81,40674,"29159","7218063052","TONYS",0,1,0,14
6.79,6.79,39946,"29159","7218063052","TONYS",1,0,0,3
7.29,4.49,40457,"29159","7218063052","TONYS",0,1,0,10
7.49,5.28,40856,"29159","7218063052","TONYS",0,1,0,14
6.6,6.6,40128,"29159","7218063052","TONYS",0,0,0,7
6.96,6.96,39960,"29159","7218063052","TONYS",0,0,0,3
7.49,7.49,40695,"29159","7218063052","TONYS",0,0,0,4
6.49,6.49,40317,"29159","7218063052","TONYS",0,0,0,4
7.29,7.29,40499,"29159","7218063052","TONYS",0,0,0,3
6.79,5.49,40009,"29159","7218063052","TONYS",0,0,1,4
7.29,4.27,40590,"29159","7218063052","TONYS",0,1,0,12
6.79,6.79,39869,"29159","7218063052","TONYS",0,0,0,4
6.38,6.38,40156,"23075","7218063979","TONYS",0,0,0,5
6.89,4.48,40478,"23075","7218063979","TONYS",1,1,0,30
6.27,6.27,40289,"23075","7218063979","TONYS",1,0,0,8
7.49,5.03,40856,"23075","7218063979","TONYS",1,1,0,19
6.89,4.49,40527,"23075","7218063979","TONYS",1,1,0,28
6.89,6.89,40415,"23075","7218063979","TONYS",0,0,0,5
6.38,6.38,39946,"23075","7218063979","TONYS",0,0,0,4
6.38,3.99,40184,"23075","7218063979","TONYS",1,1,0,37
6.38,6.38,39967,"23075","7218063979","TONYS",0,0,0,2
7.49,4.99,40751,"23075","7218063979","TONYS",0,1,0,32
6.99,6.99,40387,"4259","7192100337","TOMBSTONE",0,0,0,5
6.99,6.99,40527,"4259","7192100337","TOMBSTONE",0,0,0,10
7.49,7.49,40016,"4259","7192100337","TOMBSTONE",0,0,0,10
6.99,6.99,40219,"4259","7192100337","TOMBSTONE",0,0,0,28
6.59,5.03,40737,"4259","7192100337","TOMBSTONE",1,1,0,44
7.19,7.19,40653,"4259","7192100337","TOMBSTONE",0,0,0,5
6.59,5.64,40772,"4259","7192100337","TOMBSTONE",1,1,0,33
6.99,5.03,40345,"4259","7192100337","TOMBSTONE",1,1,0,52
6.99,4.99,40429,"4259","7192100337","TOMBSTONE",0,0,1,22
6.99,6.99,40534,"4259","7192100337","TOMBSTONE",0,0,0,9
6.99,6.99,40499,"4259","7192100337","TOMBSTONE",0,0,0,14
6.59,6.59,39981,"13853","7192100339","TOMBSTONE",0,0,0,3
5.64,5.52,40765,"13853","7192100339","TOMBSTONE",0,1,0,9
6.59,4.49,40471,"13853","7192100339","TOMBSTONE",1,1,0,21
6.76,5,40667,"13853","7192100339","TOMBSTONE",0,1,0,11
6.59,6.59,40030,"13853","7192100339","TOMBSTONE",0,0,0,4
5.8,5.8,40856,"13853","7192100339","TOMBSTONE",0,0,0,7
6.59,4.77,40611,"13853","7192100339","TOMBSTONE",1,1,0,10
6.59,6.59,40121,"13853","7192100339","TOMBSTONE",0,0,0,13
6.39,6.39,39876,"13853","7192100339","TOMBSTONE",0,0,0,3
6.89,6.89,40394,"19265","7218063979","TONYS",0,0,0,4
6.38,6.38,39953,"19265","7218063979","TONYS",0,0,0,4
6.38,6.38,40156,"19265","7218063979","TONYS",0,0,0,5
7.49,4.97,40856,"19265","7218063979","TONYS",1,1,0,27
6.89,6.89,40513,"19265","7218063979","TONYS",0,0,0,4
6.89,6.89,40401,"19265","7218063979","TONYS",0,0,0,3
6.38,4.99,40100,"19265","7218063979","TONYS",1,1,0,30
6.34,4.99,39855,"19265","7218063979","TONYS",0,1,0,31
5.27,5.27,40856,"8263","7192100336","TOMBSTONE",0,0,0,10
6.59,6.59,39918,"8263","7192100336","TOMBSTONE",0,0,0,9
6.39,6.39,39855,"8263","7192100336","TOMBSTONE",0,0,0,8
6.59,6.59,39974,"8263","7192100336","TOMBSTONE",0,0,0,11
6.59,6.59,40023,"8263","7192100336","TOMBSTONE",0,0,0,4
6.59,6.59,40317,"8263","7192100336","TOMBSTONE",0,0,0,6
6.49,6.49,40681,"8263","7192100336","TOMBSTONE",0,0,0,5
5.27,5.27,40842,"8263","7192100336","TOMBSTONE",0,0,0,10
6.59,6.59,40331,"8263","7192100336","TOMBSTONE",0,0,0,7
6.59,4.99,40002,"8263","7192100336","TOMBSTONE",1,1,0,14
6.49,4.99,40737,"8263","7192100336","TOMBSTONE",0,1,0,9
7.49,7.49,40898,"28909","7218063983","TONYS",0,0,0,3
7.49,7.49,40730,"28909","7218063983","TONYS",0,0,0,1
7.09,4.73,40681,"28909","7218063983","TONYS",0,1,0,38
6.89,6.89,40387,"28909","7218063983","TONYS",0,0,0,5
6.27,6.27,40254,"28909","7218063983","TONYS",0,0,0,3
6.38,6.38,39932,"28909","7218063983","TONYS",0,0,0,2
5.79,5.79,40373,"28909","7218063983","TONYS",0,0,0,6
7.09,7.09,40646,"28909","7218063983","TONYS",0,0,0,7
6.38,6.38,39953,"28909","7218063983","TONYS",0,0,0,1
6.38,6.38,40093,"28909","7218063983","TONYS",0,0,0,1
7.49,7.49,40772,"28909","7218063983","TONYS",1,0,0,4
6.59,6.59,40380,"15763","7192100339","TOMBSTONE",0,0,0,6
5.49,5.49,40765,"15763","7192100339","TOMBSTONE",1,1,0,16
6.02,5.49,39904,"15763","7192100339","TOMBSTONE",1,1,0,16
5.27,5.27,40898,"15763","7192100339","TOMBSTONE",0,0,0,10
6.59,6.59,40226,"15763","7192100339","TOMBSTONE",1,0,0,9
6.3,5.99,39834,"15763","7192100339","TOMBSTONE",1,1,0,11
5.27,5.27,40835,"15763","7192100339","TOMBSTONE",0,0,0,13
6.59,6.59,39981,"15763","7192100339","TOMBSTONE",0,0,0,15
6.59,6.59,39939,"15763","7192100339","TOMBSTONE",0,0,0,10
6.59,6.59,40555,"15763","7192100339","TOMBSTONE",0,0,0,5
6.59,6.59,40170,"15763","7192100339","TOMBSTONE",0,0,0,9
3.3,3.3,40688,"15755","1111087398","PRIVATE LABEL",0,0,0,9
3.31,3.31,40135,"15755","1111087398","PRIVATE LABEL",0,0,0,14
3.29,2.93,40177,"15755","1111087398","PRIVATE LABEL",0,1,0,17
3.34,3.34,39925,"15755","1111087398","PRIVATE LABEL",0,0,0,9
3.34,3.34,40373,"15755","1111087398","PRIVATE LABEL",0,0,0,7
3.18,3.18,40884,"15755","1111087398","PRIVATE LABEL",0,0,0,11
3.27,3.27,40114,"15755","1111087398","PRIVATE LABEL",0,0,0,10
3.09,3.09,40506,"15755","1111087398","PRIVATE LABEL",0,0,0,4
3.25,3.25,40464,"15755","1111087398","PRIVATE LABEL",0,0,0,4
3.34,3.34,40268,"15755","1111087398","PRIVATE LABEL",0,0,0,4
3.27,3.27,40359,"15755","1111087398","PRIVATE LABEL",0,0,0,10
2.93,2.93,40583,"15755","1111087398","PRIVATE LABEL",0,0,0,5
5.8,5.5,40877,"367","7192100339","TOMBSTONE",0,1,0,10
6.99,6.99,40296,"367","7192100339","TOMBSTONE",0,0,0,6
5.8,5.08,40912,"367","7192100339","TOMBSTONE",1,1,0,29
6.99,6.99,40590,"367","7192100339","TOMBSTONE",0,0,0,8
7.49,7.49,40023,"367","7192100339","TOMBSTONE",0,0,0,3
6.59,6.59,40716,"367","7192100339","TOMBSTONE",0,0,0,4
6.99,5.5,40513,"367","7192100339","TOMBSTONE",0,1,0,9
6.99,5.08,40408,"367","7192100339","TOMBSTONE",0,1,0,23
6.89,6.89,40674,"367","7192100339","TOMBSTONE",0,0,0,9
6.59,5.64,40758,"367","7192100339","TOMBSTONE",0,0,1,4
6.99,5.08,40415,"367","7192100339","TOMBSTONE",0,1,0,22
6.59,6.59,40520,"11967","7192100336","TOMBSTONE",0,0,0,12
6.49,5.27,40695,"11967","7192100336","TOMBSTONE",0,0,1,9
6.59,6.59,40170,"11967","7192100336","TOMBSTONE",0,0,0,5
6.59,4.99,40009,"11967","7192100336","TOMBSTONE",1,0,0,8
5.27,5.27,40849,"11967","7192100336","TOMBSTONE",0,0,0,9
6.59,6.59,39974,"11967","7192100336","TOMBSTONE",0,0,0,9
6.59,6.59,40044,"11967","7192100336","TOMBSTONE",0,0,0,11
6.59,6.59,40198,"11967","7192100336","TOMBSTONE",0,0,0,12
7.29,4.99,40240,"15763","7218063979","TONYS",1,1,0,15
7.29,6.49,40261,"15763","7218063979","TONYS",0,0,1,3
7.49,5.24,40674,"15763","7218063979","TONYS",0,1,0,6
7.29,7.29,40597,"15763","7218063979","TONYS",0,0,0,1
7.49,7.49,40814,"15763","7218063979","TONYS",0,0,0,1
6.79,6.79,39974,"15763","7218063979","TONYS",0,0,0,1
7.29,4.99,40051,"15763","7218063979","TONYS",1,1,0,1
6.79,5.49,40002,"15763","7218063979","TONYS",0,0,1,3
7.49,5.39,40856,"15763","7218063979","TONYS",0,1,0,5
7.29,4.99,40058,"15763","7218063979","TONYS",1,0,0,12
7.49,7.49,40793,"15763","7218063979","TONYS",0,0,0,1
5.8,5.8,40884,"6179","7192100339","TOMBSTONE",0,0,0,37
5.8,5.8,40898,"6179","7192100339","TOMBSTONE",0,0,0,26
6.99,6.99,40548,"6179","7192100339","TOMBSTONE",0,0,0,22
6.59,5.77,40709,"6179","7192100339","TOMBSTONE",0,1,0,49
6.99,5.06,40450,"6179","7192100339","TOMBSTONE",0,0,1,27
6.59,6.59,40695,"6179","7192100339","TOMBSTONE",0,0,0,18
6.99,6.99,40331,"6179","7192100339","TOMBSTONE",0,0,0,12
6.99,6.99,40296,"6179","7192100339","TOMBSTONE",0,0,0,11
7.19,4.77,40632,"6179","7192100339","TOMBSTONE",1,1,0,62
6.79,5.49,40758,"6379","7192100337","TOMBSTONE",0,0,1,13
6.59,6.59,40527,"6379","7192100337","TOMBSTONE",0,0,0,13
6.59,6.59,40121,"6379","7192100337","TOMBSTONE",0,0,0,19
6.59,5.06,40002,"6379","7192100337","TOMBSTONE",0,1,0,46
6.59,6.59,40324,"6379","7192100337","TOMBSTONE",0,0,0,9
6.59,6.59,40520,"6379","7192100337","TOMBSTONE",0,0,0,10
6.59,6.59,39932,"6379","7192100337","TOMBSTONE",0,0,0,14
6.79,4.99,40730,"6379","7192100337","TOMBSTONE",1,1,0,32
7.49,7.49,40800,"4503","7218063979","TONYS",0,0,0,1
7.29,7.29,40534,"4503","7218063979","TONYS",0,0,0,5
6.49,6.49,40219,"4503","7218063979","TONYS",0,0,0,5
6.79,6.79,39876,"4503","7218063979","TONYS",0,0,0,9
6.41,6.41,39904,"4503","7218063979","TONYS",0,0,0,6
7.29,6.49,40072,"4503","7218063979","TONYS",0,0,1,8
7.49,7.49,40667,"4503","7218063979","TONYS",0,0,0,7
6.49,6.49,40331,"4503","7218063979","TONYS",0,0,0,6
6.79,6.79,39981,"11993","7218063979","TONYS",0,0,0,2
6.76,6.76,40135,"11993","7218063979","TONYS",0,0,0,6
7.89,7.89,40772,"11993","7218063979","TONYS",0,0,0,2
7.89,7.89,40723,"11993","7218063979","TONYS",0,0,0,4
6.79,4.99,39855,"11993","7218063979","TONYS",1,1,0,20
7.49,5.99,40821,"11993","7218063979","TONYS",1,0,0,8
6.79,6.79,40037,"11993","7218063979","TONYS",0,0,0,4
6.52,5.49,40009,"11993","7218063979","TONYS",0,0,1,6
6.79,6.79,39960,"11993","7218063979","TONYS",0,0,0,2
6.62,6.62,40142,"11993","7218063979","TONYS",0,0,0,6
7.29,4.49,40527,"11993","7218063979","TONYS",0,0,1,18
6.49,6.49,40331,"23349","7218063052","TONYS",0,0,0,4
6.49,6.49,40128,"23349","7218063052","TONYS",0,0,0,2
6.79,4.99,39855,"23349","7218063052","TONYS",1,1,0,5
6.79,4.49,39883,"23349","7218063052","TONYS",1,1,0,22
7.49,5.99,40821,"23349","7218063052","TONYS",1,0,0,4
7.29,7.29,40632,"23349","7218063052","TONYS",0,0,0,1
7.49,7.49,40660,"23349","7218063052","TONYS",0,0,0,2
7.29,7.29,39925,"23349","7218063052","TONYS",0,0,0,1
6.89,5.29,40373,"23349","7218063052","TONYS",0,0,1,1
6.89,4.44,40450,"389","7218063983","TONYS",1,1,0,25
7.09,7.09,40618,"389","7218063983","TONYS",0,0,0,6
6.38,6.89,40072,"389","7218063983","TONYS",1,0,0,6
7.49,7.49,40814,"389","7218063983","TONYS",0,0,0,1
6.29,6.29,40352,"389","7218063983","TONYS",0,0,0,11
6.38,6.38,40128,"389","7218063983","TONYS",0,0,0,4
6.89,6.89,40583,"389","7218063983","TONYS",0,0,0,7
6.89,4.49,40457,"389","7218063983","TONYS",1,1,0,28
6.89,6.45,40114,"389","7218063983","TONYS",1,0,0,7
7.49,7.49,40849,"389","7218063983","TONYS",0,0,0,2
6.89,6.89,40548,"389","7218063983","TONYS",0,0,0,2
7.09,7.09,40702,"389","7218063983","TONYS",0,0,0,4
6.38,6.38,39967,"389","7218063983","TONYS",0,0,0,1
3.67,3.67,40415,"23075","1111087398","PRIVATE LABEL",0,0,0,9
3.76,3.76,40394,"23075","1111087398","PRIVATE LABEL",0,0,0,5
3.94,3.94,40842,"23075","1111087398","PRIVATE LABEL",0,0,0,7
4,4,39988,"23075","1111087398","PRIVATE LABEL",0,0,0,8
5.29,5.29,40583,"23075","1111087398","PRIVATE LABEL",0,0,0,1
3.97,3.97,40646,"23075","1111087398","PRIVATE LABEL",0,0,0,13
4.79,4.79,40345,"23075","1111087398","PRIVATE LABEL",0,0,0,3
3.96,3.96,40016,"23075","1111087398","PRIVATE LABEL",0,0,0,11
6.3,6.3,39841,"19523","7192100336","TOMBSTONE",0,0,0,11
5.99,5.99,39890,"19523","7192100336","TOMBSTONE",0,0,0,11
6.59,6.59,39988,"19523","7192100336","TOMBSTONE",0,0,0,6
5.8,5.8,40905,"19523","7192100336","TOMBSTONE",0,0,0,16
6.39,6.39,39862,"19523","7192100336","TOMBSTONE",0,0,0,12
6.79,5.27,40709,"19523","7192100336","TOMBSTONE",1,1,0,31
6.59,4.55,40100,"19523","7192100336","TOMBSTONE",0,0,1,27
5.8,5.8,40856,"19523","7192100336","TOMBSTONE",0,0,0,23
6.59,6.59,40499,"19523","7192100336","TOMBSTONE",0,0,0,10
5.99,5.99,39897,"19523","7192100336","TOMBSTONE",0,0,0,4
7.09,7.09,40660,"6179","7218063983","TONYS",0,0,0,7
6.27,4.99,40310,"6179","7218063983","TONYS",1,0,0,31
6.38,6.38,40212,"6179","7218063983","TONYS",0,0,0,5
6.38,6.38,40142,"6179","7218063983","TONYS",0,0,0,4
7.09,7.09,40639,"6179","7218063983","TONYS",0,0,0,9
6.89,6.89,40590,"6179","7218063983","TONYS",0,0,0,4
7.49,7.49,40891,"6179","7218063983","TONYS",0,0,0,3
7.09,7.09,40695,"6179","7218063983","TONYS",0,0,0,1
5.79,5.79,40380,"6179","7218063983","TONYS",0,0,0,15
