grocery-store-data.csv
"BASE_PRICE","PRICE","WEEK_END_DATE","STORE_NUM","UPC","MANUFACTURER","DISPLAY","FEATURE","TPR_ONLY","UNITS"
6.27,4.99,40240,"2279","7218063979","TONYS",1,1,0,30
6.29,6.29,40317,"2279","7218063979","TONYS",0,0,0,3
6.38,6.38,40156,"2279","7218063979","TONYS",0,0,0,7
6.89,4.49,40527,"2279","7218063979","TONYS",1,1,0,53
6.27,4.99,40303,"2279","7218063979","TONYS",0,1,0,38
6.89,6.89,40415,"2279","7218063979","TONYS",0,0,0,1
6.89,4.69,40569,"2279","7218063979","TONYS",1,1,0,8
7.09,7.09,40639,"2279","7218063979","TONYS",0,0,0,3
6.89,6.89,40422,"2279","7218063979","TONYS",0,0,0,2
6.27,4.99,40310,"2279","7218063979","TONYS",1,0,0,24
7.09,4.74,40681,"2279","7218063979","TONYS",1,1,0,50
6.99,6.99,40534,"21213","7192100339","TOMBSTONE",0,0,0,8
6.99,6.99,40569,"21213","7192100339","TOMBSTONE",0,0,0,2
6.11,5.49,39911,"21213","7192100339","TOMBSTONE",1,1,0,14
6.99,6.99,40191,"21213","7192100339","TOMBSTONE",0,0,0,15
6.9,6.9,40541,"21213","7192100339","TOMBSTONE",0,0,0,8
6.89,6.89,40674,"21213","7192100339","TOMBSTONE",0,0,0,7
6.59,5.77,40702,"21213","7192100339","TOMBSTONE",1,1,0,28
6.59,5.64,40779,"21213","7192100339","TOMBSTONE",0,0,1,13
6.89,4.69,40562,"24991","7218063052","TONYS",1,0,0,35
6.38,6.38,39988,"24991","7218063052","TONYS",0,0,0,12
6.89,6.89,39876,"24991","7218063052","TONYS",0,0,0,6
6.27,6.27,40233,"24991","7218063052","TONYS",0,0,0,9
6.38,6.38,40037,"24991","7218063052","TONYS",0,0,0,9
6.38,6.38,40135,"24991","7218063052","TONYS",0,0,0,6
7.09,7.09,40660,"24991","7218063052","TONYS",0,0,0,5
6.38,6.38,39967,"24991","7218063052","TONYS",0,0,0,7
7.09,7.09,40632,"24991","7218063052","TONYS",0,0,0,12
6.89,6.89,40429,"24991","7218063052","TONYS",0,0,0,3
6.89,4.53,39890,"24991","7218063052","TONYS",0,1,0,63
7.49,5.26,40856,"24991","7218063052","TONYS",1,1,0,24
6.89,6.89,40611,"24991","7218063052","TONYS",0,0,0,6
7.09,7.09,40639,"24991","7218063052","TONYS",0,0,0,9
6.99,6.99,40219,"19265","7192100339","TOMBSTONE",0,0,0,14
6.92,6.92,40639,"19265","7192100339","TOMBSTONE",0,0,0,9
6.49,6.49,40744,"19265","7192100339","TOMBSTONE",0,0,0,16
6.59,6.59,40695,"19265","7192100339","TOMBSTONE",0,0,0,11
6.99,6.99,40065,"19265","7192100339","TOMBSTONE",0,0,0,17
5.8,5.8,40891,"19265","7192100339","TOMBSTONE",0,0,0,16
7.19,4.89,40632,"19265","7192100339","TOMBSTONE",1,1,0,41
6.29,5.29,39967,"19265","7192100339","TOMBSTONE",0,1,0,12
6.26,6.26,39848,"19265","7192100339","TOMBSTONE",0,0,0,22
6.99,6.99,40177,"19265","7192100339","TOMBSTONE",0,0,0,7
3.05,3.05,40513,"21479","1111087396","PRIVATE LABEL",0,0,0,6
3.27,3.27,40261,"21479","1111087396","PRIVATE LABEL",0,0,0,1
3.24,3.24,39848,"21479","1111087396","PRIVATE LABEL",0,0,0,10
3.17,3.17,40478,"21479","1111087396","PRIVATE LABEL",0,0,0,2
3.26,3.26,40359,"21479","1111087396","PRIVATE LABEL",0,0,0,17
3.3,3.3,39960,"21479","1111087396","PRIVATE LABEL",0,0,0,9
3.63,3.63,40905,"21479","1111087396","PRIVATE LABEL",0,0,0,8
3.15,3.15,40856,"21479","1111087396","PRIVATE LABEL",0,0,0,1
3.14,3.14,39981,"21479","1111087396","PRIVATE LABEL",0,0,0,5
3.26,3.26,40135,"21479","1111087396","PRIVATE LABEL",0,0,0,10
2.95,3,40548,"21479","1111087396","PRIVATE LABEL",1,0,0,22
3.31,3.31,39988,"21479","1111087396","PRIVATE LABEL",0,0,0,12
3.3,3.3,40674,"21479","1111087396","PRIVATE LABEL",0,0,0,10
3.34,3.34,40688,"21479","1111087396","PRIVATE LABEL",0,0,0,6
2.92,2.92,40583,"2505","1111087398","PRIVATE LABEL",0,0,0,9
3.2,3.2,39911,"2505","1111087398","PRIVATE LABEL",0,0,0,10
3.34,3.34,40072,"2505","1111087398","PRIVATE LABEL",0,0,0,13
3.27,3.27,40219,"2505","1111087398","PRIVATE LABEL",0,0,0,5
2.92,3.17,40590,"2505","1111087398","PRIVATE LABEL",1,0,0,19
3.72,3.28,40863,"2505","1111087398","PRIVATE LABEL",0,0,1,8
3.23,3.27,40191,"2505","1111087398","PRIVATE LABEL",1,0,0,24
3.28,3.28,40653,"2505","1111087398","PRIVATE LABEL",0,0,0,16
3.23,3.23,39827,"2505","1111087398","PRIVATE LABEL",0,0,0,3
3.28,3.28,40457,"2505","1111087398","PRIVATE LABEL",0,0,0,7
6.59,6.59,40030,"17627","7192100339","TOMBSTONE",0,0,0,4
6.59,4.47,40261,"17627","7192100339","TOMBSTONE",1,1,0,46
6.59,6.59,40646,"17627","7192100339","TOMBSTONE",0,0,0,6
5.8,5.8,40863,"17627","7192100339","TOMBSTONE",0,0,0,21
6.59,6.59,40604,"17627","7192100339","TOMBSTONE",0,0,0,13
6.59,6.59,40184,"17627","7192100339","TOMBSTONE",0,0,0,13
5.77,5.77,40884,"17627","7192100339","TOMBSTONE",0,0,0,22
5.64,5.64,40821,"17627","7192100339","TOMBSTONE",0,0,0,10
6.59,6.59,40485,"17627","7192100339","TOMBSTONE",0,0,0,6
6.43,6.43,40359,"4503","7192100336","TOMBSTONE",0,0,0,8
6.59,6.59,39953,"4503","7192100336","TOMBSTONE",0,0,0,8
6.59,4.47,40079,"4503","7192100336","TOMBSTONE",1,1,0,92
6.59,6.59,39918,"4503","7192100336","TOMBSTONE",0,0,0,9
6.59,6.59,40499,"4503","7192100336","TOMBSTONE",0,0,0,5
6.59,4.77,40443,"4503","7192100336","TOMBSTONE",1,1,0,31
6.49,5.54,40744,"4503","7192100336","TOMBSTONE",0,0,1,19
6.59,4.53,40247,"4503","7192100336","TOMBSTONE",1,1,0,37
6.59,6.59,40324,"4503","7192100336","TOMBSTONE",0,0,0,6
2.97,2.97,40576,"17627","1111087395","PRIVATE LABEL",0,0,0,12
3.22,3.22,40156,"17627","1111087395","PRIVATE LABEL",0,0,0,11
3.32,3.32,40422,"17627","1111087395","PRIVATE LABEL",0,0,0,18
3.34,3.34,40702,"17627","1111087395","PRIVATE LABEL",0,0,0,9
3.14,2.94,40541,"17627","1111087395","PRIVATE LABEL",1,0,0,11
3.22,2.92,40163,"17627","1111087395","PRIVATE LABEL",1,1,0,11
3.71,3.71,40786,"17627","1111087395","PRIVATE LABEL",0,0,0,2
3.34,3.34,40352,"17627","1111087395","PRIVATE LABEL",0,0,0,6
3.28,3.28,40009,"17627","1111087395","PRIVATE LABEL",0,0,0,6
3.29,3.29,40058,"17627","1111087395","PRIVATE LABEL",0,0,0,8
3.22,2.87,40170,"17627","1111087395","PRIVATE LABEL",1,0,0,13
6.38,6.38,40093,"2277","7218063979","TONYS",0,0,0,12
6.27,4.99,40310,"2277","7218063979","TONYS",0,0,1,39
7.09,4.76,40674,"2277","7218063979","TONYS",0,1,0,81
7.09,7.09,40646,"2277","7218063979","TONYS",0,0,0,10
7.49,7.49,40884,"2277","7218063979","TONYS",0,0,0,7
7.49,7.49,40800,"2277","7218063979","TONYS",0,0,0,8
6.38,6.38,39932,"2277","7218063979","TONYS",0,0,0,8
6.27,6.27,40289,"2277","7218063979","TONYS",0,0,0,18
7.21,7.21,40765,"2277","7218063979","TONYS",0,0,0,9
6.38,6.38,39918,"2277","7218063979","TONYS",0,0,0,9
6.27,4.99,40275,"11757","7218063979","TONYS",1,1,0,9
6.38,6.38,39974,"11757","7218063979","TONYS",0,0,0,1
6.29,6.29,40324,"11757","7218063979","TONYS",0,0,0,3
6.89,6.89,40590,"11757","7218063979","TONYS",0,0,0,2
6.89,6.89,40534,"11757","7218063979","TONYS",0,0,0,6
6.38,5.49,40002,"11757","7218063979","TONYS",0,0,1,11
6.89,6.89,40541,"11757","7218063979","TONYS",0,0,0,1
6.89,6.89,40401,"11757","7218063979","TONYS",0,0,0,4
6.59,6.59,40121,"623","7192100336","TOMBSTONE",0,0,0,11
6.59,6.59,40303,"623","7192100336","TOMBSTONE",0,0,0,4
6.79,6.79,40660,"623","7192100336","TOMBSTONE",0,0,0,6
6.59,5.55,40149,"623","7192100336","TOMBSTONE",0,1,0,19
6.59,6.59,40604,"623","7192100336","TOMBSTONE",0,0,0,10
6.39,6.39,39862,"623","7192100336","TOMBSTONE",0,0,0,11
6.29,5.99,39834,"623","7192100336","TOMBSTONE",0,1,0,17
5.49,5.49,40765,"623","7192100336","TOMBSTONE",0,1,0,20
3.23,3.23,40296,"2505","1111087396","PRIVATE LABEL",0,0,0,6
3.34,3.34,39890,"2505","1111087396","PRIVATE LABEL",0,0,0,4
3.26,3.26,40499,"2505","1111087396","PRIVATE LABEL",0,0,0,9
3.2,2.95,40163,"2505","1111087396","PRIVATE LABEL",1,1,0,27
3.71,3.71,40835,"2505","1111087396","PRIVATE LABEL",0,0,0,5
3.23,3.23,40611,"2505","1111087396","PRIVATE LABEL",0,0,0,12
3.57,3.25,40744,"2505","1111087396","PRIVATE LABEL",0,1,0,18
3.24,3.24,40030,"2505","1111087396","PRIVATE LABEL",0,0,0,10
3.27,3.27,39918,"2505","1111087396","PRIVATE LABEL",0,0,0,5
3.28,3.28,40492,"2505","1111087396","PRIVATE LABEL",0,0,0,11
3.25,3.25,40002,"2505","1111087396","PRIVATE LABEL",0,0,0,4
3.33,3.33,39911,"2505","1111087396","PRIVATE LABEL",0,0,0,4
3.34,3.34,40702,"2505","1111087396","PRIVATE LABEL",0,0,0,6
3.13,3.13,40275,"2505","1111087396","PRIVATE LABEL",0,0,0,8
3.28,3.28,40128,"2505","1111087396","PRIVATE LABEL",0,0,0,9
3.2,2.94,40177,"2505","1111087396","PRIVATE LABEL",1,1,0,36
6.99,6.99,40499,"6179","7192100336","TOMBSTONE",0,0,0,5
7.19,7.19,40660,"6179","7192100336","TOMBSTONE",0,0,0,3
5.8,5.8,40849,"6179","7192100336","TOMBSTONE",0,0,0,4
6.99,4.99,40205,"6179","7192100336","TOMBSTONE",0,1,0,15
7.19,7.19,40646,"6179","7192100336","TOMBSTONE",0,0,0,1
7.49,7.49,40016,"6179","7192100336","TOMBSTONE",0,0,0,2
6.99,4.47,40261,"6179","7192100336","TOMBSTONE",1,1,0,36
6.99,5.5,40506,"6179","7192100336","TOMBSTONE",0,1,0,4
5.8,5.8,40835,"6179","7192100336","TOMBSTONE",0,0,0,4
6.29,6.29,39862,"6179","7192100336","TOMBSTONE",0,0,0,7
6.79,6.79,39953,"15763","7218063052","TONYS",0,0,0,9
7.49,4.76,40681,"15763","7218063052","TONYS",1,1,0,15
7.49,5.99,40828,"15763","7218063052","TONYS",0,1,0,2
7.29,7.29,40429,"15763","7218063052","TONYS",0,0,0,3
6.79,6.79,39946,"15763","7218063052","TONYS",0,0,0,2
6.49,6.49,40093,"15763","7218063052","TONYS",0,0,0,2
7.49,7.49,40884,"15763","7218063052","TONYS",0,0,0,2
6.79,6.79,39960,"15763","7218063052","TONYS",0,0,0,4
7.29,7.29,40506,"15763","7218063052","TONYS",0,0,0,1
6.79,5.49,40009,"15763","7218063052","TONYS",0,0,1,4
6.49,6.49,40317,"15763","7218063052","TONYS",0,0,0,1
6.49,4.99,40100,"10019","7218063052","TONYS",0,0,1,2
6.49,6.49,40233,"10019","7218063052","TONYS",0,0,0,1
6.49,6.49,40142,"10019","7218063052","TONYS",0,0,0,1
6.49,6.49,40226,"10019","7218063052","TONYS",0,0,0,1
7.49,4.66,40681,"10019","7218063052","TONYS",0,1,0,3
6.49,5.29,40359,"10019","7218063052","TONYS",0,0,1,2
7.29,7.29,40436,"10019","7218063052","TONYS",0,0,0,3
6.79,6.79,39925,"10019","7218063052","TONYS",0,0,0,1
6.99,6.99,40898,"10019","7218063052","TONYS",0,0,0,3
3.66,3.66,40765,"11993","1111087396","PRIVATE LABEL",0,0,0,9
3.27,3.27,39883,"11993","1111087396","PRIVATE LABEL",0,0,0,10
2.99,2.97,40177,"11993","1111087396","PRIVATE LABEL",0,1,0,15
3.23,3.23,40380,"11993","1111087396","PRIVATE LABEL",0,0,0,12
3.3,3.3,40639,"11993","1111087396","PRIVATE LABEL",0,0,0,8
3.34,3.34,40352,"11993","1111087396","PRIVATE LABEL",0,0,0,8
3.32,3.32,39932,"11993","1111087396","PRIVATE LABEL",0,0,0,26
3.3,3.3,40149,"11993","1111087396","PRIVATE LABEL",0,0,0,9
3.65,3.65,40821,"11993","1111087396","PRIVATE LABEL",0,0,0,9
3.34,3.34,40247,"11993","1111087396","PRIVATE LABEL",0,0,0,6
3.29,3.29,40422,"11993","1111087396","PRIVATE LABEL",0,0,0,7
4.79,4.79,40296,"23061","1111087395","PRIVATE LABEL",1,0,0,13
3.73,3.73,40898,"23061","1111087395","PRIVATE LABEL",0,0,0,9
3.91,3.91,40884,"23061","1111087395","PRIVATE LABEL",0,0,0,14
4.59,2.96,40184,"23061","1111087395","PRIVATE LABEL",0,1,0,29
3.9,3.9,40772,"23061","1111087395","PRIVATE LABEL",0,0,0,6
4.79,3.77,40275,"23061","1111087395","PRIVATE LABEL",1,0,0,17
4,3.28,40457,"23061","1111087395","PRIVATE LABEL",0,0,1,11
3.95,3.95,40835,"23061","1111087395","PRIVATE LABEL",0,0,0,11
4,4,40023,"23061","1111087395","PRIVATE LABEL",0,0,0,4
4,4,40009,"23061","1111087395","PRIVATE LABEL",0,0,0,3
4.79,4.79,40352,"23061","1111087395","PRIVATE LABEL",0,0,0,3
6.89,5.06,40107,"25021","7218063052","TONYS",0,1,0,29
7.49,7.49,40835,"25021","7218063052","TONYS",0,0,0,2
7.09,7.09,40667,"25021","7218063052","TONYS",0,0,0,4
7.09,7.09,40625,"25021","7218063052","TONYS",0,0,0,2
6.38,5.08,40051,"25021","7218063052","TONYS",1,1,0,16
6.38,6.38,40023,"25021","7218063052","TONYS",0,0,0,5
6.38,4.99,40058,"25021","7218063052","TONYS",0,0,1,22
6.89,6.89,40534,"25021","7218063052","TONYS",0,0,0,3
6.89,4.49,39890,"25021","7218063052","TONYS",0,1,0,38
6.59,4.99,39960,"4489","7192100336","TOMBSTONE",0,1,0,4
5.27,5.27,40849,"4489","7192100336","TOMBSTONE",0,0,0,6
6.59,6.59,39988,"4489","7192100336","TOMBSTONE",0,0,0,2
6.59,4.77,40611,"4489","7192100336","TOMBSTONE",0,1,0,16
6.59,4.99,40002,"4489","7192100336","TOMBSTONE",0,1,0,7
6.59,6.59,40065,"4489","7192100336","TOMBSTONE",0,0,0,5
5.49,5.49,40800,"4489","7192100336","TOMBSTONE",0,0,0,12
6.59,5.49,40135,"4489","7192100336","TOMBSTONE",0,1,0,5
6.79,6.79,40660,"4489","7192100336","TOMBSTONE",0,0,0,9
6.59,6.59,40156,"4489","7192100336","TOMBSTONE",0,0,0,10
6.59,6.59,40296,"4489","7192100336","TOMBSTONE",0,0,0,3
5.27,5.27,40884,"4489","7192100336","TOMBSTONE",0,0,0,6
6.59,6.59,40317,"4489","7192100336","TOMBSTONE",0,0,0,5
6.59,6.59,40240,"4489","7192100336","TOMBSTONE",0,0,0,2
6.59,6.59,40128,"4489","7192100336","TOMBSTONE",0,0,0,5
3.95,3.28,39925,"4259","1111087398","PRIVATE LABEL",0,0,1,38
4.56,4.56,40086,"4259","1111087398","PRIVATE LABEL",0,0,0,3
3.97,3.97,40779,"4259","1111087398","PRIVATE LABEL",0,0,0,15
5.17,3.98,40716,"4259","1111087398","PRIVATE LABEL",0,0,1,19
4.03,4.03,40863,"4259","1111087398","PRIVATE LABEL",0,0,0,27
5.17,4,40709,"4259","1111087398","PRIVATE LABEL",0,0,1,22
3.89,3.27,40464,"4259","1111087398","PRIVATE LABEL",0,0,1,36
5.17,3.44,40737,"4259","1111087398","PRIVATE LABEL",1,0,0,44
4.76,4.76,40303,"4259","1111087398","PRIVATE LABEL",0,0,0,15
3.28,3.28,39848,"4259","1111087398","PRIVATE LABEL",0,0,0,48
4.75,4.75,40156,"4259","1111087398","PRIVATE LABEL",0,0,0,14
4.79,4.79,40352,"4259","1111087398","PRIVATE LABEL",0,0,0,6
5.17,3.47,40723,"4259","1111087398","PRIVATE LABEL",1,1,0,43
3.25,3.25,40520,"4259","1111087398","PRIVATE LABEL",0,0,0,33
7.49,7.49,40842,"4245","7218063979","TONYS",0,0,0,3
7.09,7.09,40695,"4245","7218063979","TONYS",0,0,0,4
6.38,6.38,40177,"4245","7218063979","TONYS",0,0,0,7
7.49,7.49,40898,"4245","7218063979","TONYS",1,0,0,3
6.38,6.38,40114,"4245","7218063979","TONYS",0,0,0,5
6.38,3.99,40191,"4245","7218063979","TONYS",1,1,0,78
6.27,6.27,40247,"4245","7218063979","TONYS",1,0,0,3
7.49,7.49,40849,"4245","7218063979","TONYS",0,0,0,1
6.38,6.38,39946,"4245","7218063979","TONYS",1,0,0,5
6.59,5.64,40800,"28909","7192100339","TOMBSTONE",0,0,1,39
6.99,6.99,40527,"28909","7192100339","TOMBSTONE",0,0,0,16
6.99,4.77,40618,"28909","7192100339","TOMBSTONE",1,1,0,111
6.99,6.99,40198,"28909","7192100339","TOMBSTONE",0,0,0,14
6.99,4.99,40205,"28909","7192100339","TOMBSTONE",1,1,0,70
6.99,4.99,40429,"28909","7192100339","TOMBSTONE",1,0,0,50
6.59,4.73,40807,"28909","7192100339","TOMBSTONE",1,1,0,111
6.62,6.62,40688,"28909","7192100339","TOMBSTONE",0,0,0,21
6.99,6.99,40128,"387","7192100337","TOMBSTONE",0,0,0,16
6.99,5.5,40506,"387","7192100337","TOMBSTONE",1,1,0,28
6.99,4.99,40205,"387","7192100337","TOMBSTONE",1,1,0,63
6.59,6.59,40751,"387","7192100337","TOMBSTONE",0,0,0,8
6.99,4.88,40373,"387","7192100337","TOMBSTONE",1,1,0,41
6.99,6.99,40394,"387","7192100337","TOMBSTONE",0,0,0,4
5.8,5.8,40842,"387","7192100337","TOMBSTONE",0,0,0,16
7.19,4.77,40611,"387","7192100337","TOMBSTONE",0,1,0,65
6.99,6.99,40303,"387","7192100337","TOMBSTONE",0,0,0,10
3.28,2.96,40576,"13837","1111087398","PRIVATE LABEL",1,0,0,24
3.95,3.24,40366,"13837","1111087398","PRIVATE LABEL",1,0,0,45
3.95,3.25,40086,"13837","1111087398","PRIVATE LABEL",1,0,0,38
3.95,3.29,40296,"13837","1111087398","PRIVATE LABEL",1,0,0,39
3.28,2.92,40562,"13837","1111087398","PRIVATE LABEL",1,0,0,46
3.28,3.31,40618,"13837","1111087398","PRIVATE LABEL",1,0,0,23
3.53,3.53,40709,"13837","1111087398","PRIVATE LABEL",0,0,0,15
3.95,3.25,39988,"13837","1111087398","PRIVATE LABEL",1,0,0,34
3.21,3.21,40702,"13837","1111087398","PRIVATE LABEL",0,0,0,16
3.95,3.3,40387,"13837","1111087398","PRIVATE LABEL",1,0,0,42
3.28,2.9,40534,"13837","1111087398","PRIVATE LABEL",0,0,1,23
4,4,40023,"21213","1111087396","PRIVATE LABEL",0,0,0,1
5.29,3.87,40688,"21213","1111087396","PRIVATE LABEL",0,0,1,3
3.9,3.9,39897,"21213","1111087396","PRIVATE LABEL",0,0,0,4
3.83,3.83,40779,"21213","1111087396","PRIVATE LABEL",0,0,0,6
4,4,40016,"21213","1111087396","PRIVATE LABEL",0,0,0,1
4.89,2.9,40191,"21213","1111087396","PRIVATE LABEL",0,0,1,37
4.55,3.8,40415,"21213","1111087396","PRIVATE LABEL",0,0,1,6
3.9,3.9,40870,"21213","1111087396","PRIVATE LABEL",0,0,0,12
6.89,6.89,40555,"21221","7218063052","TONYS",0,0,0,6
5.79,5.79,40366,"21221","7218063052","TONYS",0,0,0,2
6.89,6.89,40464,"21221","7218063052","TONYS",0,0,0,3
7.49,4.92,40863,"21221","7218063052","TONYS",0,1,0,8
7.49,7.49,40898,"21221","7218063052","TONYS",0,0,0,1
7.09,7.09,40667,"21221","7218063052","TONYS",0,0,0,4
7.09,7.09,40646,"21221","7218063052","TONYS",0,0,0,5
6.38,6.38,40177,"21221","7218063052","TONYS",0,0,0,2
6.59,4.85,40814,"23055","7192100336","TOMBSTONE",0,1,0,9
5.8,5.8,40849,"23055","7192100336","TOMBSTONE",0,0,0,6
6.59,5.64,40793,"23055","7192100336","TOMBSTONE",0,0,1,5
6.99,6.99,40492,"23055","7192100336","TOMBSTONE",0,0,0,5
6.99,6.99,40170,"23055","7192100336","TOMBSTONE",0,0,0,12
6.99,4.99,40205,"23055","7192100336","TOMBSTONE",0,1,0,6
6.99,6.99,40590,"23055","7192100336","TOMBSTONE",0,0,0,11
6.99,4.47,40079,"23055","7192100336","TOMBSTONE",0,1,0,13
6.29,6.29,39953,"23055","7192100336","TOMBSTONE",0,0,0,4
6.99,6.99,40387,"23055","7192100336","TOMBSTONE",0,0,0,4
6.99,6.99,40275,"23055","7192100336","TOMBSTONE",0,0,0,3
5.64,5.64,40828,"23055","7192100336","TOMBSTONE",0,0,0,7
6.59,6.59,40751,"23055","7192100336","TOMBSTONE",0,0,0,2
6.99,4.47,40247,"23055","7192100336","TOMBSTONE",0,1,0,23
4.79,4.02,40408,"25027","1111087396","PRIVATE LABEL",0,0,1,18
4,4,40751,"25027","1111087396","PRIVATE LABEL",0,0,0,10
3.9,3.23,40478,"25027","1111087396","PRIVATE LABEL",0,0,1,18
3.87,3.87,40891,"25027","1111087396","PRIVATE LABEL",0,0,0,17
3.93,3.93,39862,"25027","1111087396","PRIVATE LABEL",0,0,0,18
4,4,40030,"25027","1111087396","PRIVATE LABEL",0,0,0,5
3.9,3.9,40835,"25027","1111087396","PRIVATE LABEL",0,0,0,10
5.29,3.66,40625,"25027","1111087396","PRIVATE LABEL",0,0,1,15
