grocery-store-data.csv
"BASE_PRICE","PRICE","WEEK_END_DATE","STORE_NUM","UPC","MANUFACTURER","DISPLAY","FEATURE","TPR_ONLY","UNITS"
5.64,5.64,40821,"4245","7192100337","TOMBSTONE",0,0,0,18
7.49,4.49,40086,"4245","7192100337","TOMBSTONE",1,1,0,102
6.59,6.59,40751,"4245","7192100337","TOMBSTONE",1,0,0,10
6.59,4.73,40807,"4245","7192100337","TOMBSTONE",0,1,0,66
6.99,4.5,40268,"4245","7192100337","TOMBSTONE",1,1,0,88
7.19,6.89,40681,"4245","7192100337","TOMBSTONE",1,0,0,10
6.49,6.49,40891,"4245","7192100337","TOMBSTONE",0,0,0,8
6.99,4.77,40373,"4245","7192100337","TOMBSTONE",1,1,0,57
6.71,6.99,40331,"4245","7192100337","TOMBSTONE",1,0,0,1
6.59,4.99,40737,"4245","7192100337","TOMBSTONE",1,1,0,44
6.59,5.64,40786,"4245","7192100337","TOMBSTONE",0,0,1,14
6.59,4.99,40730,"4245","7192100337","TOMBSTONE",1,1,0,49
6.59,6.59,40324,"2541","7192100339","TOMBSTONE",0,0,0,7
5.99,5.86,39911,"2541","7192100339","TOMBSTONE",0,1,0,3
6.72,5.27,40709,"2541","7192100339","TOMBSTONE",0,1,0,15
6.29,5.99,39827,"2541","7192100339","TOMBSTONE",0,1,0,2
6.59,4.77,40443,"2541","7192100339","TOMBSTONE",0,1,0,15
6.72,5.27,40702,"2541","7192100339","TOMBSTONE",0,1,0,10
5.99,5.99,39883,"2541","7192100339","TOMBSTONE",0,0,0,8
5.64,5.64,40793,"2541","7192100339","TOMBSTONE",0,0,0,10
6.59,5.5,40506,"2541","7192100339","TOMBSTONE",0,1,0,5
6.59,6.59,40289,"2541","7192100339","TOMBSTONE",0,0,0,7
5.8,5.54,40870,"2541","7192100339","TOMBSTONE",0,1,0,8
5.8,5.8,40856,"15531","7192100339","TOMBSTONE",0,0,0,6
7.49,7.49,40058,"15531","7192100339","TOMBSTONE",0,0,0,6
6.29,4.99,40009,"15531","7192100339","TOMBSTONE",1,1,0,40
6.99,6.99,40303,"15531","7192100339","TOMBSTONE",0,0,0,8
6.99,6.99,40590,"15531","7192100339","TOMBSTONE",0,0,0,7
6.99,4.99,40576,"15531","7192100339","TOMBSTONE",1,0,0,43
5.99,5.99,39897,"15531","7192100339","TOMBSTONE",0,0,0,19
6.99,5.02,40583,"15531","7192100339","TOMBSTONE",1,1,0,79
6.99,6.99,40359,"15531","7192100339","TOMBSTONE",0,0,0,4
6.29,6.29,39946,"15531","7192100339","TOMBSTONE",0,0,0,5
6.59,4.99,40737,"15531","7192100339","TOMBSTONE",1,1,0,45
3.28,2.95,40177,"8263","1111087398","PRIVATE LABEL",1,1,0,16
3.79,3.79,40828,"8263","1111087398","PRIVATE LABEL",0,0,0,4
3.29,3.29,40604,"8263","1111087398","PRIVATE LABEL",0,0,0,13
3.33,3.33,40065,"8263","1111087398","PRIVATE LABEL",0,0,0,8
3.27,3.27,40695,"8263","1111087398","PRIVATE LABEL",0,0,0,10
3.76,3.76,40758,"8263","1111087398","PRIVATE LABEL",0,0,0,12
3.09,3.09,40058,"8263","1111087398","PRIVATE LABEL",0,0,0,11
3.5,3.5,40870,"8263","1111087398","PRIVATE LABEL",0,0,0,14
3.34,3.34,39841,"8263","1111087398","PRIVATE LABEL",0,0,0,5
3.28,3,40163,"8263","1111087398","PRIVATE LABEL",1,1,0,27
3.21,3.21,39981,"8263","1111087398","PRIVATE LABEL",0,0,0,5
3.74,3.17,40730,"8263","1111087398","PRIVATE LABEL",0,0,1,6
3.79,3.79,40786,"8263","1111087398","PRIVATE LABEL",0,0,0,4
3.28,3.28,40457,"8263","1111087398","PRIVATE LABEL",0,0,0,11
6.59,6.59,40541,"23349","7192100337","TOMBSTONE",0,0,0,4
5.62,5,40912,"23349","7192100337","TOMBSTONE",0,1,0,16
5.8,5.8,40863,"23349","7192100337","TOMBSTONE",0,0,0,9
6.39,6.39,39862,"23349","7192100337","TOMBSTONE",0,0,0,8
6.59,4.77,40618,"23349","7192100337","TOMBSTONE",1,1,0,26
6.59,4.99,40002,"23349","7192100337","TOMBSTONE",1,1,0,4
6.59,4.99,40408,"23349","7192100337","TOMBSTONE",1,1,0,18
6.59,6.59,40590,"23349","7192100337","TOMBSTONE",0,0,0,11
6.59,6.59,40107,"23349","7192100337","TOMBSTONE",1,0,0,9
6.59,6.59,40310,"23349","7192100337","TOMBSTONE",0,0,0,4
6.59,4.49,40471,"23349","7192100337","TOMBSTONE",1,1,0,36
6.59,4.47,40079,"23349","7192100337","TOMBSTONE",1,1,0,36
6.89,6.89,40534,"23061","7218063979","TONYS",0,0,0,7
6.38,6.38,39953,"23061","7218063979","TONYS",0,0,0,4
6.33,4.99,40240,"23061","7218063979","TONYS",0,1,0,27
7.49,7.49,40842,"23061","7218063979","TONYS",0,0,0,1
6.29,6.29,40352,"23061","7218063979","TONYS",0,0,0,2
5.79,5.79,40366,"23061","7218063979","TONYS",0,0,0,6
6.89,6.89,40072,"23061","7218063979","TONYS",0,0,0,3
7.09,4.6,40674,"23061","7218063979","TONYS",1,1,0,48
6.38,6.38,40170,"23061","7218063979","TONYS",0,0,0,5
5.79,5.79,40380,"23061","7218063979","TONYS",0,0,0,6
6.38,6.38,40037,"23061","7218063979","TONYS",0,0,0,1
2.92,3.25,40604,"17627","1111087398","PRIVATE LABEL",1,0,0,22
3.17,3.17,40359,"17627","1111087398","PRIVATE LABEL",0,0,0,16
3.2,3.21,40667,"17627","1111087398","PRIVATE LABEL",1,1,0,6
3.22,3.22,40401,"17627","1111087398","PRIVATE LABEL",0,0,0,10
3.2,3.2,40030,"17627","1111087398","PRIVATE LABEL",0,0,0,10
3.25,2.93,40534,"17627","1111087398","PRIVATE LABEL",1,0,0,15
3.26,3.28,39939,"17627","1111087398","PRIVATE LABEL",1,1,0,31
3.3,3.3,40464,"17627","1111087398","PRIVATE LABEL",0,0,0,11
3.39,3.39,40891,"17627","1111087398","PRIVATE LABEL",0,0,0,11
3.45,3.3,40912,"17627","1111087398","PRIVATE LABEL",1,1,0,32
3.31,3.31,39953,"17627","1111087398","PRIVATE LABEL",0,0,0,14
6.38,4.99,40058,"13609","7218063983","TONYS",1,0,0,7
6.38,6.38,40198,"13609","7218063983","TONYS",0,0,0,6
7.49,7.49,40849,"13609","7218063983","TONYS",0,0,0,1
6.46,6.46,39848,"13609","7218063983","TONYS",0,0,0,2
6.38,4.99,40107,"13609","7218063983","TONYS",0,1,0,17
6.89,4.48,40478,"13609","7218063983","TONYS",0,1,0,15
6.38,6.38,40030,"13609","7218063983","TONYS",0,0,0,2
7.09,7.09,40653,"13609","7218063983","TONYS",0,0,0,4
6.46,6.46,39841,"13609","7218063983","TONYS",0,0,0,1
6.89,6.89,40387,"13609","7218063983","TONYS",0,0,0,3
6.99,6.99,40394,"21221","7192100339","TOMBSTONE",0,0,0,6
6.59,6.59,40695,"21221","7192100339","TOMBSTONE",0,0,0,7
7.19,7.19,40653,"21221","7192100339","TOMBSTONE",0,0,0,8
7.49,7.49,40023,"21221","7192100339","TOMBSTONE",0,0,0,16
6.99,5.5,40513,"21221","7192100339","TOMBSTONE",0,1,0,21
6.69,6.69,39876,"21221","7192100339","TOMBSTONE",0,0,0,2
6.59,5.64,40828,"21221","7192100339","TOMBSTONE",0,0,1,19
6.99,6.99,40569,"21221","7192100339","TOMBSTONE",0,0,0,3
5.8,5.51,40870,"21221","7192100339","TOMBSTONE",1,1,0,35
6.99,6.99,40065,"21221","7192100339","TOMBSTONE",0,0,0,9
6.99,6.99,40114,"21221","7192100339","TOMBSTONE",1,0,0,13
6.59,5.64,40772,"8041","7192100339","TOMBSTONE",0,1,0,40
6.29,6.29,39974,"8041","7192100339","TOMBSTONE",0,0,0,7
6.59,6.59,40688,"8041","7192100339","TOMBSTONE",0,0,0,6
6.99,6.99,40569,"8041","7192100339","TOMBSTONE",0,0,0,4
6.29,5.59,39967,"8041","7192100339","TOMBSTONE",1,1,0,22
6.59,5.64,40800,"8041","7192100339","TOMBSTONE",0,0,1,19
6.59,5.64,40793,"8041","7192100339","TOMBSTONE",0,0,1,12
5.64,5.64,40828,"8041","7192100339","TOMBSTONE",0,0,0,18
6.46,6.29,39855,"8041","7192100339","TOMBSTONE",1,0,0,1
6.99,6.99,40478,"8041","7192100339","TOMBSTONE",0,0,0,8
6.99,6.99,40359,"8041","7192100339","TOMBSTONE",0,0,0,6
6.99,6.99,40499,"8041","7192100339","TOMBSTONE",0,0,0,7
6.99,4.99,40436,"8041","7192100339","TOMBSTONE",0,0,1,29
6.29,4.99,40009,"8041","7192100339","TOMBSTONE",1,1,0,25
6.99,6.99,40555,"8041","7192100339","TOMBSTONE",0,0,0,11
3.98,3.98,39904,"26973","1111087398","PRIVATE LABEL",0,0,0,24
3.9,3.9,40814,"26973","1111087398","PRIVATE LABEL",0,0,0,12
3.89,3.89,40891,"26973","1111087398","PRIVATE LABEL",0,0,0,20
3.97,3.97,39988,"26973","1111087398","PRIVATE LABEL",0,0,0,24
4.76,4.76,40072,"26973","1111087398","PRIVATE LABEL",0,0,0,11
5.29,3.93,40702,"26973","1111087398","PRIVATE LABEL",0,0,1,12
4.79,2.95,40184,"26973","1111087398","PRIVATE LABEL",1,1,0,88
3.91,3.91,40779,"26973","1111087398","PRIVATE LABEL",0,0,0,9
6.99,6.99,40296,"387","7192100339","TOMBSTONE",0,0,0,6
6.99,6.99,40569,"387","7192100339","TOMBSTONE",0,0,0,5
6.99,5.06,40422,"387","7192100339","TOMBSTONE",0,0,1,30
6.59,6.59,40716,"387","7192100339","TOMBSTONE",0,0,0,19
6.59,5.01,40730,"387","7192100339","TOMBSTONE",1,1,0,68
7.19,4.81,40632,"387","7192100339","TOMBSTONE",0,1,0,64
6.99,6.99,40548,"387","7192100339","TOMBSTONE",0,0,0,11
6.99,5.01,40583,"387","7192100339","TOMBSTONE",1,1,0,125
5.16,4,40695,"19265","1111087395","PRIVATE LABEL",0,0,1,13
4.64,4.64,40562,"19265","1111087395","PRIVATE LABEL",0,0,0,5
3.98,3.29,39848,"19265","1111087395","PRIVATE LABEL",0,0,1,43
4.77,2.94,40184,"19265","1111087395","PRIVATE LABEL",1,1,0,68
3.97,3.97,39876,"19265","1111087395","PRIVATE LABEL",0,0,0,12
5.07,5.07,40576,"19265","1111087395","PRIVATE LABEL",0,0,0,5
4,3.14,40464,"19265","1111087395","PRIVATE LABEL",0,0,1,13
4.65,4.65,40205,"19265","1111087395","PRIVATE LABEL",0,0,0,2
3.28,3.28,40506,"19265","1111087395","PRIVATE LABEL",0,0,0,19
4.89,4.89,40121,"19265","1111087395","PRIVATE LABEL",0,0,0,3
4.89,4.89,40114,"19265","1111087395","PRIVATE LABEL",0,0,0,10
6.59,4.77,40611,"21485","7192100339","TOMBSTONE",1,1,0,26
6.59,4.99,40415,"21485","7192100339","TOMBSTONE",1,1,0,25
6.59,4.47,40100,"21485","7192100339","TOMBSTONE",0,0,1,9
6.11,4.99,39960,"21485","7192100339","TOMBSTONE",0,1,0,9
6.59,4.99,40205,"21485","7192100339","TOMBSTONE",0,1,0,20
6.59,4.68,40639,"21485","7192100339","TOMBSTONE",0,1,0,9
6.59,6.59,40114,"21485","7192100339","TOMBSTONE",0,0,0,3
6.59,6.59,40016,"21485","7192100339","TOMBSTONE",0,0,0,12
6.59,6.59,40023,"21485","7192100339","TOMBSTONE",0,0,0,7
5.99,5.99,39883,"21485","7192100339","TOMBSTONE",0,0,0,6
6.49,6.49,40345,"8263","7218063979","TONYS",0,0,0,2
6.79,6.79,39848,"8263","7218063979","TONYS",0,0,0,1
7.17,4.99,40058,"8263","7218063979","TONYS",0,0,1,2
7.49,7.49,40884,"8263","7218063979","TONYS",0,0,0,1
6.49,3.99,40184,"8263","7218063979","TONYS",1,1,0,27
6.79,4.49,39897,"8263","7218063979","TONYS",1,1,0,12
7.29,7.29,40541,"8263","7218063979","TONYS",0,0,0,1
6.49,4.99,40303,"8263","7218063979","TONYS",1,1,0,15
7.29,4.99,40569,"8263","7218063979","TONYS",1,1,0,4
6.59,4.55,40100,"4503","7192100339","TOMBSTONE",0,0,1,52
5.8,5.5,40870,"4503","7192100339","TOMBSTONE",1,1,0,41
6.59,5.03,40583,"4503","7192100339","TOMBSTONE",1,1,0,87
6.59,6.59,40310,"4503","7192100339","TOMBSTONE",0,0,0,11
5.64,5.64,40793,"4503","7192100339","TOMBSTONE",0,0,0,22
6.59,4.77,40625,"4503","7192100339","TOMBSTONE",1,1,0,40
5.64,5.64,40828,"4503","7192100339","TOMBSTONE",0,0,0,28
6.59,6.59,40590,"4503","7192100339","TOMBSTONE",0,0,0,10
6.59,6.59,40128,"4503","7192100339","TOMBSTONE",0,0,0,15
6.59,6.59,40198,"4503","7192100339","TOMBSTONE",0,0,0,24
6.59,6.59,39953,"4503","7192100339","TOMBSTONE",0,0,0,17
6.59,4.54,40093,"4503","7192100339","TOMBSTONE",1,0,0,63
6.59,6.59,40023,"25229","7192100337","TOMBSTONE",0,0,0,15
6.59,4.99,40415,"25229","7192100337","TOMBSTONE",1,1,0,59
6.59,5.03,39960,"25229","7192100337","TOMBSTONE",1,1,0,36
6.59,6.59,40401,"25229","7192100337","TOMBSTONE",0,0,0,8
5.27,5.27,40877,"25229","7192100337","TOMBSTONE",0,1,0,13
6.59,6.59,39953,"25229","7192100337","TOMBSTONE",1,0,0,17
6.59,6.59,39946,"25229","7192100337","TOMBSTONE",0,0,0,11
6.59,6.59,39995,"25229","7192100337","TOMBSTONE",0,0,0,14
6.79,5.27,40695,"25229","7192100337","TOMBSTONE",0,0,1,8
6.41,6.41,40016,"25229","7192100337","TOMBSTONE",0,0,0,18
6.79,6.79,40674,"25229","7192100337","TOMBSTONE",0,0,0,4
6.59,6.59,39988,"25229","7192100337","TOMBSTONE",0,0,0,16
6.59,4.49,40471,"25229","7192100337","TOMBSTONE",0,1,0,43
6.59,6.59,40590,"23345","7192100336","TOMBSTONE",0,0,0,6
6.59,4.47,40247,"23345","7192100336","TOMBSTONE",1,1,0,19
6.59,4.99,40436,"23345","7192100336","TOMBSTONE",1,0,0,17
6.59,6.59,40296,"23345","7192100336","TOMBSTONE",0,0,0,5
5.8,5.8,40856,"23345","7192100336","TOMBSTONE",0,0,0,7
5.8,5,40912,"23345","7192100336","TOMBSTONE",1,1,0,10
6.59,6.59,39932,"23345","7192100336","TOMBSTONE",0,0,0,3
6.59,6.59,40282,"23345","7192100336","TOMBSTONE",0,0,0,5
6.59,5.09,40457,"23345","7192100336","TOMBSTONE",0,0,1,16
6.59,6.59,40072,"23345","7192100336","TOMBSTONE",0,0,0,8
5.8,5.8,40905,"23345","7192100336","TOMBSTONE",0,0,0,4
6.59,6.59,40065,"23345","7192100336","TOMBSTONE",0,0,0,5
6.99,4.99,40422,"2279","7192100337","TOMBSTONE",0,0,1,13
6.99,5.05,40345,"2279","7192100337","TOMBSTONE",1,1,0,31
6.99,5.5,40506,"2279","7192100337","TOMBSTONE",0,1,0,18
6.99,6.99,40198,"2279","7192100337","TOMBSTONE",0,0,0,12
6.99,6.99,40177,"2279","7192100337","TOMBSTONE",0,0,0,9
7.49,7.49,40030,"2279","7192100337","TOMBSTONE",0,0,0,6
6.29,6.29,39981,"2279","7192100337","TOMBSTONE",0,0,0,11
6.99,4.84,40373,"2279","7192100337","TOMBSTONE",1,1,0,33
7.34,7.34,40051,"2279","7192100337","TOMBSTONE",0,0,0,5
6.99,6.99,40121,"2279","7192100337","TOMBSTONE",0,0,0,13
6.99,6.99,40184,"15547","7192100339","TOMBSTONE",0,0,0,11
6.59,4.99,40737,"15547","7192100339","TOMBSTONE",1,1,0,22
6.99,6.99,40191,"15547","7192100339","TOMBSTONE",0,0,0,19
6.46,4.99,40009,"15547","7192100339","TOMBSTONE",0,1,0,33
6.29,6.29,39855,"15547","7192100339","TOMBSTONE",0,0,0,10
6.99,4.56,40100,"15547","7192100339","TOMBSTONE",0,0,1,55
6.99,4.99,40142,"15547","7192100339","TOMBSTONE",0,0,1,36
6.99,6.99,40072,"15547","7192100339","TOMBSTONE",0,0,0,8
6.37,6.37,39988,"15547","7192100339","TOMBSTONE",0,0,0,15
6.99,6.99,40303,"15547","7192100339","TOMBSTONE",0,0,0,20
6.49,6.49,40093,"613","7218063979","TONYS",0,0,0,8
6.05,5.29,40373,"613","7218063979","TONYS",0,0,1,3
6.79,6.79,39981,"613","7218063979","TONYS",0,0,0,11
6.79,6.79,39960,"613","7218063979","TONYS",0,0,0,4
6.79,6.79,39953,"613","7218063979","TONYS",0,0,0,5
6.49,6.49,40170,"613","7218063979","TONYS",0,0,0,5
6.79,6.79,39967,"613","7218063979","TONYS",0,0,0,2
7.29,4.99,40562,"613","7218063979","TONYS",1,1,0,22
6.49,6.49,40177,"613","7218063979","TONYS",0,0,0,7
3.5,3.5,40891,"17627","1111087396","PRIVATE LABEL",0,0,0,3
3.53,3.53,40905,"17627","1111087396","PRIVATE LABEL",0,0,0,7
3.23,3.23,40366,"17627","1111087396","PRIVATE LABEL",0,0,0,13
3.27,3.27,40478,"17627","1111087396","PRIVATE LABEL",0,0,0,5
3.3,3.3,40100,"17627","1111087396","PRIVATE LABEL",0,0,0,9
3.21,2.76,40282,"17627","1111087396","PRIVATE LABEL",0,0,1,6
3.34,3.34,40023,"17627","1111087396","PRIVATE LABEL",0,0,0,15
3.23,3.23,40471,"17627","1111087396","PRIVATE LABEL",0,0,0,6
3.34,3.34,40443,"17627","1111087396","PRIVATE LABEL",0,0,0,6
2.98,2.98,40576,"23327","1111087395","PRIVATE LABEL",0,0,0,18
3.27,3.27,40268,"23327","1111087395","PRIVATE LABEL",0,0,0,20
3.3,3.3,40485,"23327","1111087395","PRIVATE LABEL",0,0,0,9
3.27,3.27,40275,"23327","1111087395","PRIVATE LABEL",0,0,0,24
3.25,3.25,40373,"23327","1111087395","PRIVATE LABEL",0,0,0,19
3.31,3.31,40135,"23327","1111087395","PRIVATE LABEL",0,0,0,11
3.2,3.2,40681,"23327","1111087395","PRIVATE LABEL",0,0,0,17
3.18,3.18,40492,"23327","1111087395","PRIVATE LABEL",0,0,0,12
6.99,6.99,40485,"23055","7192100337","TOMBSTONE",0,0,0,5
6.99,4.47,40086,"23055","7192100337","TOMBSTONE",0,1,0,23
6.18,6.18,39890,"23055","7192100337","TOMBSTONE",0,0,0,8
5.99,5.99,39883,"23055","7192100337","TOMBSTONE",0,0,0,17
6.99,6.99,40310,"23055","7192100337","TOMBSTONE",0,0,0,3
6.29,6.29,39981,"23055","7192100337","TOMBSTONE",0,0,0,14
5.99,5.49,39911,"23055","7192100337","TOMBSTONE",0,1,0,14
6.99,6.99,40359,"23055","7192100337","TOMBSTONE",0,0,0,2
6.99,4.99,40576,"23055","7192100337","TOMBSTONE",0,0,1,15
3.99,3.27,39876,"13837","1111087395","PRIVATE LABEL",1,0,0,35
3.68,3.68,40758,"13837","1111087395","PRIVATE LABEL",0,0,0,14
3.99,3.3,40037,"13837","1111087395","PRIVATE LABEL",1,0,0,35
3.25,2.89,40583,"13837","1111087395","PRIVATE LABEL",1,0,0,28
3.99,3.27,40030,"13837","1111087395","PRIVATE LABEL",1,0,0,40
3.73,3.19,40737,"13837","1111087395","PRIVATE LABEL",0,0,1,26
3.7,3.7,40835,"13837","1111087395","PRIVATE LABEL",0,0,0,8
3.25,2.9,40548,"13837","1111087395","PRIVATE LABEL",1,0,0,29
3.99,3.28,40261,"13837","1111087395","PRIVATE LABEL",1,0,0,17
6.29,6.29,39869,"11757","7192100337","TOMBSTONE",0,0,0,12
6.99,5.04,40576,"11757","7192100337","TOMBSTONE",1,0,0,39
6.99,4.77,40443,"11757","7192100337","TOMBSTONE",1,1,0,22
6.99,4.99,40422,"11757","7192100337","TOMBSTONE",0,0,1,15
5.8,5.8,40835,"11757","7192100337","TOMBSTONE",0,0,0,11
6.99,6.99,40191,"11757","7192100337","TOMBSTONE",0,0,0,6
6.59,4.71,40807,"11757","7192100337","TOMBSTONE",0,1,0,46
6.99,4.77,40373,"11757","7192100337","TOMBSTONE",0,1,0,17
6.99,4.68,40149,"11757","7192100337","TOMBSTONE",1,0,0,22
6.81,6.81,40065,"2513","7218063052","TONYS",0,0,0,5
6.49,6.49,40093,"2513","7218063052","TONYS",0,0,0,6
6.79,6.79,39967,"2513","7218063052","TONYS",0,0,0,4
6.49,6.49,40394,"2513","7218063052","TONYS",0,0,0,4
6.79,4.56,39890,"2513","7218063052","TONYS",0,1,0,39
6.42,6.42,39988,"2513","7218063052","TONYS",0,0,0,14
7.49,7.49,40849,"2513","7218063052","TONYS",0,0,0,7
6.59,6.59,40534,"2513","7218063052","TONYS",0,0,0,4
6.49,6.49,40205,"2513","7218063052","TONYS",0,0,0,6
7.49,7.49,40814,"2513","7218063052","TONYS",0,0,0,4
5.8,5.8,40856,"8041","7192100337","TOMBSTONE",0,0,0,7
7.19,7.19,40660,"8041","7192100337","TOMBSTONE",0,0,0,4
6.29,6.27,39841,"8041","7192100337","TOMBSTONE",1,0,0,15
5.8,5.8,40898,"8041","7192100337","TOMBSTONE",0,0,0,14
6.99,6.99,40534,"8041","7192100337","TOMBSTONE",0,0,0,9
6.29,5.99,39834,"8041","7192100337","TOMBSTONE",1,1,0,17
6.99,5.5,40513,"8041","7192100337","TOMBSTONE",1,1,0,7
6.99,6.99,40310,"8041","7192100337","TOMBSTONE",0,0,0,4
5.99,5.99,39890,"8041","7192100337","TOMBSTONE",0,0,0,13
6.99,4.52,40079,"8041","7192100337","TOMBSTONE",0,1,0,52
6.99,6.99,40527,"8041","7192100337","TOMBSTONE",0,0,0,13
5.99,5.99,40422,"23075","2066200531","KING",0,0,0,4
6.09,6.09,40828,"23075","2066200531","KING",0,0,0,6
5.99,5.99,40345,"23075","2066200531","KING",0,0,0,7
6.09,6.09,40814,"23075","2066200531","KING",0,0,0,1
5.99,5.99,40450,"23075","2066200531","KING",0,0,0,9
5.99,5.99,40380,"23075","2066200531","KING",0,0,0,6
5.99,5.99,40751,"23075","2066200531","KING",0,0,0,5
6.49,4.89,40723,"23075","2066200531","KING",0,0,1,10
6.09,6.09,40821,"23075","2066200531","KING",0,0,0,8
6.59,5.64,40786,"387","7192100336","TOMBSTONE",0,0,1,10
6.59,5.64,40772,"387","7192100336","TOMBSTONE",1,1,0,22
5.8,5.48,40870,"387","7192100336","TOMBSTONE",1,1,0,27
6.99,4.99,40352,"387","7192100336","TOMBSTONE",1,1,0,18
6.99,6.99,40226,"387","7192100336","TOMBSTONE",0,0,0,4
6.99,4.47,40268,"387","7192100336","TOMBSTONE",1,1,0,35
6.99,4.53,40079,"387","7192100336","TOMBSTONE",1,1,0,42
6.99,6.99,40366,"387","7192100336","TOMBSTONE",0,0,0,2
6.99,6.99,40331,"387","7192100336","TOMBSTONE",0,0,0,7
