grocery-store-data.csv
"BASE_PRICE","PRICE","WEEK_END_DATE","STORE_NUM","UPC","MANUFACTURER","DISPLAY","FEATURE","TPR_ONLY","UNITS"
6.59,6.59,40324,"11993","7192100336","TOMBSTONE",0,0,0,4
5.8,5.5,40877,"11993","7192100336","TOMBSTONE",0,1,0,14
6.59,5.5,40506,"11993","7192100336","TOMBSTONE",1,1,0,6
5.78,5.78,40842,"11993","7192100336","TOMBSTONE",0,0,0,8
6.59,4.99,40576,"11993","7192100336","TOMBSTONE",1,0,0,25
5.64,5.64,40758,"11993","7192100336","TOMBSTONE",0,0,0,13
5.64,4.36,40814,"11993","7192100336","TOMBSTONE",1,1,0,31
6.59,6.59,40219,"11993","7192100336","TOMBSTONE",0,0,0,12
6.59,6.59,39939,"11993","7192100336","TOMBSTONE",0,0,0,2
5.64,5.64,40793,"11993","7192100336","TOMBSTONE",0,0,0,13
6.59,4.99,40429,"11993","7192100336","TOMBSTONE",0,0,1,8
6.59,6.59,40107,"11993","7192100336","TOMBSTONE",1,0,0,7
6.59,6.59,40212,"11993","7192100336","TOMBSTONE",0,0,0,7
3.34,3.34,39848,"27175","1111087396","PRIVATE LABEL",0,0,0,8
3.27,2.99,40177,"27175","1111087396","PRIVATE LABEL",1,1,0,14
3.34,3.34,40009,"27175","1111087396","PRIVATE LABEL",0,0,0,6
3.34,3.34,40443,"27175","1111087396","PRIVATE LABEL",0,0,0,2
3.15,3.15,40317,"27175","1111087396","PRIVATE LABEL",0,0,0,9
3.24,3.24,40471,"27175","1111087396","PRIVATE LABEL",0,0,0,7
3.21,2.67,40240,"27175","1111087396","PRIVATE LABEL",0,0,1,5
3.2,3.2,39981,"27175","1111087396","PRIVATE LABEL",0,0,0,10
3.28,3.28,40261,"27175","1111087396","PRIVATE LABEL",0,0,0,4
3.34,3.34,40198,"27175","1111087396","PRIVATE LABEL",0,0,0,7
2.99,2.99,40583,"27175","1111087396","PRIVATE LABEL",0,0,0,6
3.79,3.79,40821,"27175","1111087396","PRIVATE LABEL",0,0,0,2
3.34,3.34,40611,"27175","1111087396","PRIVATE LABEL",0,0,0,1
3.28,3.28,40058,"27175","1111087396","PRIVATE LABEL",0,0,0,6
3.17,3.17,40478,"27175","1111087396","PRIVATE LABEL",0,0,0,6
3.29,3.29,40401,"27175","1111087396","PRIVATE LABEL",0,0,0,8
3.17,3.17,40331,"27175","1111087396","PRIVATE LABEL",0,0,0,12
3.34,3.34,40639,"17615","1111087396","PRIVATE LABEL",0,0,0,7
3.25,3.25,40667,"17615","1111087396","PRIVATE LABEL",1,1,0,19
3.29,3.29,40002,"17615","1111087396","PRIVATE LABEL",0,0,0,8
3.03,3.03,40506,"17615","1111087396","PRIVATE LABEL",0,0,0,3
3.34,3.34,40107,"17615","1111087396","PRIVATE LABEL",0,0,0,5
3.34,3.34,39967,"17615","1111087396","PRIVATE LABEL",0,0,0,1
3.79,3.79,40716,"17615","1111087396","PRIVATE LABEL",0,0,0,3
3.33,3.33,39981,"17615","1111087396","PRIVATE LABEL",0,0,0,5
6.89,6.89,40492,"21237","7218063052","TONYS",0,0,0,6
6.38,6.38,40212,"21237","7218063052","TONYS",0,0,0,1
6.47,4.99,40107,"21237","7218063052","TONYS",1,1,0,59
6.1,6.1,40373,"21237","7218063052","TONYS",0,0,0,7
7.49,4.99,40863,"21237","7218063052","TONYS",0,1,0,23
6.99,5.11,40912,"21237","7218063052","TONYS",0,1,0,18
7.09,4.77,40674,"21237","7218063052","TONYS",1,1,0,54
6.89,6.89,40436,"21237","7218063052","TONYS",0,0,0,9
6.89,6.89,40499,"21237","7218063052","TONYS",0,0,0,7
6.38,6.38,40156,"21237","7218063052","TONYS",0,0,0,10
6.38,5.49,40009,"21237","7218063052","TONYS",0,0,1,12
6.38,6.38,40205,"21237","7218063052","TONYS",0,0,0,7
6.42,4.99,39855,"21237","7218063052","TONYS",1,1,0,52
4,4,40037,"4259","1111087395","PRIVATE LABEL",0,0,0,13
4.74,3.71,40387,"4259","1111087395","PRIVATE LABEL",0,0,1,7
4.89,4.89,40107,"4259","1111087395","PRIVATE LABEL",0,0,0,5
4.77,4.77,40310,"4259","1111087395","PRIVATE LABEL",0,0,0,22
4.79,4.79,40352,"4259","1111087395","PRIVATE LABEL",0,0,0,5
4,4,40814,"4259","1111087395","PRIVATE LABEL",0,0,0,10
5.29,3.69,40632,"4259","1111087395","PRIVATE LABEL",0,0,1,7
4.72,4.72,40331,"4259","1111087395","PRIVATE LABEL",0,0,0,7
3.98,3.22,39932,"4259","1111087395","PRIVATE LABEL",1,0,0,31
5.29,3.48,40625,"4259","1111087395","PRIVATE LABEL",0,0,1,9
5.04,3.38,40611,"26973","1111087396","PRIVATE LABEL",0,0,1,6
3.89,3.89,40828,"26973","1111087396","PRIVATE LABEL",0,0,0,11
3.96,3.96,40779,"26973","1111087396","PRIVATE LABEL",0,0,0,15
3.95,3.28,40912,"26973","1111087396","PRIVATE LABEL",0,1,0,11
4.89,2.93,40163,"26973","1111087396","PRIVATE LABEL",1,1,0,57
3.87,3.87,39911,"26973","1111087396","PRIVATE LABEL",0,0,0,6
4.74,4.74,40233,"26973","1111087396","PRIVATE LABEL",0,0,0,9
3.87,3.34,39925,"26973","1111087396","PRIVATE LABEL",0,0,1,14
3.87,3.31,39932,"26973","1111087396","PRIVATE LABEL",0,0,1,12
4.79,4.79,40366,"26973","1111087396","PRIVATE LABEL",0,0,0,11
5.8,5.8,40835,"8035","7192100337","TOMBSTONE",0,0,0,14
6.29,5.57,39960,"8035","7192100337","TOMBSTONE",0,1,0,8
7.19,7.19,40646,"8035","7192100337","TOMBSTONE",0,0,0,14
6.59,6.59,40695,"8035","7192100337","TOMBSTONE",0,0,0,10
6.99,6.99,40163,"8035","7192100337","TOMBSTONE",0,0,0,17
6.99,4.47,40079,"8035","7192100337","TOMBSTONE",0,1,0,20
6.99,6.99,40289,"8035","7192100337","TOMBSTONE",0,0,0,4
6.99,4.57,40471,"8035","7192100337","TOMBSTONE",0,1,0,30
6.29,6.29,39939,"8035","7192100337","TOMBSTONE",0,0,0,6
6.99,6.99,40156,"8035","7192100337","TOMBSTONE",0,0,0,14
6.99,6.99,40317,"8035","7192100337","TOMBSTONE",0,0,0,15
5.64,5.64,40828,"8035","7192100337","TOMBSTONE",0,0,0,16
7.49,7.49,40058,"8035","7192100337","TOMBSTONE",0,0,0,2
6.29,6.29,39995,"8035","7192100337","TOMBSTONE",0,0,0,6
2.99,2.99,40576,"11993","1111087395","PRIVATE LABEL",0,0,0,11
3.74,3.74,40800,"11993","1111087395","PRIVATE LABEL",0,0,0,6
3.31,3.31,40086,"11993","1111087395","PRIVATE LABEL",0,0,0,13
3.31,3.31,40443,"11993","1111087395","PRIVATE LABEL",0,0,0,12
3.27,3.27,40352,"11993","1111087395","PRIVATE LABEL",0,0,0,15
3.17,3.17,40499,"11993","1111087395","PRIVATE LABEL",0,0,0,12
3.32,3.32,40296,"11993","1111087395","PRIVATE LABEL",0,0,0,20
3.29,3.29,40065,"11993","1111087395","PRIVATE LABEL",0,0,0,7
3.3,3.29,39939,"11993","1111087395","PRIVATE LABEL",1,1,0,33
3.46,3.46,40870,"11993","1111087395","PRIVATE LABEL",0,0,0,9
6.38,5.49,39995,"25027","7218063979","TONYS",0,0,1,11
7.49,7.49,40884,"25027","7218063979","TONYS",0,0,0,4
7.49,7.49,40793,"25027","7218063979","TONYS",0,0,0,3
6.89,6.89,40065,"25027","7218063979","TONYS",0,0,0,3
7.49,7.49,40744,"25027","7218063979","TONYS",0,0,0,6
6.38,6.38,39974,"25027","7218063979","TONYS",0,0,0,14
5.79,5.79,40366,"25027","7218063979","TONYS",0,0,0,13
6.27,6.27,40233,"25027","7218063979","TONYS",0,0,0,12
6.38,6.38,40149,"25027","7218063979","TONYS",0,0,0,2
3.61,3.61,40709,"23349","1111087398","PRIVATE LABEL",0,0,0,11
3.31,3.31,40359,"23349","1111087398","PRIVATE LABEL",0,0,0,14
3.27,3.27,40492,"23349","1111087398","PRIVATE LABEL",0,0,0,15
3.25,3.25,40296,"23349","1111087398","PRIVATE LABEL",0,0,0,4
3.31,3.31,40485,"23349","1111087398","PRIVATE LABEL",0,0,0,16
3.27,3.27,40268,"23349","1111087398","PRIVATE LABEL",0,0,0,7
3.14,3.14,39848,"23349","1111087398","PRIVATE LABEL",0,0,0,10
2.94,3.29,40590,"23349","1111087398","PRIVATE LABEL",1,0,0,23
3.25,3.25,39862,"23349","1111087398","PRIVATE LABEL",0,0,0,19
7.49,7.49,40744,"25027","7218063983","TONYS",0,0,0,3
6.27,6.27,40247,"25027","7218063983","TONYS",0,0,0,10
6.89,6.89,40604,"25027","7218063983","TONYS",0,0,0,7
7.09,7.09,40660,"25027","7218063983","TONYS",0,0,0,4
7.09,4.77,40681,"25027","7218063983","TONYS",0,1,0,29
6.38,6.38,39939,"25027","7218063983","TONYS",0,0,0,2
6.89,6.89,40548,"25027","7218063983","TONYS",0,0,0,6
7.49,7.49,40772,"25027","7218063983","TONYS",1,0,0,8
6.89,4.49,39890,"25027","7218063983","TONYS",1,1,0,46
6.89,6.89,40072,"25027","7218063983","TONYS",0,0,0,10
6.29,6.29,40324,"25027","7218063983","TONYS",0,0,0,4
6.38,4.99,40107,"25027","7218063983","TONYS",0,1,0,21
6.89,4.69,40562,"25027","7218063983","TONYS",1,0,0,32
5.99,5.99,40681,"13837","2066200530","KING",0,0,0,4
5.99,5.99,40534,"13837","2066200530","KING",0,0,0,5
5.99,5.99,40632,"13837","2066200530","KING",0,0,0,4
6.49,6.49,40352,"13837","2066200530","KING",0,0,0,6
6.19,6.19,40765,"13837","2066200530","KING",0,0,0,4
6.49,6.49,40870,"13837","2066200530","KING",0,0,0,6
6.49,6.49,40254,"13837","2066200530","KING",0,0,0,1
6.49,6.49,40317,"13837","2066200530","KING",0,0,0,1
5.99,5.99,40492,"13837","2066200530","KING",0,0,0,6
6.59,4.78,40814,"21221","7192100337","TOMBSTONE",1,1,0,55
6.99,6.99,40177,"21221","7192100337","TOMBSTONE",0,0,0,5
6.99,6.99,40240,"21221","7192100337","TOMBSTONE",0,0,0,9
6.99,6.99,40275,"21221","7192100337","TOMBSTONE",1,0,0,11
5.99,5.99,39897,"21221","7192100337","TOMBSTONE",0,0,0,19
6.99,6.99,40359,"21221","7192100337","TOMBSTONE",0,0,0,7
6.99,4.98,40149,"21221","7192100337","TOMBSTONE",0,0,1,22
5.8,5.8,40898,"21221","7192100337","TOMBSTONE",0,0,0,15
6.99,6.99,40394,"21221","7192100337","TOMBSTONE",0,0,0,6
6.99,4.47,40268,"21221","7192100337","TOMBSTONE",0,1,0,43
6.29,5.99,39827,"21221","7192100337","TOMBSTONE",0,1,0,30
5.99,5.99,40569,"2495","2066200532","KING",0,0,0,5
6.49,6.49,40884,"2495","2066200532","KING",0,0,0,5
5.99,5.99,40485,"2495","2066200532","KING",0,0,0,1
5.99,5.99,40639,"2495","2066200532","KING",0,0,0,4
5.99,5.99,40597,"2495","2066200532","KING",0,0,0,6
5.99,5.99,40380,"2495","2066200532","KING",0,0,0,3
6.19,6.19,40751,"2495","2066200532","KING",0,0,0,5
6.49,6.49,40282,"2495","2066200532","KING",0,0,0,3
6.49,6.49,40282,"6431","7218063979","TONYS",0,0,0,7
6.49,6.49,40268,"6431","7218063979","TONYS",0,0,0,10
7.49,7.49,40653,"6431","7218063979","TONYS",0,0,0,2
7.29,7.29,40506,"6431","7218063979","TONYS",0,0,0,2
6.99,6.99,40905,"6431","7218063979","TONYS",0,0,0,3
7.29,7.29,40611,"6431","7218063979","TONYS",0,0,0,1
7.76,7.76,40716,"6431","7218063979","TONYS",0,0,0,3
7.29,7.29,40548,"6431","7218063979","TONYS",0,0,0,2
6.49,6.49,40177,"6431","7218063979","TONYS",0,0,0,1
6.65,6.65,40114,"6431","7218063979","TONYS",0,0,0,5
4.79,3.29,40604,"8041","1111087398","PRIVATE LABEL",0,0,1,27
3.23,3.28,40555,"8041","1111087398","PRIVATE LABEL",1,0,0,30
4.73,2.96,40184,"8041","1111087398","PRIVATE LABEL",1,1,0,54
4,4,39995,"8041","1111087398","PRIVATE LABEL",0,0,0,7
5.03,3.87,40702,"8041","1111087398","PRIVATE LABEL",0,0,1,3
4.79,4.79,40338,"8041","1111087398","PRIVATE LABEL",0,0,0,5
3.23,3.4,40541,"8041","1111087398","PRIVATE LABEL",1,0,0,21
4.67,4,40401,"8041","1111087398","PRIVATE LABEL",0,0,1,5
6.49,6.49,40310,"26981","2066200531","KING",0,0,0,1
5.99,5.99,40688,"26981","2066200531","KING",0,0,0,3
5.99,5.99,40597,"26981","2066200531","KING",0,0,0,5
5.99,5.99,40541,"26981","2066200531","KING",0,0,0,3
5.99,5.99,40548,"26981","2066200531","KING",0,0,0,3
6.49,4.49,40737,"26981","2066200531","KING",1,1,0,6
5.99,5.99,40660,"26981","2066200531","KING",0,0,0,4
5.99,5.99,40338,"26981","2066200531","KING",0,0,0,6
5.99,5.99,40632,"26981","2066200531","KING",0,0,0,1
5.99,5.99,40562,"26981","2066200531","KING",0,0,0,2
6.49,4.99,40303,"23349","7218063983","TONYS",1,1,0,6
6.49,6.49,40163,"23349","7218063983","TONYS",0,0,0,5
6.79,6.79,39841,"23349","7218063983","TONYS",0,0,0,2
6.79,5.64,39904,"23349","7218063983","TONYS",0,0,1,2
7.89,5.35,40758,"23349","7218063983","TONYS",0,1,0,8
6.79,4.99,39862,"23349","7218063983","TONYS",1,0,0,3
6.49,4.99,40275,"23349","7218063983","TONYS",1,1,0,6
7.29,6.49,40072,"23349","7218063983","TONYS",0,0,1,1
6.49,6.49,40233,"23349","7218063983","TONYS",0,0,0,4
6.49,6.49,40324,"23349","7218063983","TONYS",1,0,0,1
7.29,4.49,40534,"23349","7218063983","TONYS",0,0,1,1
6.79,6.79,39827,"23349","7218063983","TONYS",0,0,0,1
6.99,5,40912,"23349","7218063983","TONYS",0,1,0,3
6.99,6.99,40282,"26981","7192100336","TOMBSTONE",0,0,0,4
6.99,4.52,40079,"26981","7192100336","TOMBSTONE",1,1,0,50
6.59,6.59,40716,"26981","7192100336","TOMBSTONE",0,0,0,1
6.99,6.99,40219,"26981","7192100336","TOMBSTONE",0,0,0,8
6.99,6.99,40485,"26981","7192100336","TOMBSTONE",0,0,0,1
6.53,6.53,39939,"26981","7192100336","TOMBSTONE",0,0,0,5
6.99,6.99,40401,"26981","7192100336","TOMBSTONE",0,0,0,2
5.8,5.1,40912,"26981","7192100336","TOMBSTONE",1,1,0,32
7.29,7.29,40534,"13859","7218063052","TONYS",0,0,0,2
6.49,6.49,40170,"13859","7218063052","TONYS",0,0,0,5
6.49,6.49,40156,"13859","7218063052","TONYS",0,0,0,3
6.62,6.62,40254,"13859","7218063052","TONYS",0,0,0,3
7.24,7.24,40898,"13859","7218063052","TONYS",0,0,0,2
7.49,7.49,40660,"13859","7218063052","TONYS",0,0,0,4
7.29,7.29,40499,"13859","7218063052","TONYS",0,0,0,4
6.49,6.49,40205,"13859","7218063052","TONYS",0,0,0,2
6.49,6.49,40177,"13859","7218063052","TONYS",0,0,0,4
6.59,5.07,40576,"21479","7192100337","TOMBSTONE",1,0,0,21
6.59,5.5,40513,"21479","7192100337","TOMBSTONE",0,1,0,9
6.59,5.5,40506,"21479","7192100337","TOMBSTONE",0,1,0,9
6.79,5,40667,"21479","7192100337","TOMBSTONE",1,1,0,22
6.59,6.59,40212,"21479","7192100337","TOMBSTONE",0,0,0,12
6.59,6.59,40282,"21479","7192100337","TOMBSTONE",0,0,0,6
6.79,5,40730,"21479","7192100337","TOMBSTONE",1,1,0,22
6.59,6.59,40380,"21479","7192100337","TOMBSTONE",0,0,0,8
5.3,5.3,40821,"21479","7192100337","TOMBSTONE",0,0,0,8
6.79,5.27,40688,"17599","7192100339","TOMBSTONE",1,0,0,10
6.59,6.59,40044,"17599","7192100339","TOMBSTONE",0,0,0,6
6.79,5.01,40737,"17599","7192100339","TOMBSTONE",1,1,0,12
6.59,6.59,40562,"17599","7192100339","TOMBSTONE",0,0,0,2
6.59,4.99,40002,"17599","7192100339","TOMBSTONE",0,1,0,6
6.59,6.59,40401,"17599","7192100339","TOMBSTONE",0,0,0,2
5.64,5.22,40807,"17599","7192100339","TOMBSTONE",1,1,0,36
6.59,6.59,40646,"17599","7192100339","TOMBSTONE",0,0,0,3
6.29,5.99,39834,"17599","7192100339","TOMBSTONE",0,1,0,8
6.59,6.59,40212,"17599","7192100339","TOMBSTONE",0,0,0,10
5.99,5.99,40667,"2281","2066200530","KING",0,0,0,10
6.49,4.49,40723,"2281","2066200530","KING",1,0,0,17
5.99,5.99,40415,"2281","2066200530","KING",0,0,0,14
5.99,5.06,40527,"2281","2066200530","KING",0,0,1,23
5.99,5.99,40695,"2281","2066200530","KING",0,0,0,5
6.03,6.03,40639,"2281","2066200530","KING",0,0,0,14
6.59,6.59,40835,"2281","2066200530","KING",0,0,0,8
5.99,5.99,40548,"2281","2066200530","KING",0,0,0,6
5.99,5.99,40436,"2281","2066200530","KING",0,0,0,2
6.99,6.99,40898,"2281","2066200530","KING",0,0,0,4
3.33,3.33,39883,"19523","1111087396","PRIVATE LABEL",0,0,0,10
3.26,3.26,39995,"19523","1111087396","PRIVATE LABEL",0,0,0,23
3.26,3.26,39876,"19523","1111087396","PRIVATE LABEL",0,0,0,11
3.28,2.92,40114,"19523","1111087396","PRIVATE LABEL",0,0,1,8
3.58,3.23,40912,"19523","1111087396","PRIVATE LABEL",0,1,0,15
3.23,3.23,40345,"19523","1111087396","PRIVATE LABEL",0,0,0,11
3.33,3.33,40688,"19523","1111087396","PRIVATE LABEL",0,0,0,1
3.34,3.34,40324,"19523","1111087396","PRIVATE LABEL",0,0,0,5
3.29,3.29,39911,"19523","1111087396","PRIVATE LABEL",0,0,0,23
6.59,6.59,40072,"25229","7192100339","TOMBSTONE",0,0,0,27
6.59,5.49,40142,"25229","7192100339","TOMBSTONE",1,1,0,42
6.59,6.59,40646,"25229","7192100339","TOMBSTONE",1,0,0,15
6.59,4.52,40464,"25229","7192100339","TOMBSTONE",1,1,0,82
6.59,6.59,40296,"25229","7192100339","TOMBSTONE",0,0,0,23
6.59,6.59,39918,"25229","7192100339","TOMBSTONE",0,0,0,16
6.59,6.59,40177,"25229","7192100339","TOMBSTONE",0,0,0,21
6.39,6.39,39869,"25229","7192100339","TOMBSTONE",0,0,0,16
5.29,5.29,40821,"25229","7192100339","TOMBSTONE",0,0,0,32
6.59,4.47,40254,"25229","7192100339","TOMBSTONE",1,0,0,26
6.79,5.27,40688,"25229","7192100339","TOMBSTONE",0,0,1,48
6.59,6.59,40366,"25229","7192100339","TOMBSTONE",0,0,0,21
6.59,4.47,40100,"25229","7192100339","TOMBSTONE",1,0,0,46
6.38,6.38,39855,"25229","7192100339","TOMBSTONE",0,0,0,10
3.6,3.6,40772,"613","1111087395","PRIVATE LABEL",0,0,0,12
3.24,2.89,40184,"613","1111087395","PRIVATE LABEL",1,1,0,34
3.47,3.47,40863,"613","1111087395","PRIVATE LABEL",0,0,0,10
3.13,3.13,40268,"613","1111087395","PRIVATE LABEL",0,0,0,19
3.26,3.26,40422,"613","1111087395","PRIVATE LABEL",0,0,0,13
3.16,3.16,40632,"613","1111087395","PRIVATE LABEL",0,0,0,15
3.28,3.28,40898,"613","1111087395","PRIVATE LABEL",0,0,0,9
2.89,2.89,40569,"613","1111087395","PRIVATE LABEL",0,0,0,14
3.65,3.15,40912,"613","1111087395","PRIVATE LABEL",0,1,0,15
5.8,5.03,40912,"11761","7192100337","TOMBSTONE",0,1,0,29
6.99,6.99,40184,"11761","7192100337","TOMBSTONE",0,0,0,9
5.8,5.5,40877,"11761","7192100337","TOMBSTONE",1,1,0,25
6.99,6.99,40401,"11761","7192100337","TOMBSTONE",0,0,0,10
6.59,4.84,40814,"11761","7192100337","TOMBSTONE",1,1,0,30
5.8,5.8,40856,"11761","7192100337","TOMBSTONE",0,0,0,10
6.99,4.47,40247,"11761","7192100337","TOMBSTONE",1,1,0,32
6.99,6.99,40303,"11761","7192100337","TOMBSTONE",0,0,0,5
7.29,7.29,40492,"623","7218063979","TONYS",0,0,0,1
7.49,5.99,40828,"623","7218063979","TONYS",0,1,0,8
6.79,6.79,39953,"623","7218063979","TONYS",0,0,0,2
7.29,7.29,40499,"623","7218063979","TONYS",0,0,0,3
7.49,7.49,40793,"623","7218063979","TONYS",0,0,0,1
6.36,5.49,40009,"623","7218063979","TONYS",0,0,1,1
6.23,6.23,40016,"623","7218063979","TONYS",0,0,0,7
6.36,5.49,40002,"623","7218063979","TONYS",0,0,1,3
3.94,3.94,39953,"26981","1111087396","PRIVATE LABEL",0,0,0,7
3.96,3.96,39897,"26981","1111087396","PRIVATE LABEL",0,0,0,10
4.89,4.89,40093,"26981","1111087396","PRIVATE LABEL",0,0,0,1
3.28,3.28,40513,"26981","1111087396","PRIVATE LABEL",0,0,0,11
4.89,4.22,40100,"26981","1111087396","PRIVATE LABEL",0,0,1,6
4,3.34,39918,"26981","1111087396","PRIVATE LABEL",0,1,0,16
3.85,3.34,40492,"26981","1111087396","PRIVATE LABEL",0,0,1,14
5.16,3.44,40744,"26981","1111087396","PRIVATE LABEL",1,0,0,15
4,4,40814,"26981","1111087396","PRIVATE LABEL",0,0,0,3
4.21,4.21,40772,"26981","1111087396","PRIVATE LABEL",0,0,0,7
5.11,3.32,40604,"26981","1111087396","PRIVATE LABEL",1,0,0,42
3.92,3.92,40828,"19265","1111087398","PRIVATE LABEL",0,0,0,26
3.96,3.32,39827,"19265","1111087398","PRIVATE LABEL",0,0,1,42
3.94,3.94,39911,"19265","1111087398","PRIVATE LABEL",0,0,0,28
4.05,4.05,40807,"19265","1111087398","PRIVATE LABEL",0,0,0,22
4.58,3.92,40394,"19265","1111087398","PRIVATE LABEL",0,0,1,25
4.91,3.29,40597,"19265","1111087398","PRIVATE LABEL",0,1,0,71
3.27,3.27,40520,"19265","1111087398","PRIVATE LABEL",0,0,0,27
4.83,4.22,40072,"19265","1111087398","PRIVATE LABEL",0,0,1,11
4.5,4.5,40303,"19265","1111087398","PRIVATE LABEL",0,0,0,20
