grocery-store-data.csv
"BASE_PRICE","PRICE","WEEK_END_DATE","STORE_NUM","UPC","MANUFACTURER","DISPLAY","FEATURE","TPR_ONLY","UNITS"
7.89,7.89,40786,"15765","7218063983","TONYS",0,0,0,1
7.49,7.49,40835,"15765","7218063983","TONYS",0,0,0,2
7.29,7.29,40415,"15765","7218063983","TONYS",0,0,0,1
7.49,7.49,40688,"15765","7218063983","TONYS",0,0,0,2
7.29,4.99,40051,"15765","7218063983","TONYS",1,1,0,1
7.49,7.49,40639,"15765","7218063983","TONYS",0,0,0,1
6.79,4.49,39890,"15765","7218063983","TONYS",0,1,0,22
6.49,4.99,40303,"15765","7218063983","TONYS",1,1,0,6
5.79,5.79,40359,"367","7218063052","TONYS",0,0,0,1
6.89,6.89,40492,"367","7218063052","TONYS",0,0,0,3
6.46,4.99,39855,"367","7218063052","TONYS",0,1,0,6
6.38,6.38,40044,"367","7218063052","TONYS",0,0,0,2
6.89,6.89,40604,"367","7218063052","TONYS",0,0,0,3
5.79,5.79,40366,"367","7218063052","TONYS",0,0,0,2
6.89,4.99,40100,"367","7218063052","TONYS",0,1,0,5
6.46,4.49,39897,"367","7218063052","TONYS",0,0,1,10
3.33,3.33,39876,"21479","1111087395","PRIVATE LABEL",0,0,0,5
3.28,3.28,39904,"21479","1111087395","PRIVATE LABEL",0,0,0,12
3.25,3.25,40653,"21479","1111087395","PRIVATE LABEL",0,0,0,8
3.31,3.27,40667,"21479","1111087395","PRIVATE LABEL",0,1,0,19
3.06,3.06,39883,"21479","1111087395","PRIVATE LABEL",0,0,0,12
3.27,3.27,39932,"21479","1111087395","PRIVATE LABEL",0,0,0,11
3.33,2.93,40527,"21479","1111087395","PRIVATE LABEL",0,1,0,10
3.32,3.32,40135,"21479","1111087395","PRIVATE LABEL",0,0,0,18
3.25,3.25,40149,"21479","1111087395","PRIVATE LABEL",0,0,0,15
3.66,3.66,40709,"21479","1111087395","PRIVATE LABEL",0,0,0,6
3.79,3.79,40842,"21479","1111087395","PRIVATE LABEL",0,0,0,1
6.79,6.79,39911,"25253","7218063052","TONYS",0,0,0,1
7.49,5.14,40863,"25253","7218063052","TONYS",0,1,0,10
7.29,7.29,40471,"25253","7218063052","TONYS",0,0,0,1
7.89,7.89,40716,"25253","7218063052","TONYS",0,0,0,3
6.49,6.49,40205,"25253","7218063052","TONYS",0,0,0,2
7.29,4.99,40569,"25253","7218063052","TONYS",0,1,0,1
6.79,6.79,39869,"25253","7218063052","TONYS",0,0,0,2
7.89,4.99,40751,"25253","7218063052","TONYS",1,1,0,7
6.49,6.49,40324,"25253","7218063052","TONYS",0,0,0,1
3.29,3.29,40317,"25261","1111087396","PRIVATE LABEL",0,0,0,29
3.61,3.61,40835,"25261","1111087396","PRIVATE LABEL",0,0,0,22
2.98,2.98,40261,"25261","1111087396","PRIVATE LABEL",0,0,0,7
3.23,3.23,40359,"25261","1111087396","PRIVATE LABEL",0,0,0,31
3.7,3.7,40793,"25261","1111087396","PRIVATE LABEL",0,0,0,12
3.29,3.29,40023,"25261","1111087396","PRIVATE LABEL",0,0,0,37
3.27,3.27,40429,"25261","1111087396","PRIVATE LABEL",0,0,0,16
3.33,3.33,39960,"25261","1111087396","PRIVATE LABEL",0,0,0,14
3.28,3.28,39848,"25261","1111087396","PRIVATE LABEL",0,0,0,32
3.24,3.24,40205,"25261","1111087396","PRIVATE LABEL",0,0,0,30
3.25,3.25,39890,"25261","1111087396","PRIVATE LABEL",0,0,0,23
7.19,4.77,40625,"15531","7192100336","TOMBSTONE",1,1,0,23
6.99,6.99,40226,"15531","7192100336","TOMBSTONE",0,0,0,3
7.19,5,40667,"15531","7192100336","TOMBSTONE",1,1,0,17
5.99,5.49,39911,"15531","7192100336","TOMBSTONE",0,1,0,8
6.29,5.6,39967,"15531","7192100336","TOMBSTONE",1,1,0,7
6.99,4.99,40429,"15531","7192100336","TOMBSTONE",0,0,1,6
6.99,6.99,40121,"15531","7192100336","TOMBSTONE",0,0,0,4
6.99,6.99,40555,"15531","7192100336","TOMBSTONE",0,0,0,5
6.59,6.59,40072,"19533","7192100337","TOMBSTONE",0,0,0,20
6.41,6.41,40590,"19533","7192100337","TOMBSTONE",0,0,0,9
6.59,6.59,40541,"19533","7192100337","TOMBSTONE",0,0,0,13
6.59,5.12,40436,"19533","7192100337","TOMBSTONE",1,0,0,25
6.59,6.59,40107,"19533","7192100337","TOMBSTONE",0,0,0,18
6.59,6.59,40030,"19533","7192100337","TOMBSTONE",0,0,0,23
6.59,5.02,40205,"19533","7192100337","TOMBSTONE",1,1,0,50
6.79,5.27,40716,"19533","7192100337","TOMBSTONE",0,0,1,10
7.89,7.89,40723,"2523","7218063052","TONYS",0,0,0,3
6.49,6.49,40331,"2523","7218063052","TONYS",0,0,0,3
6.49,4.99,40240,"2523","7218063052","TONYS",0,1,0,5
7.49,7.49,40807,"2523","7218063052","TONYS",0,0,0,1
6.49,6.49,40170,"2523","7218063052","TONYS",0,0,0,3
7.29,4.49,40478,"2523","7218063052","TONYS",0,1,0,12
7.29,4.49,40485,"2523","7218063052","TONYS",0,1,0,1
7.29,7.29,40576,"2523","7218063052","TONYS",0,0,0,3
3.92,3.32,40387,"13837","1111087396","PRIVATE LABEL",1,0,0,18
3.92,3.26,39890,"13837","1111087396","PRIVATE LABEL",1,0,0,39
3.92,3.28,40100,"13837","1111087396","PRIVATE LABEL",1,0,0,43
3.92,3.24,40037,"13837","1111087396","PRIVATE LABEL",0,0,1,24
3.23,3.3,40667,"13837","1111087396","PRIVATE LABEL",1,1,0,20
3.92,3.28,40352,"13837","1111087396","PRIVATE LABEL",1,0,0,32
3.25,3.26,40604,"13837","1111087396","PRIVATE LABEL",1,0,0,17
3.92,3.25,40219,"13837","1111087396","PRIVATE LABEL",1,0,0,35
4.79,3.66,40275,"21227","1111087398","PRIVATE LABEL",1,0,0,26
3.32,3.32,40555,"21227","1111087398","PRIVATE LABEL",1,0,0,44
3.47,3.47,40737,"21227","1111087398","PRIVATE LABEL",0,0,0,14
4,4,40016,"21227","1111087398","PRIVATE LABEL",0,0,0,10
3.9,3.28,39939,"21227","1111087398","PRIVATE LABEL",0,1,0,38
4.84,4.84,40121,"21227","1111087398","PRIVATE LABEL",0,0,0,10
4,4,40023,"21227","1111087398","PRIVATE LABEL",0,0,0,17
4.79,4.79,40366,"21227","1111087398","PRIVATE LABEL",0,0,0,10
5.29,3.96,40709,"21227","1111087398","PRIVATE LABEL",0,0,1,21
3.85,3.85,40800,"21227","1111087398","PRIVATE LABEL",0,0,0,17
5.8,5,40912,"15541","7192100337","TOMBSTONE",1,1,0,22
7.19,7.19,40646,"15541","7192100337","TOMBSTONE",0,0,0,2
6.99,4.99,40450,"15541","7192100337","TOMBSTONE",0,0,1,5
7.19,4.77,40625,"15541","7192100337","TOMBSTONE",1,1,0,18
6.59,6.59,40695,"15541","7192100337","TOMBSTONE",0,0,0,3
5.8,5.8,40856,"15541","7192100337","TOMBSTONE",0,0,0,13
6.59,5.64,40800,"15541","7192100337","TOMBSTONE",0,0,1,12
6.99,6.99,40338,"15541","7192100337","TOMBSTONE",0,0,0,2
6.99,4.99,40583,"15541","7192100337","TOMBSTONE",1,1,0,42
7.49,7.49,40030,"15541","7192100337","TOMBSTONE",0,0,0,5
6.99,4.99,40415,"15541","7192100337","TOMBSTONE",0,1,0,18
3.27,3.27,40107,"23345","1111087398","PRIVATE LABEL",0,0,0,5
3.24,3.24,40212,"23345","1111087398","PRIVATE LABEL",0,0,0,13
3.34,2.92,40555,"23345","1111087398","PRIVATE LABEL",1,0,0,12
3.79,3.79,40765,"23345","1111087398","PRIVATE LABEL",0,0,0,5
3.34,3.34,40037,"23345","1111087398","PRIVATE LABEL",0,0,0,3
3.3,3.3,40191,"23345","1111087398","PRIVATE LABEL",0,0,0,16
3.27,3.27,40387,"23345","1111087398","PRIVATE LABEL",0,0,0,5
3.3,2.99,40177,"23345","1111087398","PRIVATE LABEL",1,1,0,10
3.33,3.33,40352,"23345","1111087398","PRIVATE LABEL",0,0,0,3
3.33,3.33,40030,"23345","1111087398","PRIVATE LABEL",0,0,0,8
3.34,3.34,40072,"23345","1111087398","PRIVATE LABEL",0,0,0,8
3.5,3.5,40877,"13853","1111087396","PRIVATE LABEL",0,0,0,6
3.21,3.21,40408,"13853","1111087396","PRIVATE LABEL",0,0,0,10
3.17,2.9,40170,"13853","1111087396","PRIVATE LABEL",1,0,0,14
3.15,3.15,40254,"13853","1111087396","PRIVATE LABEL",0,0,0,7
2.93,3.23,40674,"13853","1111087396","PRIVATE LABEL",1,0,0,15
2.98,2.98,40513,"13853","1111087396","PRIVATE LABEL",0,0,0,14
3.34,3.34,40205,"13853","1111087396","PRIVATE LABEL",0,0,0,4
3.24,3.24,40436,"13853","1111087396","PRIVATE LABEL",0,0,0,12
6.99,6.99,40905,"15765","2066200530","KING",0,0,0,2
6.49,4.99,40793,"15765","2066200530","KING",0,0,1,8
6.49,6.49,40786,"15765","2066200530","KING",0,0,0,3
5.99,5.99,40492,"15765","2066200530","KING",0,0,0,9
6.49,6.49,40352,"15765","2066200530","KING",0,0,0,1
6.49,6.49,40324,"15765","2066200530","KING",0,0,0,2
6.49,6.49,40303,"15765","2066200530","KING",0,0,0,3
5.99,5.99,40506,"15765","2066200530","KING",0,0,0,6
6.59,6.59,40534,"12011","7192100339","TOMBSTONE",0,0,0,6
6.79,5,40730,"12011","7192100339","TOMBSTONE",1,1,0,27
6.59,6.59,40030,"12011","7192100339","TOMBSTONE",0,0,0,5
6.59,5.49,40142,"12011","7192100339","TOMBSTONE",0,1,0,17
6.79,6.79,40674,"12011","7192100339","TOMBSTONE",0,0,0,3
6.59,4.51,40086,"12011","7192100339","TOMBSTONE",1,1,0,54
6.59,5.49,40149,"12011","7192100339","TOMBSTONE",0,1,0,13
6.59,4.9,40618,"12011","7192100339","TOMBSTONE",0,1,0,14
6.59,6.59,40541,"12011","7192100339","TOMBSTONE",0,0,0,5
6.59,4.99,40408,"12011","7192100339","TOMBSTONE",0,1,0,24
6.59,6.59,40485,"12011","7192100339","TOMBSTONE",0,0,0,9
3.26,3.26,40471,"17599","1111087398","PRIVATE LABEL",0,0,0,13
3.28,2.9,40569,"17599","1111087398","PRIVATE LABEL",1,0,0,17
3.3,3.19,39946,"17599","1111087398","PRIVATE LABEL",0,1,0,20
3.21,3.21,40317,"17599","1111087398","PRIVATE LABEL",0,0,0,18
3.52,3.24,40912,"17599","1111087398","PRIVATE LABEL",1,1,0,22
3.74,3.74,40779,"17599","1111087398","PRIVATE LABEL",0,0,0,7
3.28,2.9,40576,"17599","1111087398","PRIVATE LABEL",0,0,1,16
3.28,2.94,40541,"17599","1111087398","PRIVATE LABEL",0,0,1,11
3.28,3.28,40226,"17599","1111087398","PRIVATE LABEL",0,0,0,20
3.34,3.34,40128,"11993","1111087398","PRIVATE LABEL",0,0,0,6
3.34,3.34,40100,"11993","1111087398","PRIVATE LABEL",0,0,0,8
3.29,3.29,40338,"11993","1111087398","PRIVATE LABEL",0,0,0,7
3.33,3.33,40695,"11993","1111087398","PRIVATE LABEL",0,0,0,9
3.34,3.34,40072,"11993","1111087398","PRIVATE LABEL",0,0,0,22
3.34,3.34,39960,"11993","1111087398","PRIVATE LABEL",0,0,0,6
3.21,3.21,40282,"11993","1111087398","PRIVATE LABEL",0,0,0,6
3.31,3.31,39904,"11993","1111087398","PRIVATE LABEL",0,0,0,15
3.22,3.22,40695,"2495","1111087395","PRIVATE LABEL",0,0,0,9
3.25,3.25,40632,"2495","1111087395","PRIVATE LABEL",0,0,0,8
3.28,3.28,40268,"2495","1111087395","PRIVATE LABEL",0,0,0,6
3.21,3.21,40296,"2495","1111087395","PRIVATE LABEL",0,0,0,13
3.26,3.26,39988,"2495","1111087395","PRIVATE LABEL",0,0,0,14
3.21,2.95,40170,"2495","1111087395","PRIVATE LABEL",1,0,0,20
3.1,3.1,39876,"2495","1111087395","PRIVATE LABEL",0,0,0,17
3.27,3.27,40240,"2495","1111087395","PRIVATE LABEL",0,0,0,14
6.59,4.47,40079,"19521","7192100336","TOMBSTONE",1,1,0,30
6.06,6.06,40275,"19521","7192100336","TOMBSTONE",0,0,0,8
6.59,6.59,40233,"19521","7192100336","TOMBSTONE",0,0,0,9
6.59,4.99,40450,"19521","7192100336","TOMBSTONE",0,0,1,7
6.59,6.59,40058,"19521","7192100336","TOMBSTONE",0,0,0,2
6.59,6.59,40646,"19521","7192100336","TOMBSTONE",0,0,0,6
6.59,4.99,39960,"19521","7192100336","TOMBSTONE",0,1,0,5
5.99,5.99,39883,"19521","7192100336","TOMBSTONE",0,0,0,2
6.59,6.59,39988,"19521","7192100336","TOMBSTONE",0,0,0,3
6.59,4.47,40093,"19521","7192100336","TOMBSTONE",1,0,0,19
